<?xml version="1.0" encoding="ISO-8859-1" ?>
<link_info>
   <banner>TI ARM Clang Linker PC v3.2.1.LTS</banner>
   <copyright>Copyright (c) 1996-2018 Texas Instruments Incorporated</copyright>
   <link_time>0x65f9c7ff</link_time>
   <link_errors>0x0</link_errors>
   <output_file>C:\Users\fredj\workspace_v12\uart2echo_CC3220S_LAUNCHXL_nortos_ticlang\MCU+Image\uart2echo_CC3220S_LAUNCHXL_nortos_ticlang.out</output_file>
   <entry_point>
      <name>resetISR</name>
      <address>0x2000fc79</address>
   </entry_point>
   <input_file_list>
      <input_file id="fl-1">
         <path>C:\Users\fredj\workspace_v12\uart2echo_CC3220S_LAUNCHXL_nortos_ticlang\MCU+Image\.\</path>
         <kind>object</kind>
         <file>main_nortos.o</file>
         <name>main_nortos.o</name>
      </input_file>
      <input_file id="fl-2">
         <path>C:\Users\fredj\workspace_v12\uart2echo_CC3220S_LAUNCHXL_nortos_ticlang\MCU+Image\.\</path>
         <kind>object</kind>
         <file>uart2echo.o</file>
         <name>uart2echo.o</name>
      </input_file>
      <input_file id="fl-3">
         <path>C:\Users\fredj\workspace_v12\uart2echo_CC3220S_LAUNCHXL_nortos_ticlang\MCU+Image\.\syscfg\</path>
         <kind>object</kind>
         <file>ti_drivers_config.o</file>
         <name>ti_drivers_config.o</name>
      </input_file>
      <input_file id="fl-13">
         <path>C:\Users\fredj\workspace_v12\uart2echo_CC3220S_LAUNCHXL_nortos_ticlang\MCU+Image\</path>
         <kind>object</kind>
         <file>&lt;internal&gt;</file>
         <name>&lt;internal&gt;</name>
      </input_file>
      <input_file id="fl-14">
         <path>C:\ti\simplelink_cc32xx_sdk_7_10_00_13\source\ti\drivers\lib\ticlang\m4\</path>
         <kind>archive</kind>
         <file>drivers_cc32xx.a</file>
         <name>GPIOCC32XX.c.obj</name>
      </input_file>
      <input_file id="fl-15">
         <path>C:\ti\simplelink_cc32xx_sdk_7_10_00_13\source\ti\drivers\lib\ticlang\m4\</path>
         <kind>archive</kind>
         <file>drivers_cc32xx.a</file>
         <name>PowerCC32XX.c.obj</name>
      </input_file>
      <input_file id="fl-16">
         <path>C:\ti\simplelink_cc32xx_sdk_7_10_00_13\source\ti\drivers\lib\ticlang\m4\</path>
         <kind>archive</kind>
         <file>drivers_cc32xx.a</file>
         <name>PowerCC32XX_ticlang.asm.obj</name>
      </input_file>
      <input_file id="fl-17">
         <path>C:\ti\simplelink_cc32xx_sdk_7_10_00_13\source\ti\drivers\lib\ticlang\m4\</path>
         <kind>archive</kind>
         <file>drivers_cc32xx.a</file>
         <name>UART2.c.obj</name>
      </input_file>
      <input_file id="fl-18">
         <path>C:\ti\simplelink_cc32xx_sdk_7_10_00_13\source\ti\drivers\lib\ticlang\m4\</path>
         <kind>archive</kind>
         <file>drivers_cc32xx.a</file>
         <name>UART2CC32XX.c.obj</name>
      </input_file>
      <input_file id="fl-19">
         <path>C:\ti\simplelink_cc32xx_sdk_7_10_00_13\source\ti\drivers\lib\ticlang\m4\</path>
         <kind>archive</kind>
         <file>drivers_cc32xx.a</file>
         <name>List.c.obj</name>
      </input_file>
      <input_file id="fl-1a">
         <path>C:\ti\simplelink_cc32xx_sdk_7_10_00_13\source\ti\drivers\lib\ticlang\m4\</path>
         <kind>archive</kind>
         <file>drivers_cc32xx.a</file>
         <name>RingBuf.c.obj</name>
      </input_file>
      <input_file id="fl-1b">
         <path>C:\ti\simplelink_cc32xx_sdk_7_10_00_13\source\ti\drivers\lib\ticlang\m4\</path>
         <kind>archive</kind>
         <file>drivers_cc32xx.a</file>
         <name>UDMACC32XX.c.obj</name>
      </input_file>
      <input_file id="fl-1c">
         <path>C:\ti\simplelink_cc32xx_sdk_7_10_00_13\kernel\nortos\lib\ticlang\m4\</path>
         <kind>archive</kind>
         <file>nortos_cc32xx.a</file>
         <name>NoRTOS.c.obj</name>
      </input_file>
      <input_file id="fl-1d">
         <path>C:\ti\simplelink_cc32xx_sdk_7_10_00_13\kernel\nortos\lib\ticlang\m4\</path>
         <kind>archive</kind>
         <file>nortos_cc32xx.a</file>
         <name>SemaphoreP_nortos.c.obj</name>
      </input_file>
      <input_file id="fl-1e">
         <path>C:\ti\simplelink_cc32xx_sdk_7_10_00_13\kernel\nortos\lib\ticlang\m4\</path>
         <kind>archive</kind>
         <file>nortos_cc32xx.a</file>
         <name>ClockPSysTick_nortos.c.obj</name>
      </input_file>
      <input_file id="fl-1f">
         <path>C:\ti\simplelink_cc32xx_sdk_7_10_00_13\kernel\nortos\lib\ticlang\m4\</path>
         <kind>archive</kind>
         <file>nortos_cc32xx.a</file>
         <name>HwiPCC32XX_nortos.c.obj</name>
      </input_file>
      <input_file id="fl-20">
         <path>C:\ti\simplelink_cc32xx_sdk_7_10_00_13\kernel\nortos\lib\ticlang\m4\</path>
         <kind>archive</kind>
         <file>nortos_cc32xx.a</file>
         <name>PowerCC32XX_nortos.c.obj</name>
      </input_file>
      <input_file id="fl-21">
         <path>C:\ti\simplelink_cc32xx_sdk_7_10_00_13\kernel\nortos\lib\ticlang\m4\</path>
         <kind>archive</kind>
         <file>nortos_cc32xx.a</file>
         <name>startup_cc32xx_ticlang.c.obj</name>
      </input_file>
      <input_file id="fl-22">
         <path>C:\ti\simplelink_cc32xx_sdk_7_10_00_13\kernel\nortos\lib\ticlang\m4\</path>
         <kind>archive</kind>
         <file>nortos_cc32xx.a</file>
         <name>SwiP_nortos.c.obj</name>
      </input_file>
      <input_file id="fl-23">
         <path>C:\ti\simplelink_cc32xx_sdk_7_10_00_13\source\ti\devices\cc32xx\driverlib\ticlang\Release\</path>
         <kind>archive</kind>
         <file>driverlib.a</file>
         <name>cpu.obj</name>
      </input_file>
      <input_file id="fl-24">
         <path>C:\ti\simplelink_cc32xx_sdk_7_10_00_13\source\ti\devices\cc32xx\driverlib\ticlang\Release\</path>
         <kind>archive</kind>
         <file>driverlib.a</file>
         <name>gpio.obj</name>
      </input_file>
      <input_file id="fl-25">
         <path>C:\ti\simplelink_cc32xx_sdk_7_10_00_13\source\ti\devices\cc32xx\driverlib\ticlang\Release\</path>
         <kind>archive</kind>
         <file>driverlib.a</file>
         <name>hwspinlock.obj</name>
      </input_file>
      <input_file id="fl-26">
         <path>C:\ti\simplelink_cc32xx_sdk_7_10_00_13\source\ti\devices\cc32xx\driverlib\ticlang\Release\</path>
         <kind>archive</kind>
         <file>driverlib.a</file>
         <name>interrupt.obj</name>
      </input_file>
      <input_file id="fl-27">
         <path>C:\ti\simplelink_cc32xx_sdk_7_10_00_13\source\ti\devices\cc32xx\driverlib\ticlang\Release\</path>
         <kind>archive</kind>
         <file>driverlib.a</file>
         <name>pin.obj</name>
      </input_file>
      <input_file id="fl-28">
         <path>C:\ti\simplelink_cc32xx_sdk_7_10_00_13\source\ti\devices\cc32xx\driverlib\ticlang\Release\</path>
         <kind>archive</kind>
         <file>driverlib.a</file>
         <name>prcm.obj</name>
      </input_file>
      <input_file id="fl-29">
         <path>C:\ti\simplelink_cc32xx_sdk_7_10_00_13\source\ti\devices\cc32xx\driverlib\ticlang\Release\</path>
         <kind>archive</kind>
         <file>driverlib.a</file>
         <name>spi.obj</name>
      </input_file>
      <input_file id="fl-2a">
         <path>C:\ti\simplelink_cc32xx_sdk_7_10_00_13\source\ti\devices\cc32xx\driverlib\ticlang\Release\</path>
         <kind>archive</kind>
         <file>driverlib.a</file>
         <name>systick.obj</name>
      </input_file>
      <input_file id="fl-2b">
         <path>C:\ti\simplelink_cc32xx_sdk_7_10_00_13\source\ti\devices\cc32xx\driverlib\ticlang\Release\</path>
         <kind>archive</kind>
         <file>driverlib.a</file>
         <name>uart.obj</name>
      </input_file>
      <input_file id="fl-2c">
         <path>C:\ti\simplelink_cc32xx_sdk_7_10_00_13\source\ti\devices\cc32xx\driverlib\ticlang\Release\</path>
         <kind>archive</kind>
         <file>driverlib.a</file>
         <name>udma.obj</name>
      </input_file>
      <input_file id="fl-2d">
         <path>C:\ti\simplelink_cc32xx_sdk_7_10_00_13\source\ti\devices\cc32xx\driverlib\ticlang\Release\</path>
         <kind>archive</kind>
         <file>driverlib.a</file>
         <name>utils.obj</name>
      </input_file>
      <input_file id="fl-2e">
         <path>C:\ti\simplelink_cc32xx_sdk_7_10_00_13\source\ti\devices\cc32xx\driverlib\ticlang\Release\</path>
         <kind>archive</kind>
         <file>driverlib.a</file>
         <name>flash.obj</name>
      </input_file>
      <input_file id="fl-3d">
         <path>C:\ti\ccs1260\ccs\tools\compiler\ti-cgt-armllvm_3.2.1.LTS\lib\armv7em-ti-none-eabi\c\</path>
         <kind>archive</kind>
         <file>libc.a</file>
         <name>memory.c.obj</name>
      </input_file>
      <input_file id="fl-3e">
         <path>C:\ti\ccs1260\ccs\tools\compiler\ti-cgt-armllvm_3.2.1.LTS\lib\armv7em-ti-none-eabi\c\</path>
         <kind>archive</kind>
         <file>libc.a</file>
         <name>copy_zero_init.c.obj</name>
      </input_file>
      <input_file id="fl-3f">
         <path>C:\ti\ccs1260\ccs\tools\compiler\ti-cgt-armllvm_3.2.1.LTS\lib\armv7em-ti-none-eabi\c\</path>
         <kind>archive</kind>
         <file>libc.a</file>
         <name>copy_decompress_none.c.obj</name>
      </input_file>
      <input_file id="fl-40">
         <path>C:\ti\ccs1260\ccs\tools\compiler\ti-cgt-armllvm_3.2.1.LTS\lib\armv7em-ti-none-eabi\c\</path>
         <kind>archive</kind>
         <file>libc.a</file>
         <name>copy_decompress_lzss.c.obj</name>
      </input_file>
      <input_file id="fl-41">
         <path>C:\ti\ccs1260\ccs\tools\compiler\ti-cgt-armllvm_3.2.1.LTS\lib\armv7em-ti-none-eabi\c\</path>
         <kind>archive</kind>
         <file>libc.a</file>
         <name>boot_cortex_m.c.obj</name>
      </input_file>
      <input_file id="fl-42">
         <path>C:\ti\ccs1260\ccs\tools\compiler\ti-cgt-armllvm_3.2.1.LTS\lib\armv7em-ti-none-eabi\c\</path>
         <kind>archive</kind>
         <file>libc.a</file>
         <name>mathacl_init.c.obj</name>
      </input_file>
      <input_file id="fl-43">
         <path>C:\ti\ccs1260\ccs\tools\compiler\ti-cgt-armllvm_3.2.1.LTS\lib\armv7em-ti-none-eabi\c\</path>
         <kind>archive</kind>
         <file>libc.a</file>
         <name>exit.c.obj</name>
      </input_file>
      <input_file id="fl-44">
         <path>C:\ti\ccs1260\ccs\tools\compiler\ti-cgt-armllvm_3.2.1.LTS\lib\armv7em-ti-none-eabi\c\</path>
         <kind>archive</kind>
         <file>libc.a</file>
         <name>_lock.c.obj</name>
      </input_file>
      <input_file id="fl-45">
         <path>C:\ti\ccs1260\ccs\tools\compiler\ti-cgt-armllvm_3.2.1.LTS\lib\armv7em-ti-none-eabi\c\</path>
         <kind>archive</kind>
         <file>libc.a</file>
         <name>args_main.c.obj</name>
      </input_file>
      <input_file id="fl-46">
         <path>C:\ti\ccs1260\ccs\tools\compiler\ti-cgt-armllvm_3.2.1.LTS\lib\armv7em-ti-none-eabi\c\</path>
         <kind>archive</kind>
         <file>libc.a</file>
         <name>autoinit.c.obj</name>
      </input_file>
      <input_file id="fl-47">
         <path>C:\ti\ccs1260\ccs\tools\compiler\ti-cgt-armllvm_3.2.1.LTS\lib\armv7em-ti-none-eabi\c\</path>
         <kind>archive</kind>
         <file>libc.a</file>
         <name>pre_init.c.obj</name>
      </input_file>
      <input_file id="fl-48">
         <path>C:\ti\ccs1260\ccs\tools\compiler\ti-cgt-armllvm_3.2.1.LTS\lib\armv7em-ti-none-eabi\c\</path>
         <kind>archive</kind>
         <file>libc.a</file>
         <name>cpy_tbl.c.obj</name>
      </input_file>
      <input_file id="fl-ae">
         <path>C:\ti\ccs1260\ccs\tools\compiler\ti-cgt-armllvm_3.2.1.LTS\lib\clang\15.0.7\lib\armv7em-ti-none-eabi\</path>
         <kind>archive</kind>
         <file>libclang_rt.builtins.a</file>
         <name>aeabi_memcpy.S.obj</name>
      </input_file>
      <input_file id="fl-af">
         <path>C:\ti\ccs1260\ccs\tools\compiler\ti-cgt-armllvm_3.2.1.LTS\lib\clang\15.0.7\lib\armv7em-ti-none-eabi\</path>
         <kind>archive</kind>
         <file>libclang_rt.builtins.a</file>
         <name>aeabi_memset.S.obj</name>
      </input_file>
      <input_file id="fl-b0">
         <path>C:\ti\ccs1260\ccs\tools\compiler\ti-cgt-armllvm_3.2.1.LTS\lib\clang\15.0.7\lib\armv7em-ti-none-eabi\</path>
         <kind>archive</kind>
         <file>libclang_rt.builtins.a</file>
         <name>aeabi_uldivmod.S.obj</name>
      </input_file>
      <input_file id="fl-b1">
         <path>C:\ti\ccs1260\ccs\tools\compiler\ti-cgt-armllvm_3.2.1.LTS\lib\clang\15.0.7\lib\armv7em-ti-none-eabi\</path>
         <kind>archive</kind>
         <file>libclang_rt.builtins.a</file>
         <name>udivmoddi4.S.obj</name>
      </input_file>
      <input_file id="fl-b2">
         <path>C:\ti\ccs1260\ccs\tools\compiler\ti-cgt-armllvm_3.2.1.LTS\lib\clang\15.0.7\lib\armv7em-ti-none-eabi\</path>
         <kind>archive</kind>
         <file>libclang_rt.builtins.a</file>
         <name>aeabi_div0.c.obj</name>
      </input_file>
      <input_file id="fl-b3">
         <path>C:\ti\ccs1260\ccs\tools\compiler\ti-cgt-armllvm_3.2.1.LTS\lib\armv7em-ti-none-eabi\c\</path>
         <kind>archive</kind>
         <file>libc.a</file>
         <name>memcpy_t2.S.obj</name>
      </input_file>
      <input_file id="fl-b4">
         <path>C:\ti\ccs1260\ccs\tools\compiler\ti-cgt-armllvm_3.2.1.LTS\lib\armv7em-ti-none-eabi\c\</path>
         <kind>archive</kind>
         <file>libc.a</file>
         <name>memset_t2.S.obj</name>
      </input_file>
   </input_file_list>
   <object_component_list>
      <object_component id="oc-d2">
         <name>.text.PRCMCC3200MCUInit</name>
         <load_address>0x2000c040</load_address>
         <readonly>true</readonly>
         <executable>true</executable>
         <run_address>0x2000c040</run_address>
         <size>0x4b8</size>
         <alignment>0x2</alignment>
         <input_file_ref idref="fl-28"/>
      </object_component>
      <object_component id="oc-208">
         <name>.text.Power_sleep</name>
         <load_address>0x2000c4f8</load_address>
         <readonly>true</readonly>
         <executable>true</executable>
         <run_address>0x2000c4f8</run_address>
         <size>0x3e4</size>
         <alignment>0x4</alignment>
         <input_file_ref idref="fl-15"/>
      </object_component>
      <object_component id="oc-16a">
         <name>.text.UART2CC32XX_hwiIntFxn</name>
         <load_address>0x2000c8dc</load_address>
         <readonly>true</readonly>
         <executable>true</executable>
         <run_address>0x2000c8dc</run_address>
         <size>0x222</size>
         <alignment>0x2</alignment>
         <input_file_ref idref="fl-18"/>
      </object_component>
      <object_component id="oc-1ef">
         <name>.text.UART2_readTimeout</name>
         <load_address>0x2000cafe</load_address>
         <readonly>true</readonly>
         <executable>true</executable>
         <run_address>0x2000cafe</run_address>
         <size>0x1d2</size>
         <alignment>0x2</alignment>
         <input_file_ref idref="fl-17"/>
      </object_component>
      <object_component id="oc-f3">
         <name>.text.UART2_open</name>
         <load_address>0x2000ccd0</load_address>
         <readonly>true</readonly>
         <executable>true</executable>
         <run_address>0x2000ccd0</run_address>
         <size>0x1cc</size>
         <alignment>0x4</alignment>
         <input_file_ref idref="fl-18"/>
      </object_component>
      <object_component id="oc-1ee">
         <name>.text.UART2_writeTimeoutBlocking</name>
         <load_address>0x2000ce9c</load_address>
         <readonly>true</readonly>
         <executable>true</executable>
         <run_address>0x2000ce9c</run_address>
         <size>0x174</size>
         <alignment>0x2</alignment>
         <input_file_ref idref="fl-17"/>
      </object_component>
      <object_component id="oc-189">
         <name>.text.PowerCC32XX_sleepPolicy</name>
         <load_address>0x2000d010</load_address>
         <readonly>true</readonly>
         <executable>true</executable>
         <run_address>0x2000d010</run_address>
         <size>0x150</size>
         <alignment>0x4</alignment>
         <input_file_ref idref="fl-20"/>
      </object_component>
      <object_component id="oc-ed">
         <name>.text.GPIO_setConfig</name>
         <load_address>0x2000d160</load_address>
         <readonly>true</readonly>
         <executable>true</executable>
         <run_address>0x2000d160</run_address>
         <size>0x140</size>
         <alignment>0x4</alignment>
         <input_file_ref idref="fl-14"/>
      </object_component>
      <object_component id="oc-217">
         <name>.text.aligned_alloc</name>
         <load_address>0x2000d2a0</load_address>
         <readonly>true</readonly>
         <executable>true</executable>
         <run_address>0x2000d2a0</run_address>
         <size>0x120</size>
         <alignment>0x4</alignment>
         <input_file_ref idref="fl-3d"/>
      </object_component>
      <object_component id="oc-1ed">
         <name>.text.UART2_writeTimeoutNonblocking</name>
         <load_address>0x2000d3c0</load_address>
         <readonly>true</readonly>
         <executable>true</executable>
         <run_address>0x2000d3c0</run_address>
         <size>0x11a</size>
         <alignment>0x2</alignment>
         <input_file_ref idref="fl-17"/>
      </object_component>
      <object_component id="oc-232">
         <name>.text.uDMAChannelTransferSet</name>
         <load_address>0x2000d4da</load_address>
         <readonly>true</readonly>
         <executable>true</executable>
         <run_address>0x2000d4da</run_address>
         <size>0x112</size>
         <alignment>0x2</alignment>
         <input_file_ref idref="fl-2c"/>
      </object_component>
      <object_component id="oc-190">
         <name>.text.free</name>
         <load_address>0x2000d5ec</load_address>
         <readonly>true</readonly>
         <executable>true</executable>
         <run_address>0x2000d5ec</run_address>
         <size>0xf0</size>
         <alignment>0x4</alignment>
         <input_file_ref idref="fl-3d"/>
      </object_component>
      <object_component id="oc-165">
         <name>.text.UART2_close</name>
         <load_address>0x2000d6dc</load_address>
         <readonly>true</readonly>
         <executable>true</executable>
         <run_address>0x2000d6dc</run_address>
         <size>0xe8</size>
         <alignment>0x4</alignment>
         <input_file_ref idref="fl-18"/>
      </object_component>
      <object_component id="oc-b0">
         <name>.text.mainThread</name>
         <load_address>0x2000d7c4</load_address>
         <readonly>true</readonly>
         <executable>true</executable>
         <run_address>0x2000d7c4</run_address>
         <size>0xe4</size>
         <alignment>0x4</alignment>
         <input_file_ref idref="fl-2"/>
      </object_component>
      <object_component id="oc-1e9">
         <name>.text.UART2Support_dmaStartRx</name>
         <load_address>0x2000d8a8</load_address>
         <readonly>true</readonly>
         <executable>true</executable>
         <run_address>0x2000d8a8</run_address>
         <size>0xcc</size>
         <alignment>0x4</alignment>
         <input_file_ref idref="fl-18"/>
      </object_component>
      <object_component id="oc-225">
         <name>.text.IntDisable</name>
         <load_address>0x2000d974</load_address>
         <readonly>true</readonly>
         <executable>true</executable>
         <run_address>0x2000d974</run_address>
         <size>0xc8</size>
         <alignment>0x2</alignment>
         <input_file_ref idref="fl-26"/>
      </object_component>
      <object_component id="oc-1d1">
         <name>.text.IntEnable</name>
         <load_address>0x2000da3c</load_address>
         <readonly>true</readonly>
         <executable>true</executable>
         <run_address>0x2000da3c</run_address>
         <size>0xc8</size>
         <alignment>0x2</alignment>
         <input_file_ref idref="fl-26"/>
      </object_component>
      <object_component id="oc-161">
         <name>.text.UART2CC32XX_initHw</name>
         <load_address>0x2000db04</load_address>
         <readonly>true</readonly>
         <executable>true</executable>
         <run_address>0x2000db04</run_address>
         <size>0xc4</size>
         <alignment>0x4</alignment>
         <input_file_ref idref="fl-18"/>
      </object_component>
      <object_component id="oc-1ec">
         <name>.text.UART2Support_dmaStartTx</name>
         <load_address>0x2000dbc8</load_address>
         <readonly>true</readonly>
         <executable>true</executable>
         <run_address>0x2000dbc8</run_address>
         <size>0xb8</size>
         <alignment>0x4</alignment>
         <input_file_ref idref="fl-18"/>
      </object_component>
      <object_component id="oc-243">
         <name>.text</name>
         <load_address>0x2000dc80</load_address>
         <readonly>true</readonly>
         <executable>true</executable>
         <run_address>0x2000dc80</run_address>
         <size>0xb0</size>
         <alignment>0x4</alignment>
         <input_file_ref idref="fl-b1"/>
      </object_component>
      <object_component id="oc-1a9">
         <name>.text.GPIOIntTypeSet</name>
         <load_address>0x2000dd30</load_address>
         <readonly>true</readonly>
         <executable>true</executable>
         <run_address>0x2000dd30</run_address>
         <size>0xac</size>
         <alignment>0x2</alignment>
         <input_file_ref idref="fl-24"/>
      </object_component>
      <object_component id="oc-27b">
         <name>.text.IntPendSet</name>
         <load_address>0x2000dddc</load_address>
         <readonly>true</readonly>
         <executable>true</executable>
         <run_address>0x2000dddc</run_address>
         <size>0xa4</size>
         <alignment>0x2</alignment>
         <input_file_ref idref="fl-26"/>
      </object_component>
      <object_component id="oc-13d">
         <name>.text.PinConfigSet</name>
         <load_address>0x2000de80</load_address>
         <readonly>true</readonly>
         <executable>true</executable>
         <run_address>0x2000de80</run_address>
         <size>0xa2</size>
         <alignment>0x2</alignment>
         <input_file_ref idref="fl-27"/>
      </object_component>
      <object_component id="oc-e2">
         <name>.text.Board_initHook</name>
         <load_address>0x2000df22</load_address>
         <readonly>true</readonly>
         <executable>true</executable>
         <run_address>0x2000df22</run_address>
         <size>0x2</size>
         <alignment>0x2</alignment>
         <input_file_ref idref="fl-3"/>
      </object_component>
      <object_component id="oc-12f">
         <name>.text.SemaphoreP_pend</name>
         <load_address>0x2000df24</load_address>
         <readonly>true</readonly>
         <executable>true</executable>
         <run_address>0x2000df24</run_address>
         <size>0x98</size>
         <alignment>0x4</alignment>
         <input_file_ref idref="fl-1d"/>
      </object_component>
      <object_component id="oc-20f">
         <name>.text.ClockP_doTick</name>
         <load_address>0x2000dfbc</load_address>
         <readonly>true</readonly>
         <executable>true</executable>
         <run_address>0x2000dfbc</run_address>
         <size>0x4</size>
         <alignment>0x2</alignment>
         <input_file_ref idref="fl-1e"/>
      </object_component>
      <object_component id="oc-24f">
         <name>.text</name>
         <load_address>0x2000dfc0</load_address>
         <readonly>true</readonly>
         <executable>true</executable>
         <run_address>0x2000dfc0</run_address>
         <size>0x96</size>
         <alignment>0x10</alignment>
         <input_file_ref idref="fl-16"/>
      </object_component>
      <object_component id="oc-1ca">
         <name>.text.uDMAChannelAttributeDisable</name>
         <load_address>0x2000e056</load_address>
         <readonly>true</readonly>
         <executable>true</executable>
         <run_address>0x2000e056</run_address>
         <size>0x92</size>
         <alignment>0x2</alignment>
         <input_file_ref idref="fl-2c"/>
      </object_component>
      <object_component id="oc-dc">
         <name>.text.GPIO_init</name>
         <load_address>0x2000e0e8</load_address>
         <readonly>true</readonly>
         <executable>true</executable>
         <run_address>0x2000e0e8</run_address>
         <size>0x90</size>
         <alignment>0x4</alignment>
         <input_file_ref idref="fl-14"/>
      </object_component>
      <object_component id="oc-10e">
         <name>.text.PRCMSysResetCauseGet</name>
         <load_address>0x2000e178</load_address>
         <readonly>true</readonly>
         <executable>true</executable>
         <run_address>0x2000e178</run_address>
         <size>0x8e</size>
         <alignment>0x2</alignment>
         <input_file_ref idref="fl-28"/>
      </object_component>
      <object_component id="oc-184">
         <name>.text.PowerCC32XX_initPolicy</name>
         <load_address>0x2000e206</load_address>
         <readonly>true</readonly>
         <executable>true</executable>
         <run_address>0x2000e206</run_address>
         <size>0x2</size>
         <alignment>0x2</alignment>
         <input_file_ref idref="fl-20"/>
      </object_component>
      <object_component id="oc-120">
         <name>.text.PowerCC32XX_configureWakeup</name>
         <load_address>0x2000e208</load_address>
         <readonly>true</readonly>
         <executable>true</executable>
         <run_address>0x2000e208</run_address>
         <size>0x88</size>
         <alignment>0x4</alignment>
         <input_file_ref idref="fl-15"/>
      </object_component>
      <object_component id="oc-d7">
         <name>.text.Power_init</name>
         <load_address>0x2000e290</load_address>
         <readonly>true</readonly>
         <executable>true</executable>
         <run_address>0x2000e290</run_address>
         <size>0x78</size>
         <alignment>0x4</alignment>
         <input_file_ref idref="fl-15"/>
      </object_component>
      <object_component id="oc-163">
         <name>.text.HwiP_construct</name>
         <load_address>0x2000e308</load_address>
         <readonly>true</readonly>
         <executable>true</executable>
         <run_address>0x2000e308</run_address>
         <size>0x74</size>
         <alignment>0x4</alignment>
         <input_file_ref idref="fl-1f"/>
      </object_component>
      <object_component id="oc-181">
         <name>.text.PRCMHibernateWakeUpGPIOSelect</name>
         <load_address>0x2000e37c</load_address>
         <readonly>true</readonly>
         <executable>true</executable>
         <run_address>0x2000e37c</run_address>
         <size>0x74</size>
         <alignment>0x2</alignment>
         <input_file_ref idref="fl-28"/>
      </object_component>
      <object_component id="oc-1bf">
         <name>.text.UARTConfigSetExpClk</name>
         <load_address>0x2000e3f0</load_address>
         <readonly>true</readonly>
         <executable>true</executable>
         <run_address>0x2000e3f0</run_address>
         <size>0x74</size>
         <alignment>0x2</alignment>
         <input_file_ref idref="fl-2b"/>
      </object_component>
      <object_component id="oc-18">
         <name>.text:decompress:lzss</name>
         <load_address>0x2000e464</load_address>
         <readonly>true</readonly>
         <executable>true</executable>
         <run_address>0x2000e464</run_address>
         <size>0x70</size>
         <alignment>0x2</alignment>
         <input_file_ref idref="fl-40"/>
      </object_component>
      <object_component id="oc-24d">
         <name>.text.PinLockLevelSet</name>
         <load_address>0x2000e4d4</load_address>
         <readonly>true</readonly>
         <executable>true</executable>
         <run_address>0x2000e4d4</run_address>
         <size>0x6c</size>
         <alignment>0x2</alignment>
         <input_file_ref idref="fl-27"/>
      </object_component>
      <object_component id="oc-13e">
         <name>.text.Power_setDependency</name>
         <load_address>0x2000e540</load_address>
         <readonly>true</readonly>
         <executable>true</executable>
         <run_address>0x2000e540</run_address>
         <size>0x6c</size>
         <alignment>0x4</alignment>
         <input_file_ref idref="fl-15"/>
      </object_component>
      <object_component id="oc-15f">
         <name>.text.UDMACC32XX_open</name>
         <load_address>0x2000e5ac</load_address>
         <readonly>true</readonly>
         <executable>true</executable>
         <run_address>0x2000e5ac</run_address>
         <size>0x6c</size>
         <alignment>0x4</alignment>
         <input_file_ref idref="fl-1b"/>
      </object_component>
      <object_component id="oc-136">
         <name>.text.powerNotifyFxn</name>
         <load_address>0x2000e618</load_address>
         <readonly>true</readonly>
         <executable>true</executable>
         <run_address>0x2000e618</run_address>
         <size>0x6c</size>
         <alignment>0x4</alignment>
         <input_file_ref idref="fl-14"/>
      </object_component>
      <object_component id="oc-25d">
         <name>.text.split</name>
         <load_address>0x2000e684</load_address>
         <readonly>true</readonly>
         <executable>true</executable>
         <run_address>0x2000e684</run_address>
         <size>0x6c</size>
         <alignment>0x4</alignment>
         <input_file_ref idref="fl-3d"/>
      </object_component>
      <object_component id="oc-116">
         <name>.text.PRCMPeripheralReset</name>
         <load_address>0x2000e6f0</load_address>
         <readonly>true</readonly>
         <executable>true</executable>
         <run_address>0x2000e6f0</run_address>
         <size>0x6a</size>
         <alignment>0x2</alignment>
         <input_file_ref idref="fl-28"/>
      </object_component>
      <object_component id="oc-1ce">
         <name>.text.IntPendClear</name>
         <load_address>0x2000e75a</load_address>
         <readonly>true</readonly>
         <executable>true</executable>
         <run_address>0x2000e75a</run_address>
         <size>0x68</size>
         <alignment>0x2</alignment>
         <input_file_ref idref="fl-26"/>
      </object_component>
      <object_component id="oc-1db">
         <name>.text.SemaphoreP_destruct</name>
         <load_address>0x2000e7c2</load_address>
         <readonly>true</readonly>
         <executable>true</executable>
         <run_address>0x2000e7c2</run_address>
         <size>0x2</size>
         <alignment>0x2</alignment>
         <input_file_ref idref="fl-1d"/>
      </object_component>
      <object_component id="oc-f9">
         <name>.text.GPIO_write</name>
         <load_address>0x2000e7c4</load_address>
         <readonly>true</readonly>
         <executable>true</executable>
         <run_address>0x2000e7c4</run_address>
         <size>0x60</size>
         <alignment>0x4</alignment>
         <input_file_ref idref="fl-14"/>
      </object_component>
      <object_component id="oc-1eb">
         <name>.text.UART2Support_dmaStopTx</name>
         <load_address>0x2000e824</load_address>
         <readonly>true</readonly>
         <executable>true</executable>
         <run_address>0x2000e824</run_address>
         <size>0x60</size>
         <alignment>0x2</alignment>
         <input_file_ref idref="fl-18"/>
      </object_component>
      <object_component id="oc-276">
         <name>.text.FlashDisable</name>
         <load_address>0x2000e884</load_address>
         <readonly>true</readonly>
         <executable>true</executable>
         <run_address>0x2000e884</run_address>
         <size>0x5c</size>
         <alignment>0x2</alignment>
         <input_file_ref idref="fl-2e"/>
      </object_component>
      <object_component id="oc-183">
         <name>.text.PRCMHibernateWakeupSourceDisable</name>
         <load_address>0x2000e8e0</load_address>
         <readonly>true</readonly>
         <executable>true</executable>
         <run_address>0x2000e8e0</run_address>
         <size>0x5c</size>
         <alignment>0x2</alignment>
         <input_file_ref idref="fl-28"/>
      </object_component>
      <object_component id="oc-115">
         <name>.text.PRCMPeripheralClkEnable</name>
         <load_address>0x2000e93c</load_address>
         <readonly>true</readonly>
         <executable>true</executable>
         <run_address>0x2000e93c</run_address>
         <size>0x5a</size>
         <alignment>0x2</alignment>
         <input_file_ref idref="fl-28"/>
      </object_component>
      <object_component id="oc-168">
         <name>.text.UART2CC32XX_eventCallback</name>
         <load_address>0x2000e996</load_address>
         <readonly>true</readonly>
         <executable>true</executable>
         <run_address>0x2000e996</run_address>
         <size>0x2</size>
         <alignment>0x2</alignment>
         <input_file_ref idref="fl-18"/>
      </object_component>
      <object_component id="oc-222">
         <name>.text.ClockP_startup</name>
         <load_address>0x2000e998</load_address>
         <readonly>true</readonly>
         <executable>true</executable>
         <run_address>0x2000e998</run_address>
         <size>0x58</size>
         <alignment>0x4</alignment>
         <input_file_ref idref="fl-1e"/>
      </object_component>
      <object_component id="oc-1d0">
         <name>.text.IntPrioritySet</name>
         <load_address>0x2000e9f0</load_address>
         <readonly>true</readonly>
         <executable>true</executable>
         <run_address>0x2000e9f0</run_address>
         <size>0x58</size>
         <alignment>0x2</alignment>
         <input_file_ref idref="fl-26"/>
      </object_component>
      <object_component id="oc-259">
         <name>.text.PRCMLPDSEnter</name>
         <load_address>0x2000ea48</load_address>
         <readonly>true</readonly>
         <executable>true</executable>
         <run_address>0x2000ea48</run_address>
         <size>0x56</size>
         <alignment>0x2</alignment>
         <input_file_ref idref="fl-28"/>
      </object_component>
      <object_component id="oc-26a">
         <name>.text.__aeabi_ldiv0</name>
         <load_address>0x2000ea9e</load_address>
         <readonly>true</readonly>
         <executable>true</executable>
         <run_address>0x2000ea9e</run_address>
         <size>0x2</size>
         <alignment>0x2</alignment>
         <input_file_ref idref="fl-b2"/>
      </object_component>
      <object_component id="oc-1a3">
         <name>.text.PowerCC32XX_setParkState</name>
         <load_address>0x2000eaa0</load_address>
         <readonly>true</readonly>
         <executable>true</executable>
         <run_address>0x2000eaa0</run_address>
         <size>0x54</size>
         <alignment>0x4</alignment>
         <input_file_ref idref="fl-15"/>
      </object_component>
      <object_component id="oc-1de">
         <name>.text.Power_releaseDependency</name>
         <load_address>0x2000eaf4</load_address>
         <readonly>true</readonly>
         <executable>true</executable>
         <run_address>0x2000eaf4</run_address>
         <size>0x54</size>
         <alignment>0x4</alignment>
         <input_file_ref idref="fl-15"/>
      </object_component>
      <object_component id="oc-14c">
         <name>.text.GPIO_hwiIntFxn</name>
         <load_address>0x2000eb48</load_address>
         <readonly>true</readonly>
         <executable>true</executable>
         <run_address>0x2000eb48</run_address>
         <size>0x50</size>
         <alignment>0x4</alignment>
         <input_file_ref idref="fl-14"/>
      </object_component>
      <object_component id="oc-182">
         <name>.text.PRCMHibernateWakeupSourceEnable</name>
         <load_address>0x2000eb98</load_address>
         <readonly>true</readonly>
         <executable>true</executable>
         <run_address>0x2000eb98</run_address>
         <size>0x50</size>
         <alignment>0x2</alignment>
         <input_file_ref idref="fl-28"/>
      </object_component>
      <object_component id="oc-1d5">
         <name>.text.SemaphoreP_construct</name>
         <load_address>0x2000ebe8</load_address>
         <readonly>true</readonly>
         <executable>true</executable>
         <run_address>0x2000ebe8</run_address>
         <size>0x50</size>
         <alignment>0x4</alignment>
         <input_file_ref idref="fl-1d"/>
      </object_component>
      <object_component id="oc-1c9">
         <name>.text.uDMAChannelAssign</name>
         <load_address>0x2000ec38</load_address>
         <readonly>true</readonly>
         <executable>true</executable>
         <run_address>0x2000ec38</run_address>
         <size>0x4e</size>
         <alignment>0x2</alignment>
         <input_file_ref idref="fl-2c"/>
      </object_component>
      <object_component id="oc-16f">
         <name>.text._nop</name>
         <load_address>0x2000ec86</load_address>
         <readonly>true</readonly>
         <executable>true</executable>
         <run_address>0x2000ec86</run_address>
         <size>0x2</size>
         <alignment>0x2</alignment>
         <input_file_ref idref="fl-44"/>
      </object_component>
      <object_component id="oc-147">
         <name>.text.GPIO_setInterruptConfig</name>
         <load_address>0x2000ec88</load_address>
         <readonly>true</readonly>
         <executable>true</executable>
         <run_address>0x2000ec88</run_address>
         <size>0x4c</size>
         <alignment>0x4</alignment>
         <input_file_ref idref="fl-14"/>
      </object_component>
      <object_component id="oc-274">
         <name>.text.PRCMLPDSRestoreInfoSet</name>
         <load_address>0x2000ecd4</load_address>
         <readonly>true</readonly>
         <executable>true</executable>
         <run_address>0x2000ecd4</run_address>
         <size>0x4c</size>
         <alignment>0x2</alignment>
         <input_file_ref idref="fl-28"/>
      </object_component>
      <object_component id="oc-1e7">
         <name>.text.UART2Support_dmaStopRx</name>
         <load_address>0x2000ed20</load_address>
         <readonly>true</readonly>
         <executable>true</executable>
         <run_address>0x2000ed20</run_address>
         <size>0x4a</size>
         <alignment>0x2</alignment>
         <input_file_ref idref="fl-18"/>
      </object_component>
      <object_component id="oc-22c">
         <name>.text.uDMAChannelSizeGet</name>
         <load_address>0x2000ed6a</load_address>
         <readonly>true</readonly>
         <executable>true</executable>
         <run_address>0x2000ed6a</run_address>
         <size>0x4a</size>
         <alignment>0x2</alignment>
         <input_file_ref idref="fl-2c"/>
      </object_component>
      <object_component id="oc-58">
         <name>.text.ClockP_sysTickHandler</name>
         <load_address>0x2000edb4</load_address>
         <readonly>true</readonly>
         <executable>true</executable>
         <run_address>0x2000edb4</run_address>
         <size>0x48</size>
         <alignment>0x4</alignment>
         <input_file_ref idref="fl-1e"/>
      </object_component>
      <object_component id="oc-253">
         <name>.text.PRCMIntEnable</name>
         <load_address>0x2000edfc</load_address>
         <readonly>true</readonly>
         <executable>true</executable>
         <run_address>0x2000edfc</run_address>
         <size>0x48</size>
         <alignment>0x2</alignment>
         <input_file_ref idref="fl-28"/>
      </object_component>
      <object_component id="oc-1a5">
         <name>.text.PRCMPeripheralStatusGet</name>
         <load_address>0x2000ee44</load_address>
         <readonly>true</readonly>
         <executable>true</executable>
         <run_address>0x2000ee44</run_address>
         <size>0x48</size>
         <alignment>0x2</alignment>
         <input_file_ref idref="fl-28"/>
      </object_component>
      <object_component id="oc-271">
         <name>.text.PinConfigGet</name>
         <load_address>0x2000ee8c</load_address>
         <readonly>true</readonly>
         <executable>true</executable>
         <run_address>0x2000ee8c</run_address>
         <size>0x48</size>
         <alignment>0x2</alignment>
         <input_file_ref idref="fl-27"/>
      </object_component>
      <object_component id="oc-1f0">
         <name>.text.UART2_readFull</name>
         <load_address>0x2000eed4</load_address>
         <readonly>true</readonly>
         <executable>true</executable>
         <run_address>0x2000eed4</run_address>
         <size>0x48</size>
         <alignment>0x2</alignment>
         <input_file_ref idref="fl-17"/>
      </object_component>
      <object_component id="oc-258">
         <name>.text.PRCMLPDSEnterKeepDebugIf</name>
         <load_address>0x2000ef1c</load_address>
         <readonly>true</readonly>
         <executable>true</executable>
         <run_address>0x2000ef1c</run_address>
         <size>0x46</size>
         <alignment>0x2</alignment>
         <input_file_ref idref="fl-28"/>
      </object_component>
      <object_component id="oc-22a">
         <name>.text.RingBuf_put</name>
         <load_address>0x2000ef62</load_address>
         <readonly>true</readonly>
         <executable>true</executable>
         <run_address>0x2000ef62</run_address>
         <size>0x46</size>
         <alignment>0x2</alignment>
         <input_file_ref idref="fl-1a"/>
      </object_component>
      <object_component id="oc-141">
         <name>.text.GPIODirModeSet</name>
         <load_address>0x2000efa8</load_address>
         <readonly>true</readonly>
         <executable>true</executable>
         <run_address>0x2000efa8</run_address>
         <size>0x44</size>
         <alignment>0x2</alignment>
         <input_file_ref idref="fl-24"/>
      </object_component>
      <object_component id="oc-1aa">
         <name>.text.GPIO_disableInt</name>
         <load_address>0x2000efec</load_address>
         <readonly>true</readonly>
         <executable>true</executable>
         <run_address>0x2000efec</run_address>
         <size>0x44</size>
         <alignment>0x4</alignment>
         <input_file_ref idref="fl-14"/>
      </object_component>
      <object_component id="oc-148">
         <name>.text.GPIO_enableInt</name>
         <load_address>0x2000f030</load_address>
         <readonly>true</readonly>
         <executable>true</executable>
         <run_address>0x2000f030</run_address>
         <size>0x44</size>
         <alignment>0x4</alignment>
         <input_file_ref idref="fl-14"/>
      </object_component>
      <object_component id="oc-1ea">
         <name>.text.Power_releaseConstraint</name>
         <load_address>0x2000f074</load_address>
         <readonly>true</readonly>
         <executable>true</executable>
         <run_address>0x2000f074</run_address>
         <size>0x44</size>
         <alignment>0x4</alignment>
         <input_file_ref idref="fl-15"/>
      </object_component>
      <object_component id="oc-7d">
         <name>.text.addToList</name>
         <load_address>0x2000f0b8</load_address>
         <readonly>true</readonly>
         <executable>true</executable>
         <run_address>0x2000f0b8</run_address>
         <size>0x44</size>
         <alignment>0x4</alignment>
         <input_file_ref idref="fl-1e"/>
      </object_component>
      <object_component id="oc-11d">
         <name>.text.PinModeSet</name>
         <load_address>0x2000f0fc</load_address>
         <readonly>true</readonly>
         <executable>true</executable>
         <run_address>0x2000f0fc</run_address>
         <size>0x42</size>
         <alignment>0x2</alignment>
         <input_file_ref idref="fl-27"/>
      </object_component>
      <object_component id="oc-1fd">
         <name>.text.getCountsRTC</name>
         <load_address>0x2000f13e</load_address>
         <readonly>true</readonly>
         <executable>true</executable>
         <run_address>0x2000f13e</run_address>
         <size>0x42</size>
         <alignment>0x2</alignment>
         <input_file_ref idref="fl-20"/>
      </object_component>
      <object_component id="oc-131">
         <name>.text.SemaphoreP_post</name>
         <load_address>0x2000f180</load_address>
         <readonly>true</readonly>
         <executable>true</executable>
         <run_address>0x2000f180</run_address>
         <size>0x40</size>
         <alignment>0x4</alignment>
         <input_file_ref idref="fl-1d"/>
      </object_component>
      <object_component id="oc-231">
         <name>.text.uDMAChannelControlSet</name>
         <load_address>0x2000f1c0</load_address>
         <readonly>true</readonly>
         <executable>true</executable>
         <run_address>0x2000f1c0</run_address>
         <size>0x40</size>
         <alignment>0x2</alignment>
         <input_file_ref idref="fl-2c"/>
      </object_component>
      <object_component id="oc-273">
         <name>.text.PinDirModeSet</name>
         <load_address>0x2000f200</load_address>
         <readonly>true</readonly>
         <executable>true</executable>
         <run_address>0x2000f200</run_address>
         <size>0x3e</size>
         <alignment>0x2</alignment>
         <input_file_ref idref="fl-27"/>
      </object_component>
      <object_component id="oc-57">
         <name>.text.busFaultHandler</name>
         <load_address>0x2000f23e</load_address>
         <readonly>true</readonly>
         <executable>true</executable>
         <run_address>0x2000f23e</run_address>
         <size>0x2</size>
         <alignment>0x2</alignment>
         <input_file_ref idref="fl-21"/>
      </object_component>
      <object_component id="oc-214">
         <name>.text.ClockP_stop</name>
         <load_address>0x2000f240</load_address>
         <readonly>true</readonly>
         <executable>true</executable>
         <run_address>0x2000f240</run_address>
         <size>0x3c</size>
         <alignment>0x4</alignment>
         <input_file_ref idref="fl-1e"/>
      </object_component>
      <object_component id="oc-15a">
         <name>.text.UDMACC32XX_init</name>
         <load_address>0x2000f27c</load_address>
         <readonly>true</readonly>
         <executable>true</executable>
         <run_address>0x2000f27c</run_address>
         <size>0x3c</size>
         <alignment>0x4</alignment>
         <input_file_ref idref="fl-1b"/>
      </object_component>
      <object_component id="oc-196">
         <name>.text.ClockP_destruct</name>
         <load_address>0x2000f2b8</load_address>
         <readonly>true</readonly>
         <executable>true</executable>
         <run_address>0x2000f2b8</run_address>
         <size>0x38</size>
         <alignment>0x4</alignment>
         <input_file_ref idref="fl-1e"/>
      </object_component>
      <object_component id="oc-237">
         <name>.text.Power_setConstraint</name>
         <load_address>0x2000f2f0</load_address>
         <readonly>true</readonly>
         <executable>true</executable>
         <run_address>0x2000f2f0</run_address>
         <size>0x38</size>
         <alignment>0x4</alignment>
         <input_file_ref idref="fl-15"/>
      </object_component>
      <object_component id="oc-22e">
         <name>.text.RingBuf_putAdvance</name>
         <load_address>0x2000f328</load_address>
         <readonly>true</readonly>
         <executable>true</executable>
         <run_address>0x2000f328</run_address>
         <size>0x38</size>
         <alignment>0x2</alignment>
         <input_file_ref idref="fl-1a"/>
      </object_component>
      <object_component id="oc-20e">
         <name>.text.SwiP_restore</name>
         <load_address>0x2000f360</load_address>
         <readonly>true</readonly>
         <executable>true</executable>
         <run_address>0x2000f360</run_address>
         <size>0x38</size>
         <alignment>0x4</alignment>
         <input_file_ref idref="fl-22"/>
      </object_component>
      <object_component id="oc-23e">
         <name>.text.UART2_rxEnable</name>
         <load_address>0x2000f398</load_address>
         <readonly>true</readonly>
         <executable>true</executable>
         <run_address>0x2000f398</run_address>
         <size>0x38</size>
         <alignment>0x2</alignment>
         <input_file_ref idref="fl-17"/>
      </object_component>
      <object_component id="oc-1dc">
         <name>.text.UDMACC32XX_close</name>
         <load_address>0x2000f3d0</load_address>
         <readonly>true</readonly>
         <executable>true</executable>
         <run_address>0x2000f3d0</run_address>
         <size>0x38</size>
         <alignment>0x4</alignment>
         <input_file_ref idref="fl-1b"/>
      </object_component>
      <object_component id="oc-bf">
         <name>.text:__TI_auto_init_nobinit_nopinit</name>
         <load_address>0x2000f408</load_address>
         <readonly>true</readonly>
         <executable>true</executable>
         <run_address>0x2000f408</run_address>
         <size>0x38</size>
         <alignment>0x4</alignment>
         <input_file_ref idref="fl-46"/>
      </object_component>
      <object_component id="oc-24e">
         <name>.text.PinLock</name>
         <load_address>0x2000f440</load_address>
         <readonly>true</readonly>
         <executable>true</executable>
         <run_address>0x2000f440</run_address>
         <size>0x36</size>
         <alignment>0x2</alignment>
         <input_file_ref idref="fl-27"/>
      </object_component>
      <object_component id="oc-265">
         <name>.text.UARTCharPutNonBlocking</name>
         <load_address>0x2000f476</load_address>
         <readonly>true</readonly>
         <executable>true</executable>
         <run_address>0x2000f476</run_address>
         <size>0x36</size>
         <alignment>0x2</alignment>
         <input_file_ref idref="fl-2b"/>
      </object_component>
      <object_component id="oc-193">
         <name>.text.ClockP_start</name>
         <load_address>0x2000f4ac</load_address>
         <readonly>true</readonly>
         <executable>true</executable>
         <run_address>0x2000f4ac</run_address>
         <size>0x34</size>
         <alignment>0x4</alignment>
         <input_file_ref idref="fl-1e"/>
      </object_component>
      <object_component id="oc-272">
         <name>.text.PinDirModeGet</name>
         <load_address>0x2000f4e0</load_address>
         <readonly>true</readonly>
         <executable>true</executable>
         <run_address>0x2000f4e0</run_address>
         <size>0x34</size>
         <alignment>0x2</alignment>
         <input_file_ref idref="fl-27"/>
      </object_component>
      <object_component id="oc-118">
         <name>.text.PinModeGet</name>
         <load_address>0x2000f514</load_address>
         <readonly>true</readonly>
         <executable>true</executable>
         <run_address>0x2000f514</run_address>
         <size>0x34</size>
         <alignment>0x2</alignment>
         <input_file_ref idref="fl-27"/>
      </object_component>
      <object_component id="oc-24c">
         <name>.text.PowerCC32XX_parkPin</name>
         <load_address>0x2000f548</load_address>
         <readonly>true</readonly>
         <executable>true</executable>
         <run_address>0x2000f548</run_address>
         <size>0x34</size>
         <alignment>0x2</alignment>
         <input_file_ref idref="fl-15"/>
      </object_component>
      <object_component id="oc-1d8">
         <name>.text.UART2_rxDisable</name>
         <load_address>0x2000f57c</load_address>
         <readonly>true</readonly>
         <executable>true</executable>
         <run_address>0x2000f57c</run_address>
         <size>0x34</size>
         <alignment>0x2</alignment>
         <input_file_ref idref="fl-17"/>
      </object_component>
      <object_component id="oc-4f">
         <name>.text.initVectors</name>
         <load_address>0x2000f5b0</load_address>
         <readonly>true</readonly>
         <executable>true</executable>
         <run_address>0x2000f5b0</run_address>
         <size>0x34</size>
         <alignment>0x4</alignment>
         <input_file_ref idref="fl-21"/>
      </object_component>
      <object_component id="oc-267">
         <name>.text.UART2Support_enableInts</name>
         <load_address>0x2000f5e4</load_address>
         <readonly>true</readonly>
         <executable>true</executable>
         <run_address>0x2000f5e4</run_address>
         <size>0x32</size>
         <alignment>0x2</alignment>
         <input_file_ref idref="fl-18"/>
      </object_component>
      <object_component id="oc-197">
         <name>.text.clkFxn</name>
         <load_address>0x2000f616</load_address>
         <readonly>true</readonly>
         <executable>true</executable>
         <run_address>0x2000f616</run_address>
         <size>0x2</size>
         <alignment>0x2</alignment>
         <input_file_ref idref="fl-1d"/>
      </object_component>
      <object_component id="oc-1fa">
         <name>.text.ClockP_getTicksUntilInterrupt</name>
         <load_address>0x2000f618</load_address>
         <readonly>true</readonly>
         <executable>true</executable>
         <run_address>0x2000f618</run_address>
         <size>0x30</size>
         <alignment>0x4</alignment>
         <input_file_ref idref="fl-1e"/>
      </object_component>
      <object_component id="oc-207">
         <name>.text.PRCMLPDSIntervalSet</name>
         <load_address>0x2000f648</load_address>
         <readonly>true</readonly>
         <executable>true</executable>
         <run_address>0x2000f648</run_address>
         <size>0x30</size>
         <alignment>0x2</alignment>
         <input_file_ref idref="fl-28"/>
      </object_component>
      <object_component id="oc-242">
         <name>.text.PRCMSlowClkCtrFastGet</name>
         <load_address>0x2000f678</load_address>
         <readonly>true</readonly>
         <executable>true</executable>
         <run_address>0x2000f678</run_address>
         <size>0x30</size>
         <alignment>0x2</alignment>
         <input_file_ref idref="fl-28"/>
      </object_component>
      <object_component id="oc-24a">
         <name>.text.notify</name>
         <load_address>0x2000f6a8</load_address>
         <readonly>true</readonly>
         <executable>true</executable>
         <run_address>0x2000f6a8</run_address>
         <size>0x30</size>
         <alignment>0x4</alignment>
         <input_file_ref idref="fl-15"/>
      </object_component>
      <object_component id="oc-1ad">
         <name>.text.GPIOIntStatus</name>
         <load_address>0x2000f6d8</load_address>
         <readonly>true</readonly>
         <executable>true</executable>
         <run_address>0x2000f6d8</run_address>
         <size>0x2e</size>
         <alignment>0x2</alignment>
         <input_file_ref idref="fl-24"/>
      </object_component>
      <object_component id="oc-235">
         <name>.text.RingBuf_getConsume</name>
         <load_address>0x2000f706</load_address>
         <readonly>true</readonly>
         <executable>true</executable>
         <run_address>0x2000f706</run_address>
         <size>0x2e</size>
         <alignment>0x2</alignment>
         <input_file_ref idref="fl-1a"/>
      </object_component>
      <object_component id="oc-230">
         <name>.text.RingBuf_putPointer</name>
         <load_address>0x2000f734</load_address>
         <readonly>true</readonly>
         <executable>true</executable>
         <run_address>0x2000f734</run_address>
         <size>0x2e</size>
         <alignment>0x2</alignment>
         <input_file_ref idref="fl-1a"/>
      </object_component>
      <object_component id="oc-1d9">
         <name>.text.UARTDisable</name>
         <load_address>0x2000f762</load_address>
         <readonly>true</readonly>
         <executable>true</executable>
         <run_address>0x2000f762</run_address>
         <size>0x2e</size>
         <alignment>0x2</alignment>
         <input_file_ref idref="fl-2b"/>
      </object_component>
      <object_component id="oc-1e4">
         <name>.text.UART2CC32XX_getRxData</name>
         <load_address>0x2000f790</load_address>
         <readonly>true</readonly>
         <executable>true</executable>
         <run_address>0x2000f790</run_address>
         <size>0x2c</size>
         <alignment>0x2</alignment>
         <input_file_ref idref="fl-18"/>
      </object_component>
      <object_component id="oc-140">
         <name>.text.HwiP_create</name>
         <load_address>0x2000f7bc</load_address>
         <readonly>true</readonly>
         <executable>true</executable>
         <run_address>0x2000f7bc</run_address>
         <size>0x2a</size>
         <alignment>0x2</alignment>
         <input_file_ref idref="fl-1f"/>
      </object_component>
      <object_component id="oc-180">
         <name>.text.PRCMLPDSWakeUpGPIOSelect</name>
         <load_address>0x2000f7e6</load_address>
         <readonly>true</readonly>
         <executable>true</executable>
         <run_address>0x2000f7e6</run_address>
         <size>0x2a</size>
         <alignment>0x2</alignment>
         <input_file_ref idref="fl-28"/>
      </object_component>
      <object_component id="oc-117">
         <name>.text.PRCMPeripheralClkDisable</name>
         <load_address>0x2000f810</load_address>
         <readonly>true</readonly>
         <executable>true</executable>
         <run_address>0x2000f810</run_address>
         <size>0x2a</size>
         <alignment>0x2</alignment>
         <input_file_ref idref="fl-28"/>
      </object_component>
      <object_component id="oc-1e3">
         <name>.text.UARTIntStatus</name>
         <load_address>0x2000f83a</load_address>
         <readonly>true</readonly>
         <executable>true</executable>
         <run_address>0x2000f83a</run_address>
         <size>0x2a</size>
         <alignment>0x2</alignment>
         <input_file_ref idref="fl-2b"/>
      </object_component>
      <object_component id="oc-227">
         <name>.text.List_remove</name>
         <load_address>0x2000f864</load_address>
         <readonly>true</readonly>
         <executable>true</executable>
         <run_address>0x2000f864</run_address>
         <size>0x28</size>
         <alignment>0x2</alignment>
         <input_file_ref idref="fl-19"/>
      </object_component>
      <object_component id="oc-24b">
         <name>.text.PRCMSRAMRetentionEnable</name>
         <load_address>0x2000f88c</load_address>
         <readonly>true</readonly>
         <executable>true</executable>
         <run_address>0x2000f88c</run_address>
         <size>0x28</size>
         <alignment>0x2</alignment>
         <input_file_ref idref="fl-28"/>
      </object_component>
      <object_component id="oc-158">
         <name>.text.PowerCC32XX_getParkState</name>
         <load_address>0x2000f8b4</load_address>
         <readonly>true</readonly>
         <executable>true</executable>
         <run_address>0x2000f8b4</run_address>
         <size>0x28</size>
         <alignment>0x4</alignment>
         <input_file_ref idref="fl-15"/>
      </object_component>
      <object_component id="oc-213">
         <name>.text.free_list_insert</name>
         <load_address>0x2000f8dc</load_address>
         <readonly>true</readonly>
         <executable>true</executable>
         <run_address>0x2000f8dc</run_address>
         <size>0x28</size>
         <alignment>0x4</alignment>
         <input_file_ref idref="fl-3d"/>
      </object_component>
      <object_component id="oc-226">
         <name>.text.IntUnregister</name>
         <load_address>0x2000f904</load_address>
         <readonly>true</readonly>
         <executable>true</executable>
         <run_address>0x2000f904</run_address>
         <size>0x24</size>
         <alignment>0x2</alignment>
         <input_file_ref idref="fl-26"/>
      </object_component>
      <object_component id="oc-198">
         <name>.text.List_put</name>
         <load_address>0x2000f928</load_address>
         <readonly>true</readonly>
         <executable>true</executable>
         <run_address>0x2000f928</run_address>
         <size>0x24</size>
         <alignment>0x2</alignment>
         <input_file_ref idref="fl-19"/>
      </object_component>
      <object_component id="oc-17e">
         <name>.text.PRCMLPDSWakeupSourceEnable</name>
         <load_address>0x2000f94c</load_address>
         <readonly>true</readonly>
         <executable>true</executable>
         <run_address>0x2000f94c</run_address>
         <size>0x24</size>
         <alignment>0x2</alignment>
         <input_file_ref idref="fl-28"/>
      </object_component>
      <object_component id="oc-1df">
         <name>.text.PowerCC32XX_restoreParkState</name>
         <load_address>0x2000f970</load_address>
         <readonly>true</readonly>
         <executable>true</executable>
         <run_address>0x2000f970</run_address>
         <size>0x24</size>
         <alignment>0x4</alignment>
         <input_file_ref idref="fl-15"/>
      </object_component>
      <object_component id="oc-255">
         <name>.text.PowerCC32XX_restoreParkedPin</name>
         <load_address>0x2000f994</load_address>
         <readonly>true</readonly>
         <executable>true</executable>
         <run_address>0x2000f994</run_address>
         <size>0x24</size>
         <alignment>0x2</alignment>
         <input_file_ref idref="fl-15"/>
      </object_component>
      <object_component id="oc-130">
         <name>.text.Power_registerNotify</name>
         <load_address>0x2000f9b8</load_address>
         <readonly>true</readonly>
         <executable>true</executable>
         <run_address>0x2000f9b8</run_address>
         <size>0x24</size>
         <alignment>0x4</alignment>
         <input_file_ref idref="fl-15"/>
      </object_component>
      <object_component id="oc-223">
         <name>.text.UART2Support_disableRx</name>
         <load_address>0x2000f9dc</load_address>
         <readonly>true</readonly>
         <executable>true</executable>
         <run_address>0x2000f9dc</run_address>
         <size>0x24</size>
         <alignment>0x2</alignment>
         <input_file_ref idref="fl-18"/>
      </object_component>
      <object_component id="oc-76">
         <name>.text:_c_int00_noargs</name>
         <load_address>0x2000fa00</load_address>
         <readonly>true</readonly>
         <executable>true</executable>
         <run_address>0x2000fa00</run_address>
         <size>0x24</size>
         <alignment>0x4</alignment>
         <input_file_ref idref="fl-41"/>
      </object_component>
      <object_component id="oc-146">
         <name>.text.GPIOPinWrite</name>
         <load_address>0x2000fa24</load_address>
         <readonly>true</readonly>
         <executable>true</executable>
         <run_address>0x2000fa24</run_address>
         <size>0x22</size>
         <alignment>0x2</alignment>
         <input_file_ref idref="fl-24"/>
      </object_component>
      <object_component id="oc-254">
         <name>.text.PinUnlock</name>
         <load_address>0x2000fa46</load_address>
         <readonly>true</readonly>
         <executable>true</executable>
         <run_address>0x2000fa46</run_address>
         <size>0x22</size>
         <alignment>0x2</alignment>
         <input_file_ref idref="fl-27"/>
      </object_component>
      <object_component id="oc-236">
         <name>.text.RingBuf_getPointer</name>
         <load_address>0x2000fa68</load_address>
         <readonly>true</readonly>
         <executable>true</executable>
         <run_address>0x2000fa68</run_address>
         <size>0x22</size>
         <alignment>0x2</alignment>
         <input_file_ref idref="fl-1a"/>
      </object_component>
      <object_component id="oc-23a">
         <name>.text.UART2Support_sendData</name>
         <load_address>0x2000fa8a</load_address>
         <readonly>true</readonly>
         <executable>true</executable>
         <run_address>0x2000fa8a</run_address>
         <size>0x22</size>
         <alignment>0x2</alignment>
         <input_file_ref idref="fl-18"/>
      </object_component>
      <object_component id="oc-16e">
         <name>.text.UART2_read</name>
         <load_address>0x2000faac</load_address>
         <readonly>true</readonly>
         <executable>true</executable>
         <run_address>0x2000faac</run_address>
         <size>0x22</size>
         <alignment>0x2</alignment>
         <input_file_ref idref="fl-17"/>
      </object_component>
      <object_component id="oc-1cf">
         <name>.text.IntRegister</name>
         <load_address>0x2000face</load_address>
         <readonly>true</readonly>
         <executable>true</executable>
         <run_address>0x2000face</run_address>
         <size>0x20</size>
         <alignment>0x2</alignment>
         <input_file_ref idref="fl-26"/>
      </object_component>
      <object_component id="oc-56">
         <name>.text.defaultHandler</name>
         <load_address>0x2000faee</load_address>
         <readonly>true</readonly>
         <executable>true</executable>
         <run_address>0x2000faee</run_address>
         <size>0x2</size>
         <alignment>0x2</alignment>
         <input_file_ref idref="fl-21"/>
      </object_component>
      <object_component id="oc-150">
         <name>.text.PowerCC32XX_reset</name>
         <load_address>0x2000faf0</load_address>
         <readonly>true</readonly>
         <executable>true</executable>
         <run_address>0x2000faf0</run_address>
         <size>0x20</size>
         <alignment>0x4</alignment>
         <input_file_ref idref="fl-15"/>
      </object_component>
      <object_component id="oc-1dd">
         <name>.text.Power_unregisterNotify</name>
         <load_address>0x2000fb10</load_address>
         <readonly>true</readonly>
         <executable>true</executable>
         <run_address>0x2000fb10</run_address>
         <size>0x20</size>
         <alignment>0x4</alignment>
         <input_file_ref idref="fl-15"/>
      </object_component>
      <object_component id="oc-164">
         <name>.text.SemaphoreP_constructBinary</name>
         <load_address>0x2000fb30</load_address>
         <readonly>true</readonly>
         <executable>true</executable>
         <run_address>0x2000fb30</run_address>
         <size>0x20</size>
         <alignment>0x4</alignment>
         <input_file_ref idref="fl-1d"/>
      </object_component>
      <object_component id="oc-126">
         <name>.text.SemaphoreP_createBinary</name>
         <load_address>0x2000fb50</load_address>
         <readonly>true</readonly>
         <executable>true</executable>
         <run_address>0x2000fb50</run_address>
         <size>0x20</size>
         <alignment>0x4</alignment>
         <input_file_ref idref="fl-1d"/>
      </object_component>
      <object_component id="oc-1b1">
         <name>.text.PinTypeUART</name>
         <load_address>0x2000fb70</load_address>
         <readonly>true</readonly>
         <executable>true</executable>
         <run_address>0x2000fb70</run_address>
         <size>0x1e</size>
         <alignment>0x2</alignment>
         <input_file_ref idref="fl-27"/>
      </object_component>
      <object_component id="oc-16d">
         <name>.text.UART2_writeTimeout</name>
         <load_address>0x2000fb8e</load_address>
         <readonly>true</readonly>
         <executable>true</executable>
         <run_address>0x2000fb8e</run_address>
         <size>0x1e</size>
         <alignment>0x2</alignment>
         <input_file_ref idref="fl-17"/>
      </object_component>
      <object_component id="oc-1c5">
         <name>.text.UARTEnable</name>
         <load_address>0x2000fbac</load_address>
         <readonly>true</readonly>
         <executable>true</executable>
         <run_address>0x2000fbac</run_address>
         <size>0x1e</size>
         <alignment>0x2</alignment>
         <input_file_ref idref="fl-2b"/>
      </object_component>
      <object_component id="oc-22b">
         <name>.text.uDMAChannelDisable</name>
         <load_address>0x2000fbca</load_address>
         <readonly>true</readonly>
         <executable>true</executable>
         <run_address>0x2000fbca</run_address>
         <size>0x1e</size>
         <alignment>0x2</alignment>
         <input_file_ref idref="fl-2c"/>
      </object_component>
      <object_component id="oc-233">
         <name>.text.uDMAChannelEnable</name>
         <load_address>0x2000fbe8</load_address>
         <readonly>true</readonly>
         <executable>true</executable>
         <run_address>0x2000fbe8</run_address>
         <size>0x1e</size>
         <alignment>0x2</alignment>
         <input_file_ref idref="fl-2c"/>
      </object_component>
      <object_component id="oc-1e6">
         <name>.text.uDMAChannelIsEnabled</name>
         <load_address>0x2000fc06</load_address>
         <readonly>true</readonly>
         <executable>true</executable>
         <run_address>0x2000fc06</run_address>
         <size>0x1e</size>
         <alignment>0x2</alignment>
         <input_file_ref idref="fl-2c"/>
      </object_component>
      <object_component id="oc-1d4">
         <name>.text.HwiP_dispatch</name>
         <load_address>0x2000fc24</load_address>
         <readonly>true</readonly>
         <executable>true</executable>
         <run_address>0x2000fc24</run_address>
         <size>0x1c</size>
         <alignment>0x4</alignment>
         <input_file_ref idref="fl-1f"/>
      </object_component>
      <object_component id="oc-1f3">
         <name>.text.SwiP_disable</name>
         <load_address>0x2000fc40</load_address>
         <readonly>true</readonly>
         <executable>true</executable>
         <run_address>0x2000fc40</run_address>
         <size>0x1c</size>
         <alignment>0x4</alignment>
         <input_file_ref idref="fl-22"/>
      </object_component>
      <object_component id="oc-212">
         <name>.text.free_list_remove</name>
         <load_address>0x2000fc5c</load_address>
         <readonly>true</readonly>
         <executable>true</executable>
         <run_address>0x2000fc5c</run_address>
         <size>0x1c</size>
         <alignment>0x4</alignment>
         <input_file_ref idref="fl-3d"/>
      </object_component>
      <object_component id="oc-21">
         <name>.text.resetISR</name>
         <load_address>0x2000fc78</load_address>
         <readonly>true</readonly>
         <executable>true</executable>
         <run_address>0x2000fc78</run_address>
         <size>0x1c</size>
         <alignment>0x2</alignment>
         <input_file_ref idref="fl-21"/>
      </object_component>
      <object_component id="oc-218">
         <name>.text.GPIOIntDisable</name>
         <load_address>0x2000fc94</load_address>
         <readonly>true</readonly>
         <executable>true</executable>
         <run_address>0x2000fc94</run_address>
         <size>0x1a</size>
         <alignment>0x2</alignment>
         <input_file_ref idref="fl-24"/>
      </object_component>
      <object_component id="oc-114">
         <name>.text.PRCMHIBRegRead</name>
         <load_address>0x2000fcae</load_address>
         <readonly>true</readonly>
         <executable>true</executable>
         <run_address>0x2000fcae</run_address>
         <size>0x1a</size>
         <alignment>0x2</alignment>
         <input_file_ref idref="fl-28"/>
      </object_component>
      <object_component id="oc-113">
         <name>.text.PRCMHIBRegWrite</name>
         <load_address>0x2000fcc8</load_address>
         <readonly>true</readonly>
         <executable>true</executable>
         <run_address>0x2000fcc8</run_address>
         <size>0x1a</size>
         <alignment>0x2</alignment>
         <input_file_ref idref="fl-28"/>
      </object_component>
      <object_component id="oc-17f">
         <name>.text.PRCMLPDSWakeupSourceDisable</name>
         <load_address>0x2000fce2</load_address>
         <readonly>true</readonly>
         <executable>true</executable>
         <run_address>0x2000fce2</run_address>
         <size>0x1a</size>
         <alignment>0x2</alignment>
         <input_file_ref idref="fl-28"/>
      </object_component>
      <object_component id="oc-1e0">
         <name>.text.PinToPadGet</name>
         <load_address>0x2000fcfc</load_address>
         <readonly>true</readonly>
         <executable>true</executable>
         <run_address>0x2000fcfc</run_address>
         <size>0x1a</size>
         <alignment>0x2</alignment>
         <input_file_ref idref="fl-27"/>
      </object_component>
      <object_component id="oc-1c8">
         <name>.text.UARTFlowControlSet</name>
         <load_address>0x2000fd16</load_address>
         <readonly>true</readonly>
         <executable>true</executable>
         <run_address>0x2000fd16</run_address>
         <size>0x1a</size>
         <alignment>0x2</alignment>
         <input_file_ref idref="fl-2b"/>
      </object_component>
      <object_component id="oc-1ac">
         <name>.text.GPIOIntEnable</name>
         <load_address>0x2000fd30</load_address>
         <readonly>true</readonly>
         <executable>true</executable>
         <run_address>0x2000fd30</run_address>
         <size>0x18</size>
         <alignment>0x2</alignment>
         <input_file_ref idref="fl-24"/>
      </object_component>
      <object_component id="oc-18c">
         <name>.text.SemaphoreP_create</name>
         <load_address>0x2000fd48</load_address>
         <readonly>true</readonly>
         <executable>true</executable>
         <run_address>0x2000fd48</run_address>
         <size>0x18</size>
         <alignment>0x2</alignment>
         <input_file_ref idref="fl-1d"/>
      </object_component>
      <object_component id="oc-a6">
         <name>.text.Board_init</name>
         <load_address>0x2000fd60</load_address>
         <readonly>true</readonly>
         <executable>true</executable>
         <run_address>0x2000fd60</run_address>
         <size>0x16</size>
         <alignment>0x2</alignment>
         <input_file_ref idref="fl-3"/>
      </object_component>
      <object_component id="oc-20a">
         <name>.text.SysTickPeriodSet</name>
         <load_address>0x2000fd76</load_address>
         <readonly>true</readonly>
         <executable>true</executable>
         <run_address>0x2000fd76</run_address>
         <size>0x16</size>
         <alignment>0x2</alignment>
         <input_file_ref idref="fl-2a"/>
      </object_component>
      <object_component id="oc-1e8">
         <name>.text.UARTCharsAvail</name>
         <load_address>0x2000fd8c</load_address>
         <readonly>true</readonly>
         <executable>true</executable>
         <run_address>0x2000fd8c</run_address>
         <size>0x16</size>
         <alignment>0x2</alignment>
         <input_file_ref idref="fl-2b"/>
      </object_component>
      <object_component id="oc-1d7">
         <name>.text.UARTDMADisable</name>
         <load_address>0x2000fda2</load_address>
         <readonly>true</readonly>
         <executable>true</executable>
         <run_address>0x2000fda2</run_address>
         <size>0x16</size>
         <alignment>0x2</alignment>
         <input_file_ref idref="fl-2b"/>
      </object_component>
      <object_component id="oc-1c7">
         <name>.text.UARTFIFOLevelSet</name>
         <load_address>0x2000fdb8</load_address>
         <readonly>true</readonly>
         <executable>true</executable>
         <run_address>0x2000fdb8</run_address>
         <size>0x16</size>
         <alignment>0x2</alignment>
         <input_file_ref idref="fl-2b"/>
      </object_component>
      <object_component id="oc-1d6">
         <name>.text.UARTIntDisable</name>
         <load_address>0x2000fdce</load_address>
         <readonly>true</readonly>
         <executable>true</executable>
         <run_address>0x2000fdce</run_address>
         <size>0x16</size>
         <alignment>0x2</alignment>
         <input_file_ref idref="fl-2b"/>
      </object_component>
      <object_component id="oc-6c">
         <name>.text.CPUcpsid</name>
         <load_address>0x2000fde4</load_address>
         <readonly>true</readonly>
         <executable>true</executable>
         <run_address>0x2000fde4</run_address>
         <size>0x14</size>
         <alignment>0x2</alignment>
         <input_file_ref idref="fl-23"/>
      </object_component>
      <object_component id="oc-1a4">
         <name>.text.CPUcpsie</name>
         <load_address>0x2000fdf8</load_address>
         <readonly>true</readonly>
         <executable>true</executable>
         <run_address>0x2000fdf8</run_address>
         <size>0x14</size>
         <alignment>0x2</alignment>
         <input_file_ref idref="fl-23"/>
      </object_component>
      <object_component id="oc-1da">
         <name>.text.HwiP_destruct</name>
         <load_address>0x2000fe0c</load_address>
         <readonly>true</readonly>
         <executable>true</executable>
         <run_address>0x2000fe0c</run_address>
         <size>0x14</size>
         <alignment>0x2</alignment>
         <input_file_ref idref="fl-1f"/>
      </object_component>
      <object_component id="oc-73">
         <name>.text.IntVTableBaseSet</name>
         <load_address>0x2000fe20</load_address>
         <readonly>true</readonly>
         <executable>true</executable>
         <run_address>0x2000fe20</run_address>
         <size>0x14</size>
         <alignment>0x2</alignment>
         <input_file_ref idref="fl-26"/>
      </object_component>
      <object_component id="oc-19f">
         <name>.text.Power_disablePolicy</name>
         <load_address>0x2000fe34</load_address>
         <readonly>true</readonly>
         <executable>true</executable>
         <run_address>0x2000fe34</run_address>
         <size>0x14</size>
         <alignment>0x4</alignment>
         <input_file_ref idref="fl-15"/>
      </object_component>
      <object_component id="oc-1fb">
         <name>.text.Power_getTransitionLatency</name>
         <load_address>0x2000fe48</load_address>
         <readonly>true</readonly>
         <executable>true</executable>
[...]
         <value>0x20010109</value>
         <object_component_ref idref="oc-264"/>
      </symbol>
      <symbol id="sm-2da">
         <name>CPUwfi</name>
         <value>0x20010079</value>
         <object_component_ref idref="oc-25a"/>
      </symbol>
      <symbol id="sm-313">
         <name>GPIODirModeSet</name>
         <value>0x2000efa9</value>
         <object_component_ref idref="oc-141"/>
      </symbol>
      <symbol id="sm-314">
         <name>GPIOIntClear</name>
         <value>0x2000fee7</value>
         <object_component_ref idref="oc-1ab"/>
      </symbol>
      <symbol id="sm-315">
         <name>GPIOIntDisable</name>
         <value>0x2000fc95</value>
         <object_component_ref idref="oc-218"/>
      </symbol>
      <symbol id="sm-316">
         <name>GPIOIntEnable</name>
         <value>0x2000fd31</value>
         <object_component_ref idref="oc-1ac"/>
      </symbol>
      <symbol id="sm-317">
         <name>GPIOIntStatus</name>
         <value>0x2000f6d9</value>
         <object_component_ref idref="oc-1ad"/>
      </symbol>
      <symbol id="sm-318">
         <name>GPIOIntTypeSet</name>
         <value>0x2000dd31</value>
         <object_component_ref idref="oc-1a9"/>
      </symbol>
      <symbol id="sm-319">
         <name>GPIOPinWrite</name>
         <value>0x2000fa25</value>
         <object_component_ref idref="oc-146"/>
      </symbol>
      <symbol id="sm-369">
         <name>IntDisable</name>
         <value>0x2000d975</value>
         <object_component_ref idref="oc-225"/>
      </symbol>
      <symbol id="sm-36a">
         <name>IntEnable</name>
         <value>0x2000da3d</value>
         <object_component_ref idref="oc-1d1"/>
      </symbol>
      <symbol id="sm-36b">
         <name>IntMasterDisable</name>
         <value>0x2001011d</value>
         <object_component_ref idref="oc-4a"/>
      </symbol>
      <symbol id="sm-36c">
         <name>IntMasterEnable</name>
         <value>0x20010127</value>
         <object_component_ref idref="oc-139"/>
      </symbol>
      <symbol id="sm-36d">
         <name>IntPendClear</name>
         <value>0x2000e75b</value>
         <object_component_ref idref="oc-1ce"/>
      </symbol>
      <symbol id="sm-36e">
         <name>IntPendSet</name>
         <value>0x2000dddd</value>
         <object_component_ref idref="oc-27b"/>
      </symbol>
      <symbol id="sm-36f">
         <name>IntPrioritySet</name>
         <value>0x2000e9f1</value>
         <object_component_ref idref="oc-1d0"/>
      </symbol>
      <symbol id="sm-370">
         <name>IntRegister</name>
         <value>0x2000facf</value>
         <object_component_ref idref="oc-1cf"/>
      </symbol>
      <symbol id="sm-371">
         <name>IntUnregister</name>
         <value>0x2000f905</value>
         <object_component_ref idref="oc-226"/>
      </symbol>
      <symbol id="sm-372">
         <name>IntVTableBaseSet</name>
         <value>0x2000fe21</value>
         <object_component_ref idref="oc-73"/>
      </symbol>
      <symbol id="sm-3ba">
         <name>PinConfigGet</name>
         <value>0x2000ee8d</value>
         <object_component_ref idref="oc-271"/>
      </symbol>
      <symbol id="sm-3bb">
         <name>PinConfigSet</name>
         <value>0x2000de81</value>
         <object_component_ref idref="oc-13d"/>
      </symbol>
      <symbol id="sm-3bc">
         <name>PinDirModeGet</name>
         <value>0x2000f4e1</value>
         <object_component_ref idref="oc-272"/>
      </symbol>
      <symbol id="sm-3bd">
         <name>PinDirModeSet</name>
         <value>0x2000f201</value>
         <object_component_ref idref="oc-273"/>
      </symbol>
      <symbol id="sm-3be">
         <name>PinLock</name>
         <value>0x2000f441</value>
         <object_component_ref idref="oc-24e"/>
      </symbol>
      <symbol id="sm-3bf">
         <name>PinLockLevelSet</name>
         <value>0x2000e4d5</value>
         <object_component_ref idref="oc-24d"/>
      </symbol>
      <symbol id="sm-3c0">
         <name>PinModeGet</name>
         <value>0x2000f515</value>
         <object_component_ref idref="oc-118"/>
      </symbol>
      <symbol id="sm-3c1">
         <name>PinModeSet</name>
         <value>0x2000f0fd</value>
         <object_component_ref idref="oc-11d"/>
      </symbol>
      <symbol id="sm-3c2">
         <name>PinToPadGet</name>
         <value>0x2000fcfd</value>
         <object_component_ref idref="oc-1e0"/>
      </symbol>
      <symbol id="sm-3c3">
         <name>PinTypeUART</name>
         <value>0x2000fb71</value>
         <object_component_ref idref="oc-1b1"/>
      </symbol>
      <symbol id="sm-3c4">
         <name>PinUnlock</name>
         <value>0x2000fa47</value>
         <object_component_ref idref="oc-254"/>
      </symbol>
      <symbol id="sm-476">
         <name>PRCMCC3200MCUInit</name>
         <value>0x2000c041</value>
         <object_component_ref idref="oc-d2"/>
      </symbol>
      <symbol id="sm-477">
         <name>PRCMHIBRegRead</name>
         <value>0x2000fcaf</value>
         <object_component_ref idref="oc-114"/>
      </symbol>
      <symbol id="sm-478">
         <name>PRCMHIBRegWrite</name>
         <value>0x2000fcc9</value>
         <object_component_ref idref="oc-113"/>
      </symbol>
      <symbol id="sm-479">
         <name>PRCMHibernateWakeUpGPIOSelect</name>
         <value>0x2000e37d</value>
         <object_component_ref idref="oc-181"/>
      </symbol>
      <symbol id="sm-47a">
         <name>PRCMHibernateWakeupSourceDisable</name>
         <value>0x2000e8e1</value>
         <object_component_ref idref="oc-183"/>
      </symbol>
      <symbol id="sm-47b">
         <name>PRCMHibernateWakeupSourceEnable</name>
         <value>0x2000eb99</value>
         <object_component_ref idref="oc-182"/>
      </symbol>
      <symbol id="sm-47c">
         <name>PRCMIntEnable</name>
         <value>0x2000edfd</value>
         <object_component_ref idref="oc-253"/>
      </symbol>
      <symbol id="sm-47d">
         <name>PRCMLPDSEnter</name>
         <value>0x2000ea49</value>
         <object_component_ref idref="oc-259"/>
      </symbol>
      <symbol id="sm-47e">
         <name>PRCMLPDSEnterKeepDebugIf</name>
         <value>0x2000ef1d</value>
         <object_component_ref idref="oc-258"/>
      </symbol>
      <symbol id="sm-47f">
         <name>PRCMLPDSIntervalSet</name>
         <value>0x2000f649</value>
         <object_component_ref idref="oc-207"/>
      </symbol>
      <symbol id="sm-480">
         <name>PRCMLPDSRestoreInfoSet</name>
         <value>0x2000ecd5</value>
         <object_component_ref idref="oc-274"/>
      </symbol>
      <symbol id="sm-481">
         <name>PRCMLPDSWakeUpGPIOSelect</name>
         <value>0x2000f7e7</value>
         <object_component_ref idref="oc-180"/>
      </symbol>
      <symbol id="sm-482">
         <name>PRCMLPDSWakeupCauseGet</name>
         <value>0x200100a9</value>
         <object_component_ref idref="oc-256"/>
      </symbol>
      <symbol id="sm-483">
         <name>PRCMLPDSWakeupSourceDisable</name>
         <value>0x2000fce3</value>
         <object_component_ref idref="oc-17f"/>
      </symbol>
      <symbol id="sm-484">
         <name>PRCMLPDSWakeupSourceEnable</name>
         <value>0x2000f94d</value>
         <object_component_ref idref="oc-17e"/>
      </symbol>
      <symbol id="sm-485">
         <name>PRCMPeripheralClkDisable</name>
         <value>0x2000f811</value>
         <object_component_ref idref="oc-117"/>
      </symbol>
      <symbol id="sm-486">
         <name>PRCMPeripheralClkEnable</name>
         <value>0x2000e93d</value>
         <object_component_ref idref="oc-115"/>
      </symbol>
      <symbol id="sm-487">
         <name>PRCMPeripheralReset</name>
         <value>0x2000e6f1</value>
         <object_component_ref idref="oc-116"/>
      </symbol>
      <symbol id="sm-488">
         <name>PRCMPeripheralStatusGet</name>
         <value>0x2000ee45</value>
         <object_component_ref idref="oc-1a5"/>
      </symbol>
      <symbol id="sm-489">
         <name>PRCMSRAMRetentionEnable</name>
         <value>0x2000f88d</value>
         <object_component_ref idref="oc-24b"/>
      </symbol>
      <symbol id="sm-48a">
         <name>PRCMSleepEnter</name>
         <value>0x2001015f</value>
         <object_component_ref idref="oc-20d"/>
      </symbol>
      <symbol id="sm-48b">
         <name>PRCMSlowClkCtrFastGet</name>
         <value>0x2000f679</value>
         <object_component_ref idref="oc-242"/>
      </symbol>
      <symbol id="sm-48c">
         <name>PRCMSysResetCauseGet</name>
         <value>0x2000e179</value>
         <object_component_ref idref="oc-10e"/>
      </symbol>
      <symbol id="sm-4aa">
         <name>SysTickEnable</name>
         <value>0x2000ff0b</value>
         <object_component_ref idref="oc-20b"/>
      </symbol>
      <symbol id="sm-4ab">
         <name>SysTickIntDisable</name>
         <value>0x2000ff1d</value>
         <object_component_ref idref="oc-202"/>
      </symbol>
      <symbol id="sm-4ac">
         <name>SysTickIntEnable</name>
         <value>0x2000ff2f</value>
         <object_component_ref idref="oc-20c"/>
      </symbol>
      <symbol id="sm-4ad">
         <name>SysTickPeriodSet</name>
         <value>0x2000fd77</value>
         <object_component_ref idref="oc-20a"/>
      </symbol>
      <symbol id="sm-517">
         <name>UARTBusy</name>
         <value>0x2000ffd5</value>
         <object_component_ref idref="oc-266"/>
      </symbol>
      <symbol id="sm-518">
         <name>UARTCharPutNonBlocking</name>
         <value>0x2000f477</value>
         <object_component_ref idref="oc-265"/>
      </symbol>
      <symbol id="sm-519">
         <name>UARTCharsAvail</name>
         <value>0x2000fd8d</value>
         <object_component_ref idref="oc-1e8"/>
      </symbol>
      <symbol id="sm-51a">
         <name>UARTConfigSetExpClk</name>
         <value>0x2000e3f1</value>
         <object_component_ref idref="oc-1bf"/>
      </symbol>
      <symbol id="sm-51b">
         <name>UARTDMADisable</name>
         <value>0x2000fda3</value>
         <object_component_ref idref="oc-1d7"/>
      </symbol>
      <symbol id="sm-51c">
         <name>UARTDMAEnable</name>
         <value>0x2000fe71</value>
         <object_component_ref idref="oc-234"/>
      </symbol>
      <symbol id="sm-51d">
         <name>UARTDisable</name>
         <value>0x2000f763</value>
         <object_component_ref idref="oc-1d9"/>
      </symbol>
      <symbol id="sm-51e">
         <name>UARTEnable</name>
         <value>0x2000fbad</value>
         <object_component_ref idref="oc-1c5"/>
      </symbol>
      <symbol id="sm-51f">
         <name>UARTFIFOLevelSet</name>
         <value>0x2000fdb9</value>
         <object_component_ref idref="oc-1c7"/>
      </symbol>
      <symbol id="sm-520">
         <name>UARTFlowControlSet</name>
         <value>0x2000fd17</value>
         <object_component_ref idref="oc-1c8"/>
      </symbol>
      <symbol id="sm-521">
         <name>UARTIntClear</name>
         <value>0x2000ffe5</value>
         <object_component_ref idref="oc-1c4"/>
      </symbol>
      <symbol id="sm-522">
         <name>UARTIntDisable</name>
         <value>0x2000fdcf</value>
         <object_component_ref idref="oc-1d6"/>
      </symbol>
      <symbol id="sm-523">
         <name>UARTIntEnable</name>
         <value>0x2000fe85</value>
         <object_component_ref idref="oc-1c6"/>
      </symbol>
      <symbol id="sm-524">
         <name>UARTIntStatus</name>
         <value>0x2000f83b</value>
         <object_component_ref idref="oc-1e3"/>
      </symbol>
      <symbol id="sm-525">
         <name>UARTRxErrorGet</name>
         <value>0x2000fff5</value>
         <object_component_ref idref="oc-1e5"/>
      </symbol>
      <symbol id="sm-57e">
         <name>uDMAChannelAssign</name>
         <value>0x2000ec39</value>
         <object_component_ref idref="oc-1c9"/>
      </symbol>
      <symbol id="sm-57f">
         <name>uDMAChannelAttributeDisable</name>
         <value>0x2000e057</value>
         <object_component_ref idref="oc-1ca"/>
      </symbol>
      <symbol id="sm-580">
         <name>uDMAChannelControlSet</name>
         <value>0x2000f1c1</value>
         <object_component_ref idref="oc-231"/>
      </symbol>
      <symbol id="sm-581">
         <name>uDMAChannelDisable</name>
         <value>0x2000fbcb</value>
         <object_component_ref idref="oc-22b"/>
      </symbol>
      <symbol id="sm-582">
         <name>uDMAChannelEnable</name>
         <value>0x2000fbe9</value>
         <object_component_ref idref="oc-233"/>
      </symbol>
      <symbol id="sm-583">
         <name>uDMAChannelIsEnabled</name>
         <value>0x2000fc07</value>
         <object_component_ref idref="oc-1e6"/>
      </symbol>
      <symbol id="sm-584">
         <name>uDMAChannelSizeGet</name>
         <value>0x2000ed6b</value>
         <object_component_ref idref="oc-22c"/>
      </symbol>
      <symbol id="sm-585">
         <name>uDMAChannelTransferSet</name>
         <value>0x2000d4db</value>
         <object_component_ref idref="oc-232"/>
      </symbol>
      <symbol id="sm-586">
         <name>uDMAControlBaseSet</name>
         <value>0x2000fead</value>
         <object_component_ref idref="oc-1bb"/>
      </symbol>
      <symbol id="sm-587">
         <name>uDMAEnable</name>
         <value>0x20010041</value>
         <object_component_ref idref="oc-1b6"/>
      </symbol>
      <symbol id="sm-588">
         <name>uDMAErrorStatusClear</name>
         <value>0x2001004f</value>
         <object_component_ref idref="oc-27d"/>
      </symbol>
      <symbol id="sm-589">
         <name>uDMAErrorStatusGet</name>
         <value>0x200100fd</value>
         <object_component_ref idref="oc-27c"/>
      </symbol>
      <symbol id="sm-58a">
         <name>uDMAIntClear</name>
         <value>0x2000fec1</value>
         <object_component_ref idref="oc-22d"/>
      </symbol>
      <symbol id="sm-595">
         <name>UtilsDelay</name>
         <value>0x20010167</value>
         <object_component_ref idref="oc-10f"/>
      </symbol>
      <symbol id="sm-5c2">
         <name>FlashDisable</name>
         <value>0x2000e885</value>
         <object_component_ref idref="oc-276"/>
      </symbol>
      <symbol id="sm-5e2">
         <name>malloc</name>
         <value>0x20010179</value>
         <object_component_ref idref="oc-1a6"/>
      </symbol>
      <symbol id="sm-5e3">
         <name>aligned_alloc</name>
         <value>0x2000d2a1</value>
         <object_component_ref idref="oc-217"/>
      </symbol>
      <symbol id="sm-5e4">
         <name>free</name>
         <value>0x2000d5ed</value>
         <object_component_ref idref="oc-190"/>
      </symbol>
      <symbol id="sm-5e5">
         <name>_sys_memory</name>
         <value>0x20004040</value>
         <object_component_ref idref="oc-31"/>
      </symbol>
      <symbol id="sm-5e6">
         <name>memalign</name>
         <value>0x2000d2a1</value>
         <object_component_ref idref="oc-217"/>
      </symbol>
      <symbol id="sm-5f0">
         <name>__TI_zero_init</name>
         <value>0x20010015</value>
         <object_component_ref idref="oc-49"/>
      </symbol>
      <symbol id="sm-5f9">
         <name>__TI_decompress_none</name>
         <value>0x2001006b</value>
         <object_component_ref idref="oc-1c"/>
      </symbol>
      <symbol id="sm-603">
         <name>__TI_decompress_lzss</name>
         <value>0x2000e465</value>
         <object_component_ref idref="oc-18"/>
      </symbol>
      <symbol id="sm-60e">
         <name>_c_int00_noargs</name>
         <value>0x2000fa01</value>
         <object_component_ref idref="oc-76"/>
      </symbol>
      <symbol id="sm-60f">
         <name>__stack</name>
         <value>0x20003000</value>
         <object_component_ref idref="oc-16"/>
      </symbol>
      <symbol id="sm-61a">
         <name>abort</name>
         <value>0x200101b9</value>
         <object_component_ref idref="oc-b8"/>
      </symbol>
      <symbol id="sm-61b">
         <name>C$$EXIT</name>
         <value>0x200101b8</value>
         <object_component_ref idref="oc-b8"/>
      </symbol>
      <symbol id="sm-624">
         <name>_nop</name>
         <value>0x2000ec87</value>
         <object_component_ref idref="oc-16f"/>
      </symbol>
      <symbol id="sm-625">
         <name>_lock</name>
         <value>0x2001129c</value>
         <object_component_ref idref="oc-104"/>
      </symbol>
      <symbol id="sm-626">
         <name>_unlock</name>
         <value>0x200112a0</value>
         <object_component_ref idref="oc-107"/>
      </symbol>
      <symbol id="sm-632">
         <name>__TI_auto_init_nobinit_nopinit</name>
         <value>0x2000f409</value>
         <object_component_ref idref="oc-bf"/>
      </symbol>
      <symbol id="sm-63a">
         <name>_system_pre_init</name>
         <value>0x200101b5</value>
         <object_component_ref idref="oc-8b"/>
      </symbol>
      <symbol id="sm-641">
         <name>__aeabi_memcpy</name>
         <value>0x200101b1</value>
         <object_component_ref idref="oc-3c"/>
      </symbol>
      <symbol id="sm-642">
         <name>__aeabi_memcpy4</name>
         <value>0x200101b1</value>
         <object_component_ref idref="oc-3c"/>
      </symbol>
      <symbol id="sm-643">
         <name>__aeabi_memcpy8</name>
         <value>0x200101b1</value>
         <object_component_ref idref="oc-3c"/>
      </symbol>
      <symbol id="sm-64a">
         <name>__aeabi_memclr</name>
         <value>0x20010171</value>
         <object_component_ref idref="oc-67"/>
      </symbol>
      <symbol id="sm-64b">
         <name>__aeabi_memclr4</name>
         <value>0x20010171</value>
         <object_component_ref idref="oc-67"/>
      </symbol>
      <symbol id="sm-64c">
         <name>__aeabi_memclr8</name>
         <value>0x20010171</value>
         <object_component_ref idref="oc-67"/>
      </symbol>
      <symbol id="sm-652">
         <name>__aeabi_uldivmod</name>
         <value>0x2000fe99</value>
         <object_component_ref idref="oc-1fe"/>
      </symbol>
      <symbol id="sm-658">
         <name>__udivmoddi4</name>
         <value>0x2000dc81</value>
         <object_component_ref idref="oc-243"/>
      </symbol>
      <symbol id="sm-662">
         <name>__aeabi_ldiv0</name>
         <value>0x2000ea9f</value>
         <object_component_ref idref="oc-26a"/>
      </symbol>
      <symbol id="sm-66a">
         <name>TI_memcpy_small</name>
         <value>0x2000ff53</value>
         <object_component_ref idref="oc-81"/>
      </symbol>
      <symbol id="sm-672">
         <name>TI_memset_small</name>
         <value>0x2001005d</value>
         <object_component_ref idref="oc-9e"/>
      </symbol>
      <symbol id="sm-673">
         <name>__TI_static_base__</name>
         <value>0x200101bc</value>
      </symbol>
      <symbol id="sm-676">
         <name>ITM_flush</name>
         <value>0x0</value>
      </symbol>
      <symbol id="sm-677">
         <name>ITM_restore</name>
         <value>0x0</value>
      </symbol>
      <symbol id="sm-678">
         <name>__mpu_init</name>
         <value>0x0</value>
      </symbol>
      <symbol id="sm-679">
         <name>_system_post_cinit</name>
         <value>0x0</value>
      </symbol>
   </symbol_table>
   <title>Link successful</title>
</link_info>
