******************************************************************************
            TI ARM Clang Linker PC v3.2.1                      
******************************************************************************
>> Linked Fri Apr  5 12:08:06 2024

OUTPUT FILE NAME:   <gpiointerrupt_CC3220S_LAUNCHXL_nortos_ticlang.out>
ENTRY POINT SYMBOL: "resetISR"  address: 2000ede9


MEMORY CONFIGURATION

         name            origin    length      used     unused   attr    fill
----------------------  --------  ---------  --------  --------  ----  --------
  SRAM2                 20000000   00004000  0000130c  00002cf4  RW X
  SRAM                  20004000   0003c000  0000bfcd  00030033  RW X
  LOG_DATA              90000000   00040000  00000000  00040000  R   
  LOG_PTR               94000008   00040000  00000000  00040000  R   


SEGMENT ALLOCATION MAP

run origin  load origin   length   init length attrs members
----------  ----------- ---------- ----------- ----- -------
20003000    20003000    00001000   00000000    rw-
  20003000    20003000    00001000   00000000    rw- .stack
20004000    20004000    00000040   00000040    r--
  20004000    20004000    00000040   00000040    r-- .resetVecs
20004040    20004040    00008000   00000000    rw-
  20004040    20004040    00008000   00000000    rw- .sysmem
2000c040    2000c040    00003190   00003190    r-x
  2000c040    2000c040    00003190   00003190    r-x .text
2000f1d0    2000f1d0    00000685   00000000    rw-
  2000f1d0    2000f1d0    00000685   00000000    rw- .data
2000f858    2000f858    000003ac   000003ac    r--
  2000f858    2000f858    000003ac   000003ac    r-- .rodata
2000fc08    2000fc08    000002d4   00000000    rw-
  2000fc08    2000fc08    000002d4   00000000    rw- .bss
2000fedc    2000fedc    000000f8   000000f8    r--
  2000fedc    2000fedc    000000f8   000000f8    r-- .cinit


SECTION ALLOCATION MAP

 output                                  attributes/
section   page    origin      length       input sections
--------  ----  ----------  ----------   ----------------
.text      0    2000c040    00003190     
                  2000c040    000004b8     driverlib.a : prcm.obj (.text.PRCMCC3200MCUInit)
                  2000c4f8    000003e4     drivers_cc32xx.a : PowerCC32XX.c.obj (.text.Power_sleep)
                  2000c8dc    00000150     nortos_cc32xx.a : PowerCC32XX_nortos.c.obj (.text.PowerCC32XX_sleepPolicy)
                  2000ca2c    00000148     drivers_cc32xx.a : TimerCC32XX.c.obj (.text.Timer_open)
                  2000cb74    00000140                      : GPIOCC32XX.c.obj (.text.GPIO_setConfig)
                  2000ccb4    00000120     libc.a : memory.c.obj (.text.aligned_alloc)
                  2000cdd4    000000f0            : memory.c.obj (.text.free)
                  2000cec4    000000c8     driverlib.a : interrupt.obj (.text.IntDisable)
                  2000cf8c    000000c8                 : interrupt.obj (.text.IntEnable)
                  2000d054    000000b0     libclang_rt.builtins.a : udivmoddi4.S.obj (.text)
                  2000d104    000000ac     driverlib.a : gpio.obj (.text.GPIOIntTypeSet)
                  2000d1b0    000000a4                 : interrupt.obj (.text.IntPendSet)
                  2000d254    000000a2                 : pin.obj (.text.PinConfigSet)
                  2000d2f6    00000002     ti_drivers_config.o (.text.Board_initHook)
                  2000d2f8    00000098     nortos_cc32xx.a : SemaphoreP_nortos.c.obj (.text.SemaphoreP_pend)
                  2000d390    00000096     drivers_cc32xx.a : PowerCC32XX_ticlang.asm.obj (.text)
                  2000d426    00000002     nortos_cc32xx.a : PowerCC32XX_nortos.c.obj (.text.PowerCC32XX_initPolicy)
                  2000d428    00000090     drivers_cc32xx.a : GPIOCC32XX.c.obj (.text.GPIO_init)
                  2000d4b8    0000008e     driverlib.a : prcm.obj (.text.PRCMSysResetCauseGet)
                  2000d546    00000002     nortos_cc32xx.a : SemaphoreP_nortos.c.obj (.text.SemaphoreP_destruct)
                  2000d548    00000088     drivers_cc32xx.a : PowerCC32XX.c.obj (.text.PowerCC32XX_configureWakeup)
                  2000d5d0    00000078                      : PowerCC32XX.c.obj (.text.Power_init)
                  2000d648    00000074     nortos_cc32xx.a : HwiPCC32XX_nortos.c.obj (.text.HwiP_construct)
                  2000d6bc    00000074     driverlib.a : prcm.obj (.text.PRCMHibernateWakeUpGPIOSelect)
                  2000d730    00000070     libc.a : copy_decompress_lzss.c.obj (.text:decompress:lzss)
                  2000d7a0    0000006c     driverlib.a : pin.obj (.text.PinLockLevelSet)
                  2000d80c    0000006c     drivers_cc32xx.a : PowerCC32XX.c.obj (.text.Power_setDependency)
                  2000d878    0000006c                      : GPIOCC32XX.c.obj (.text.powerNotifyFxn)
                  2000d8e4    0000006c     libc.a : memory.c.obj (.text.split)
                  2000d950    0000006a     driverlib.a : prcm.obj (.text.PRCMPeripheralReset)
                  2000d9ba    00000068                 : interrupt.obj (.text.IntPendClear)
                  2000da22    00000002     drivers_cc32xx.a : Timer.c.obj (.text.Timer_init)
                  2000da24    00000064     gpiointerrupt.o (.text.timerCallback)
                  2000da88    00000060     drivers_cc32xx.a : GPIOCC32XX.c.obj (.text.GPIO_write)
                  2000dae8    00000060     gpiointerrupt.o (.text.mainThread)
                  2000db48    0000005c     driverlib.a : flash.obj (.text.FlashDisable)
                  2000dba4    0000005c                 : prcm.obj (.text.PRCMHibernateWakeupSourceDisable)
                  2000dc00    0000005c     drivers_cc32xx.a : TimerCC32XX.c.obj (.text.TimerCC32XX_allocateTimerResource)
                  2000dc5c    0000005a     driverlib.a : prcm.obj (.text.PRCMPeripheralClkEnable)
                  2000dcb6    00000002     libclang_rt.builtins.a : aeabi_div0.c.obj (.text.__aeabi_ldiv0)
                  2000dcb8    00000058     nortos_cc32xx.a : ClockPSysTick_nortos.c.obj (.text.ClockP_startup)
                  2000dd10    00000058     driverlib.a : interrupt.obj (.text.IntPrioritySet)
                  2000dd68    00000056                 : prcm.obj (.text.PRCMLPDSEnter)
                  2000ddbe    00000002     libc.a : _lock.c.obj (.text._nop)
                  2000ddc0    00000054     drivers_cc32xx.a : PowerCC32XX.c.obj (.text.PowerCC32XX_setParkState)
                  2000de14    00000054                      : PowerCC32XX.c.obj (.text.Power_releaseDependency)
                  2000de68    00000050                      : GPIOCC32XX.c.obj (.text.GPIO_hwiIntFxn)
                  2000deb8    00000050     driverlib.a : prcm.obj (.text.PRCMHibernateWakeupSourceEnable)
                  2000df08    00000050     nortos_cc32xx.a : SemaphoreP_nortos.c.obj (.text.SemaphoreP_construct)
                  2000df58    0000004c     drivers_cc32xx.a : GPIOCC32XX.c.obj (.text.GPIO_setInterruptConfig)
                  2000dfa4    0000004c     driverlib.a : prcm.obj (.text.PRCMLPDSRestoreInfoSet)
                  2000dff0    0000004c     drivers_cc32xx.a : TimerCC32XX.c.obj (.text.initHw)
                  2000e03c    0000004a                      : TimerCC32XX.c.obj (.text.getPrescaler)
                  2000e086    00000002     nortos_cc32xx.a : startup_cc32xx_ticlang.c.obj (.text.busFaultHandler)
                  2000e088    00000048                     : ClockPSysTick_nortos.c.obj (.text.ClockP_sysTickHandler)
                  2000e0d0    00000048     driverlib.a : prcm.obj (.text.PRCMIntEnable)
                  2000e118    00000048                 : prcm.obj (.text.PRCMPeripheralStatusGet)
                  2000e160    00000048                 : pin.obj (.text.PinConfigGet)
                  2000e1a8    00000046                 : prcm.obj (.text.PRCMLPDSEnterKeepDebugIf)
                  2000e1ee    00000044                 : gpio.obj (.text.GPIODirModeSet)
                  2000e232    00000002     nortos_cc32xx.a : SemaphoreP_nortos.c.obj (.text.clkFxn)
                  2000e234    00000044     drivers_cc32xx.a : GPIOCC32XX.c.obj (.text.GPIO_disableInt)
                  2000e278    00000044                      : GPIOCC32XX.c.obj (.text.GPIO_enableInt)
                  2000e2bc    00000044                      : PowerCC32XX.c.obj (.text.Power_releaseConstraint)
                  2000e300    00000044                      : Timer.c.obj (.text.Timer_start)
                  2000e344    00000044     nortos_cc32xx.a : ClockPSysTick_nortos.c.obj (.text.addToList)
                  2000e388    00000042     driverlib.a : pin.obj (.text.PinModeSet)
                  2000e3ca    00000042                 : timer.obj (.text.TimerControlStall)
                  2000e40c    00000042     drivers_cc32xx.a : TimerCC32XX.c.obj (.text.Timer_close)
                  2000e44e    00000042     nortos_cc32xx.a : PowerCC32XX_nortos.c.obj (.text.getCountsRTC)
                  2000e490    00000040                     : SemaphoreP_nortos.c.obj (.text.SemaphoreP_post)
                  2000e4d0    00000040     drivers_cc32xx.a : Timer.c.obj (.text.Timer_stop)
                  2000e510    0000003e     driverlib.a : pin.obj (.text.PinDirModeSet)
                  2000e54e    00000002     nortos_cc32xx.a : startup_cc32xx_ticlang.c.obj (.text.defaultHandler)
                  2000e550    0000003c                     : ClockPSysTick_nortos.c.obj (.text.ClockP_stop)
                  2000e58c    0000003c     gpiointerrupt.o (.text.initTimer)
                  2000e5c8    0000003a     drivers_cc32xx.a : TimerCC32XX.c.obj (.text.TimerSupport_timerEnable)
                  2000e602    00000002     nortos_cc32xx.a : startup_cc32xx_ticlang.c.obj (.text.faultISR)
                  2000e604    00000038                     : ClockPSysTick_nortos.c.obj (.text.ClockP_destruct)
                  2000e63c    00000038     drivers_cc32xx.a : PowerCC32XX.c.obj (.text.Power_setConstraint)
                  2000e674    00000038     nortos_cc32xx.a : SwiP_nortos.c.obj (.text.SwiP_restore)
                  2000e6ac    00000038     libc.a : autoinit.c.obj (.text:__TI_auto_init_nobinit_nopinit)
                  2000e6e4    00000036     driverlib.a : pin.obj (.text.PinLock)
                  2000e71a    00000036     drivers_cc32xx.a : TimerCC32XX.c.obj (.text.TimerCC32XX_hwiIntFunction)
                  2000e750    00000034     nortos_cc32xx.a : ClockPSysTick_nortos.c.obj (.text.ClockP_start)
                  2000e784    00000034     driverlib.a : pin.obj (.text.PinDirModeGet)
                  2000e7b8    00000034                 : pin.obj (.text.PinModeGet)
                  2000e7ec    00000034     drivers_cc32xx.a : PowerCC32XX.c.obj (.text.PowerCC32XX_parkPin)
                  2000e820    00000034                      : TimerCC32XX.c.obj (.text.TimerCC32XX_freeTimerResource)
                  2000e854    00000034     nortos_cc32xx.a : startup_cc32xx_ticlang.c.obj (.text.initVectors)
                  2000e888    00000030                     : ClockPSysTick_nortos.c.obj (.text.ClockP_getTicksUntilInterrupt)
                  2000e8b8    00000030     driverlib.a : prcm.obj (.text.PRCMLPDSIntervalSet)
                  2000e8e8    00000030                 : prcm.obj (.text.PRCMSlowClkCtrFastGet)
                  2000e918    00000030                 : timer.obj (.text.TimerLoadSet)
                  2000e948    00000030                 : timer.obj (.text.TimerPrescaleSet)
                  2000e978    00000030     drivers_cc32xx.a : PowerCC32XX.c.obj (.text.notify)
                  2000e9a8    0000002e     driverlib.a : gpio.obj (.text.GPIOIntStatus)
                  2000e9d6    00000002     nortos_cc32xx.a : startup_cc32xx_ticlang.c.obj (.text.nmiISR)
                  2000e9d8    0000002c                     : ClockPSysTick_nortos.c.obj (.text.ClockP_sleep)
                  2000ea04    0000002a                     : HwiPCC32XX_nortos.c.obj (.text.HwiP_create)
                  2000ea2e    0000002a     driverlib.a : prcm.obj (.text.PRCMLPDSWakeUpGPIOSelect)
                  2000ea58    0000002a                 : prcm.obj (.text.PRCMPeripheralClkDisable)
                  2000ea82    00000028     drivers_cc32xx.a : List.c.obj (.text.List_remove)
                  2000eaaa    00000028     driverlib.a : prcm.obj (.text.PRCMSRAMRetentionEnable)
                  2000ead2    00000028     drivers_cc32xx.a : TimerCC32XX.c.obj (.text.TimerSupport_timerDisable)
                  2000eafa    00000002     --HOLE-- [fill = 0]
                  2000eafc    00000028     libc.a : memory.c.obj (.text.free_list_insert)
                  2000eb24    00000028     nortos_cc32xx.a : ClockPSysTick_nortos.c.obj (.text.sleepTicks)
                  2000eb4c    00000024     driverlib.a : interrupt.obj (.text.IntUnregister)
                  2000eb70    00000024     drivers_cc32xx.a : List.c.obj (.text.List_put)
                  2000eb94    00000024     driverlib.a : prcm.obj (.text.PRCMLPDSWakeupSourceEnable)
                  2000ebb8    00000024     drivers_cc32xx.a : PowerCC32XX.c.obj (.text.PowerCC32XX_restoreParkedPin)
                  2000ebdc    00000024                      : PowerCC32XX.c.obj (.text.Power_registerNotify)
                  2000ec00    00000024     libc.a : boot_cortex_m.c.obj (.text:_c_int00_noargs)
                  2000ec24    00000022     driverlib.a : gpio.obj (.text.GPIOPinWrite)
                  2000ec46    00000022                 : pin.obj (.text.PinUnlock)
                  2000ec68    00000020                 : interrupt.obj (.text.IntRegister)
                  2000ec88    00000020     drivers_cc32xx.a : PowerCC32XX.c.obj (.text.Power_unregisterNotify)
                  2000eca8    00000020     nortos_cc32xx.a : SemaphoreP_nortos.c.obj (.text.SemaphoreP_constructBinary)
                  2000ecc8    00000020                     : SemaphoreP_nortos.c.obj (.text.SemaphoreP_createBinary)
                  2000ece8    00000020     driverlib.a : timer.obj (.text.TimerDisable)
                  2000ed08    0000001c     drivers_cc32xx.a : GPIO.c.obj (.text.GPIO_setCallback)
                  2000ed24    0000001c     nortos_cc32xx.a : HwiPCC32XX_nortos.c.obj (.text.HwiP_dispatch)
                  2000ed40    0000001c                     : SwiP_nortos.c.obj (.text.SwiP_disable)
                  2000ed5c    0000001c     gpiointerrupt.o (.text.charPause)
                  2000ed78    0000001c     gpiointerrupt.o (.text.dash)
                  2000ed94    0000001c     gpiointerrupt.o (.text.dot)
                  2000edb0    0000001c     libc.a : memory.c.obj (.text.free_list_remove)
                  2000edcc    0000001c     drivers_cc32xx.a : TimerCC32XX.c.obj (.text.getPowerMgrId)
                  2000ede8    0000001c     nortos_cc32xx.a : startup_cc32xx_ticlang.c.obj (.text.resetISR)
                  2000ee04    0000001c     gpiointerrupt.o (.text.wordPause)
                  2000ee20    0000001a     driverlib.a : gpio.obj (.text.GPIOIntDisable)
                  2000ee3a    0000001a                 : prcm.obj (.text.PRCMHIBRegRead)
                  2000ee54    0000001a                 : prcm.obj (.text.PRCMHIBRegWrite)
                  2000ee6e    0000001a                 : prcm.obj (.text.PRCMLPDSWakeupSourceDisable)
                  2000ee88    0000001a                 : pin.obj (.text.PinToPadGet)
                  2000eea2    0000001a                 : timer.obj (.text.TimerEnable)
                  2000eebc    00000018                 : gpio.obj (.text.GPIOIntEnable)
                  2000eed4    00000018     nortos_cc32xx.a : SemaphoreP_nortos.c.obj (.text.SemaphoreP_create)
                  2000eeec    00000016     ti_drivers_config.o (.text.Board_init)
                  2000ef02    00000016     driverlib.a : systick.obj (.text.SysTickPeriodSet)
                  2000ef18    00000016                 : timer.obj (.text.TimerIntDisable)
                  2000ef2e    00000014                 : cpu.obj (.text.CPUcpsid)
                  2000ef42    00000014                 : cpu.obj (.text.CPUcpsie)
                  2000ef56    00000014     nortos_cc32xx.a : HwiPCC32XX_nortos.c.obj (.text.HwiP_destruct)
                  2000ef6a    00000014     driverlib.a : interrupt.obj (.text.IntVTableBaseSet)
                  2000ef7e    00000002     --HOLE-- [fill = 0]
                  2000ef80    00000014     drivers_cc32xx.a : PowerCC32XX.c.obj (.text.Power_disablePolicy)
                  2000ef94    00000014                      : PowerCC32XX.c.obj (.text.Power_getTransitionLatency)
                  2000efa8    00000014                      : PowerCC32XX.c.obj (.text.Power_idleFunc)
                  2000efbc    00000014     driverlib.a : timer.obj (.text.TimerIntEnable)
                  2000efd0    00000014     libclang_rt.builtins.a : aeabi_uldivmod.S.obj (.text.__aeabi_uldivmod)
                  2000efe4    00000014     gpiointerrupt.o (.text.gpioButtonFxn0)
                  2000eff8    00000012     nortos_cc32xx.a : ClockPSysTick_nortos.c.obj (.text.ClockP_add)
                  2000f00a    00000012     driverlib.a : gpio.obj (.text.GPIOIntClear)
                  2000f01c    00000012     nortos_cc32xx.a : HwiPCC32XX_nortos.c.obj (.text.HwiP_Params_init)
                  2000f02e    00000012                     : HwiPCC32XX_nortos.c.obj (.text.HwiP_delete)
                  2000f040    00000012     driverlib.a : systick.obj (.text.SysTickEnable)
                  2000f052    00000012                 : systick.obj (.text.SysTickIntDisable)
                  2000f064    00000012                 : systick.obj (.text.SysTickIntEnable)
                  2000f076    00000012     libc.a : memcpy_t2.S.obj (.text:TI_memcpy_small)
                  2000f088    00000012            : copy_zero_init.c.obj (.text:decompress:ZI:__TI_zero_init_nomemset)
                  2000f09a    00000002     --HOLE-- [fill = 0]
                  2000f09c    00000010     nortos_cc32xx.a : ClockPSysTick_nortos.c.obj (.text.ClockP_getCpuFreq)
                  2000f0ac    00000010                     : ClockPSysTick_nortos.c.obj (.text.ClockP_getSystemTicks)
                  2000f0bc    00000010                     : ClockPSysTick_nortos.c.obj (.text.ClockP_setTicks)
                  2000f0cc    00000010                     : HwiPCC32XX_nortos.c.obj (.text.HwiP_inISR)
                  2000f0dc    00000010     drivers_cc32xx.a : PowerCC32XX.c.obj (.text.Power_enablePolicy)
                  2000f0ec    00000010     driverlib.a : timer.obj (.text.TimerIntClear)
                  2000f0fc    00000010     drivers_cc32xx.a : Timer.c.obj (.text.Timer_Params_init)
                  2000f10c    00000010     main_nortos.o (.text.main)
                  2000f11c    0000000e     libc.a : copy_decompress_none.c.obj (.text:decompress:none)
                  2000f12a    0000000c     driverlib.a : cpu.obj (.text.CPUwfi)
                  2000f136    0000000c                 : prcm.obj (.text.PRCMLPDSWakeupCauseGet)
                  2000f142    00000002     --HOLE-- [fill = 0]
                  2000f144    0000000c     drivers_cc32xx.a : PowerCC32XX.c.obj (.text.Power_getConstraintMask)
                  2000f150    0000000c                      : TimerCC32XX.c.obj (.text.postNotifyFxn)
                  2000f15c    0000000a     nortos_cc32xx.a : ClockPSysTick_nortos.c.obj (.text.ClockP_isActive)
                  2000f166    0000000a     driverlib.a : interrupt.obj (.text.IntMasterDisable)
                  2000f170    0000000a                 : interrupt.obj (.text.IntMasterEnable)
                  2000f17a    00000008     nortos_cc32xx.a : HwiPCC32XX_nortos.c.obj (.text.HwiP_disable)
                  2000f182    00000008                     : HwiPCC32XX_nortos.c.obj (.text.HwiP_restore)
                  2000f18a    00000008     driverlib.a : prcm.obj (.text.PRCMSleepEnter)
                  2000f192    00000008                 : utils.obj (.text.UtilsDelay)
                  2000f19a    00000008     libc.a : memory.c.obj (.text.malloc)
                  2000f1a2    00000004     nortos_cc32xx.a : ClockPSysTick_nortos.c.obj (.text.ClockP_doTick)
                  2000f1a6    00000004                     : HwiPCC32XX_nortos.c.obj (.text.HwiP_clearInterrupt)
                  2000f1aa    00000004                     : HwiPCC32XX_nortos.c.obj (.text.HwiP_enable)
                  2000f1ae    00000004                     : HwiPCC32XX_nortos.c.obj (.text.HwiP_post)
                  2000f1b2    00000004     driverlib.a : interrupt.obj (.text.IntDefaultHandler)
                  2000f1b6    00000004     nortos_cc32xx.a : NoRTOS.c.obj (.text.NoRTOS_start)
                  2000f1ba    00000004                     : SemaphoreP_nortos.c.obj (.text.SemaphoreP_delete)
                  2000f1be    00000002     --HOLE-- [fill = 0]
                  2000f1c0    00000004     libclang_rt.builtins.a : aeabi_memcpy.S.obj (.text.__aeabi_memcpy)
                  2000f1c4    00000004     libc.a : pre_init.c.obj (.text._system_pre_init)
                  2000f1c8    00000004     nortos_cc32xx.a : posix_sleep.c.obj (.text.sleep)
                  2000f1cc    00000004     libc.a : exit.c.obj (.text:abort)

.ramVecs   0    20000000    0000030c     NOLOAD SECTION
                  20000000    0000030c     nortos_cc32xx.a : startup_cc32xx_ticlang.c.obj (.ramVecs)

.stack     0    20003000    00001000     UNINITIALIZED
                  20003000    00000004     libc.a : boot_cortex_m.c.obj (.stack)
                  20003004    00000ffc     --HOLE--

.resetVecs 
*          0    20004000    00000040     
                  20004000    00000040     nortos_cc32xx.a : startup_cc32xx_ticlang.c.obj (.resetVecs)

.sysmem    0    20004040    00008000     UNINITIALIZED
                  20004040    00000010     libc.a : memory.c.obj (.sysmem)
                  20004050    00007ff0     --HOLE--

.rodata    0    2000f858    000003ac     
                  2000f858    00000100     driverlib.a : pin.obj (.rodata.g_ulPinToPadMap)
                  2000f958    000000d4                 : interrupt.obj (.rodata.g_pulRegs)
                  2000fa2c    000000a8                 : prcm.obj (.rodata.PRCM_PeriphRegsList)
                  2000fad4    00000044     ti_drivers_config.o (.rodata.PowerCC32XX_config)
                  2000fb18    00000028     drivers_cc32xx.a : GPIOCC32XX.c.obj (.rodata.portConfigs)
                  2000fb40    00000021                      : GPIOCC32XX.c.obj (.rodata.pinTable)
                  2000fb61    00000001     ti_drivers_config.o (.rodata.GPIO_pinUpperBound)
                  2000fb62    00000001     ti_drivers_config.o (.rodata.Timer_count)
                  2000fb63    00000001     --HOLE-- [fill = 0]
                  2000fb64    00000018     driverlib.a : interrupt.obj (.rodata.g_pulDisRegs)
                  2000fb7c    00000018                 : interrupt.obj (.rodata.g_pulEnRegs)
                  2000fb94    00000018                 : interrupt.obj (.rodata.g_pulPendRegs)
                  2000fbac    00000018                 : interrupt.obj (.rodata.g_pulUnpendRegs)
                  2000fbc4    00000010     ti_drivers_config.o (.rodata.GPIO_config)
                  2000fbd4    00000010     ti_drivers_config.o (.rodata.timerCC32XXHWAttrs)
                  2000fbe4    0000000c     drivers_cc32xx.a : Timer.c.obj (.rodata.defaultParams)
                  2000fbf0    0000000c                      : TimerCC32XX.c.obj (.rodata.defaultParams)
                  2000fbfc    00000008     ti_drivers_config.o (.rodata.Timer_config)

.cinit     0    2000fedc    000000f8     
                  2000fedc    000000d2     (.cinit..data.load) [load image, compression = lzss]
                  2000ffae    00000002     --HOLE-- [fill = 0]
                  2000ffb0    0000000c     (__TI_handler_table)
                  2000ffbc    00000008     (.cinit..bss.load) [load image, compression = zero_init]
                  2000ffc4    00000010     (__TI_cinit_table)

.init_array 
*          0    20004000    00000000     UNINITIALIZED

.data      0    2000f1d0    00000685     UNINITIALIZED
                  2000f1d0    0000030c     nortos_cc32xx.a : HwiPCC32XX_nortos.c.obj (.data.HwiP_dispatchTable)
                  2000f4dc    0000016c     drivers_cc32xx.a : PowerCC32XX.c.obj (.data.PowerCC32XX_module)
                  2000f648    000000f8     ti_drivers_config.o (.data.parkInfo)
                  2000f740    00000084     ti_drivers_config.o (.data.gpioPinConfigs)
                  2000f7c4    0000004c     nortos_cc32xx.a : SwiP_nortos.c.obj (.data..L_MergedGlobals)
                  2000f810    00000018     drivers_cc32xx.a : GPIOCC32XX.c.obj (.data..L_MergedGlobals)
                  2000f828    00000010     nortos_cc32xx.a : SemaphoreP_nortos.c.obj (.data..L_MergedGlobals)
                  2000f838    00000008                     : ClockPSysTick_nortos.c.obj (.data..L_MergedGlobals)
                  2000f840    00000004                     : HwiPCC32XX_nortos.c.obj (.data.HwiP_swiPIntNum)
                  2000f844    00000004     libc.a : _lock.c.obj (.data._lock)
                  2000f848    00000004            : _lock.c.obj (.data._unlock)
                  2000f84c    00000004     gpiointerrupt.o (.data.switcher)
                  2000f850    00000001     drivers_cc32xx.a : GPIOCC32XX.c.obj (.data.initCalled)
                  2000f851    00000001                      : GPIOCC32XX.c.obj (.data.portHwiCreatedBitMask)
                  2000f852    00000002     --HOLE--
                  2000f854    00000001     libc.a : memory.c.obj (.data.memory_is_initialized)

.bss       0    2000fc08    000002d4     UNINITIALIZED
                  2000fc08    0000012c     (.common:PowerCC32XX_contextSave)
                  2000fd34    00000084     (.common:gpioCallbackFunctions)
                  2000fdb8    00000084     (.common:gpioUserArgs)
                  2000fe3c    00000084     (.common:timerCC32XXObjects)
                  2000fec0    00000010     (.common:ClockP_ctrl)
                  2000fed0    00000004     nortos_cc32xx.a : ClockPSysTick_nortos.c.obj (.bss.sysTickPeriod)
                  2000fed4    00000004     libc.a : memory.c.obj (.bss.sys_free)
                  2000fed8    00000004     drivers_cc32xx.a : TimerCC32XX.c.obj (.bss.timerState.0)

.log_data 
*          0    90000000    00000000     COPY SECTION

.log_ptr   0    94000008    00000000     COPY SECTION

__llvm_prf_cnts 
*          0    20004000    00000000     UNINITIALIZED

__llvm_prf_bits 
*          0    20004000    00000000     UNINITIALIZED

MODULE SUMMARY

       Module                         code    ro data   rw data
       ------                         ----    -------   -------
    .\
       gpiointerrupt.o                388     0         4      
       main_nortos.o                  16      0         0      
    +--+------------------------------+-------+---------+---------+
       Total:                         404     0         4      
                                                               
    .\syscfg\
       ti_drivers_config.o            24      110       776    
    +--+------------------------------+-------+---------+---------+
       Total:                         24      110       776    
                                                               
    C:/ti/simplelink_cc32xx_sdk_7_10_00_13/kernel/nortos/lib/ticlang/m4/nortos_cc32xx.a
       HwiPCC32XX_nortos.c.obj        286     0         784    
       startup_cc32xx_ticlang.c.obj   88      64        780    
       ClockPSysTick_nortos.c.obj     608     0         28     
       SemaphoreP_nortos.c.obj        392     0         16     
       PowerCC32XX_nortos.c.obj       404     0         0      
       SwiP_nortos.c.obj              84      0         76     
       NoRTOS.c.obj                   4       0         0      
       posix_sleep.c.obj              4       0         0      
    +--+------------------------------+-------+---------+---------+
       Total:                         1870    64        1684   
                                                               
    C:/ti/simplelink_cc32xx_sdk_7_10_00_13/source/ti/devices/cc32xx/driverlib/ticlang/Release/driverlib.a
       prcm.obj                       2564    168       0      
       interrupt.obj                  868     308       0      
       pin.obj                        688     256       0      
       gpio.obj                       388     0         0      
       timer.obj                      278     0         0      
       flash.obj                      92      0         0      
       systick.obj                    76      0         0      
       cpu.obj                        52      0         0      
       utils.obj                      8       0         0      
    +--+------------------------------+-------+---------+---------+
       Total:                         5014    732       0      
                                                               
    C:/ti/simplelink_cc32xx_sdk_7_10_00_13/source/ti/drivers/lib/ticlang/m4/drivers_cc32xx.a
       PowerCC32XX.c.obj              1944    0         664    
       GPIOCC32XX.c.obj               960     73        26     
       TimerCC32XX.c.obj              880     12        4      
       Timer.c.obj                    150     12        0      
       PowerCC32XX_ticlang.asm.obj    150     0         0      
       List.c.obj                     76      0         0      
       GPIO.c.obj                     28      0         0      
    +--+------------------------------+-------+---------+---------+
       Total:                         4188    97        694    
                                                               
    C:\ti\ccs1260\ccs\tools\compiler\ti-cgt-armllvm_3.2.1.LTS\lib\armv7em-ti-none-eabi/c/libc.a
       memory.c.obj                   712     0         5      
       copy_decompress_lzss.c.obj     112     0         0      
       autoinit.c.obj                 56      0         0      
       boot_cortex_m.c.obj            36      0         0      
       copy_zero_init.c.obj           18      0         0      
       memcpy_t2.S.obj                18      0         0      
       copy_decompress_none.c.obj     14      0         0      
       _lock.c.obj                    2       0         8      
       exit.c.obj                     4       0         0      
       pre_init.c.obj                 4       0         0      
    +--+------------------------------+-------+---------+---------+
       Total:                         976     0         13     
                                                               
    C:\ti\ccs1260\ccs\tools\compiler\ti-cgt-armllvm_3.2.1.LTS\lib\clang/15.0.7/lib/armv7em-ti-none-eabi/libclang_rt.builtins.a
       udivmoddi4.S.obj               176     0         0      
       aeabi_uldivmod.S.obj           20      0         0      
       aeabi_memcpy.S.obj             4       0         0      
       aeabi_div0.c.obj               2       0         0      
    +--+------------------------------+-------+---------+---------+
       Total:                         202     0         0      
                                                               
       Heap:                          0       0         32768  
       Stack:                         0       0         4096   
       Linker Generated:              0       246       0      
    +--+------------------------------+-------+---------+---------+
       Grand Total:                   12678   1249      40035  


LINKER GENERATED COPY TABLES

__TI_cinit_table @ 2000ffc4 records: 2, size/record: 8, table size: 16
	.data: load addr=2000fedc, load size=000000d2 bytes, run addr=2000f1d0, run size=00000685 bytes, compression=lzss
	.bss: load addr=2000ffbc, load size=00000008 bytes, run addr=2000fc08, run size=000002d4 bytes, compression=zero_init


LINKER GENERATED HANDLER TABLE

__TI_handler_table @ 2000ffb0 records: 3, size/record: 4, table size: 12
	index: 0, handler: __TI_decompress_lzss
	index: 1, handler: __TI_decompress_none
	index: 2, handler: __TI_zero_init


GLOBAL SYMBOLS: SORTED ALPHABETICALLY BY Name 

address   name                             
-------   ----                             
2000eeed  Board_init                       
2000d2f7  Board_initHook                   
2000f1cc  C$$EXIT                          
2000ef2f  CPUcpsid                         
2000ef43  CPUcpsie                         
2000f12b  CPUwfi                           
2000eff9  ClockP_add                       
2000fec0  ClockP_ctrl                      
2000e605  ClockP_destruct                  
2000f1a3  ClockP_doTick                    
2000f09d  ClockP_getCpuFreq                
2000f0ad  ClockP_getSystemTicks            
2000e889  ClockP_getTicksUntilInterrupt    
2000f15d  ClockP_isActive                  
2000f0bd  ClockP_setTicks                  
2000e9d9  ClockP_sleep                     
2000e751  ClockP_start                     
2000dcb9  ClockP_startup                   
2000e551  ClockP_stop                      
2000e089  ClockP_sysTickHandler            
2000f83c  ClockP_tickPeriod                
2000db49  FlashDisable                     
2000e1ef  GPIODirModeSet                   
2000f00b  GPIOIntClear                     
2000ee21  GPIOIntDisable                   
2000eebd  GPIOIntEnable                    
2000e9a9  GPIOIntStatus                    
2000d105  GPIOIntTypeSet                   
2000ec25  GPIOPinWrite                     
2000fbc4  GPIO_config                      
2000e235  GPIO_disableInt                  
2000e279  GPIO_enableInt                   
2000de69  GPIO_hwiIntFxn                   
2000d429  GPIO_init                        
2000fb61  GPIO_pinUpperBound               
2000ed09  GPIO_setCallback                 
2000cb75  GPIO_setConfig                   
2000df59  GPIO_setInterruptConfig          
2000da89  GPIO_write                       
2000f01d  HwiP_Params_init                 
2000f1a7  HwiP_clearInterrupt              
2000d649  HwiP_construct                   
2000ea05  HwiP_create                      
2000f02f  HwiP_delete                      
2000ef57  HwiP_destruct                    
2000f17b  HwiP_disable                     
2000ed25  HwiP_dispatch                    
2000f1ab  HwiP_enable                      
2000f0cd  HwiP_inISR                       
2000f1af  HwiP_post                        
2000f183  HwiP_restore                     
2000f840  HwiP_swiPIntNum                  
UNDEFED   ITM_flush                        
UNDEFED   ITM_restore                      
2000cec5  IntDisable                       
2000cf8d  IntEnable                        
2000f167  IntMasterDisable                 
2000f171  IntMasterEnable                  
2000d9bb  IntPendClear                     
2000d1b1  IntPendSet                       
2000dd11  IntPrioritySet                   
2000ec69  IntRegister                      
2000eb4d  IntUnregister                    
2000ef6b  IntVTableBaseSet                 
2000eb71  List_put                         
2000ea83  List_remove                      
2000f1b7  NoRTOS_start                     
2000c041  PRCMCC3200MCUInit                
2000ee3b  PRCMHIBRegRead                   
2000ee55  PRCMHIBRegWrite                  
2000d6bd  PRCMHibernateWakeUpGPIOSelect    
2000dba5  PRCMHibernateWakeupSourceDisable 
2000deb9  PRCMHibernateWakeupSourceEnable  
2000e0d1  PRCMIntEnable                    
2000dd69  PRCMLPDSEnter                    
2000e1a9  PRCMLPDSEnterKeepDebugIf         
2000e8b9  PRCMLPDSIntervalSet              
2000dfa5  PRCMLPDSRestoreInfoSet           
2000ea2f  PRCMLPDSWakeUpGPIOSelect         
2000f137  PRCMLPDSWakeupCauseGet           
2000ee6f  PRCMLPDSWakeupSourceDisable      
2000eb95  PRCMLPDSWakeupSourceEnable       
2000ea59  PRCMPeripheralClkDisable         
2000dc5d  PRCMPeripheralClkEnable          
2000d951  PRCMPeripheralReset              
2000e119  PRCMPeripheralStatusGet          
2000eaab  PRCMSRAMRetentionEnable          
2000f18b  PRCMSleepEnter                   
2000e8e9  PRCMSlowClkCtrFastGet            
2000d4b9  PRCMSysResetCauseGet             
2000e161  PinConfigGet                     
2000d255  PinConfigSet                     
2000e785  PinDirModeGet                    
2000e511  PinDirModeSet                    
2000e6e5  PinLock                          
2000d7a1  PinLockLevelSet                  
2000e7b9  PinModeGet                       
2000e389  PinModeSet                       
2000ee89  PinToPadGet                      
2000ec47  PinUnlock                        
2000fad4  PowerCC32XX_config               
2000d549  PowerCC32XX_configureWakeup      
2000fc08  PowerCC32XX_contextSave          
2000d391  PowerCC32XX_enterLPDS            
2000d427  PowerCC32XX_initPolicy           
2000f4dc  PowerCC32XX_module               
2000e7ed  PowerCC32XX_parkPin              
2000ebb9  PowerCC32XX_restoreParkedPin     
2000d3d5  PowerCC32XX_resumeLPDS           
2000ddc1  PowerCC32XX_setParkState         
2000c8dd  PowerCC32XX_sleepPolicy          
2000ef81  Power_disablePolicy              
2000f0dd  Power_enablePolicy               
2000f145  Power_getConstraintMask          
2000ef95  Power_getTransitionLatency       
2000efa9  Power_idleFunc                   
2000d5d1  Power_init                       
2000ebdd  Power_registerNotify             
2000e2bd  Power_releaseConstraint          
2000de15  Power_releaseDependency          
2000e63d  Power_setConstraint              
2000d80d  Power_setDependency              
2000c4f9  Power_sleep                      
2000ec89  Power_unregisterNotify           
2000df09  SemaphoreP_construct             
2000eca9  SemaphoreP_constructBinary       
2000eed5  SemaphoreP_create                
2000ecc9  SemaphoreP_createBinary          
2000f830  SemaphoreP_defaultParams         
2000f1bb  SemaphoreP_delete                
2000d547  SemaphoreP_destruct              
2000d2f9  SemaphoreP_pend                  
2000e491  SemaphoreP_post                  
2000ed41  SwiP_disable                     
2000e675  SwiP_restore                     
2000f041  SysTickEnable                    
2000f053  SysTickIntDisable                
2000f065  SysTickIntEnable                 
2000ef03  SysTickPeriodSet                 
2000f077  TI_memcpy_small                  
2000dc01  TimerCC32XX_allocateTimerResource
2000e821  TimerCC32XX_freeTimerResource    
2000e3cb  TimerControlStall                
2000ece9  TimerDisable                     
2000eea3  TimerEnable                      
2000f0ed  TimerIntClear                    
2000ef19  TimerIntDisable                  
2000efbd  TimerIntEnable                   
2000e919  TimerLoadSet                     
2000e949  TimerPrescaleSet                 
2000ead3  TimerSupport_timerDisable        
2000e5c9  TimerSupport_timerEnable         
2000f0fd  Timer_Params_init                
2000e40d  Timer_close                      
2000fbfc  Timer_config                     
2000fb62  Timer_count                      
2000da23  Timer_init                       
2000ca2d  Timer_open                       
2000e301  Timer_start                      
2000e4d1  Timer_stop                       
2000f193  UtilsDelay                       
20004000  __STACK_END                      
00001000  __STACK_SIZE                     
00008000  __SYSMEM_SIZE                    
00000000  __TI_ATRegion0_region_sz         
00000000  __TI_ATRegion0_src_addr          
00000000  __TI_ATRegion0_trg_addr          
00000000  __TI_ATRegion1_region_sz         
00000000  __TI_ATRegion1_src_addr          
00000000  __TI_ATRegion1_trg_addr          
00000000  __TI_ATRegion2_region_sz         
00000000  __TI_ATRegion2_src_addr          
00000000  __TI_ATRegion2_trg_addr          
2000ffc4  __TI_CINIT_Base                  
2000ffd4  __TI_CINIT_Limit                 
2000ffd4  __TI_CINIT_Warm                  
2000ffb0  __TI_Handler_Table_Base          
2000ffbc  __TI_Handler_Table_Limit         
2000e6ad  __TI_auto_init_nobinit_nopinit   
2000d731  __TI_decompress_lzss             
2000f11d  __TI_decompress_none             
ffffffff  __TI_pprof_out_hndl              
ffffffff  __TI_prof_data_size              
ffffffff  __TI_prof_data_start             
2000fedc  __TI_static_base__               
2000f089  __TI_zero_init_nomemset          
2000dcb7  __aeabi_ldiv0                    
2000f1c1  __aeabi_memcpy                   
2000f1c1  __aeabi_memcpy4                  
2000f1c1  __aeabi_memcpy8                  
2000efd1  __aeabi_uldivmod                 
ffffffff  __binit__                        
UNDEFED   __mpu_init                       
20003000  __stack                          
20004000  __start___llvm_prf_bits          
20004000  __start___llvm_prf_cnts          
20004000  __stop___llvm_prf_bits           
20004000  __stop___llvm_prf_cnts           
2000d055  __udivmoddi4                     
2000ec01  _c_int00_noargs                  
2000f844  _lock                            
2000ddbf  _nop                             
20004040  _sys_memory                      
UNDEFED   _system_post_cinit               
2000f1c5  _system_pre_init                 
2000f848  _unlock                          
2000f1cd  abort                            
2000ccb5  aligned_alloc                    
ffffffff  binit                            
2000ed5d  charPause                        
2000e233  clkFxn                           
2000ed79  dash                             
2000ed95  dot                              
2000cdd5  free                             
2000efe5  gpioButtonFxn0                   
2000fd34  gpioCallbackFunctions            
2000f740  gpioPinConfigs                   
2000fdb8  gpioUserArgs                     
2000e58d  initTimer                        
2000e855  initVectors                      
2000f10d  main                             
2000dae9  mainThread                       
2000f19b  malloc                           
2000ccb5  memalign                         
2000f648  parkInfo                         
2000ede9  resetISR                         
2000f1c9  sleep                            
2000f84c  switcher                         
2000fbd4  timerCC32XXHWAttrs               
2000fe3c  timerCC32XXObjects               
2000da25  timerCallback                    
2000ee05  wordPause                        


GLOBAL SYMBOLS: SORTED BY Symbol Address 

address   name                             
-------   ----                             
00000000  __TI_ATRegion0_region_sz         
00000000  __TI_ATRegion0_src_addr          
00000000  __TI_ATRegion0_trg_addr          
00000000  __TI_ATRegion1_region_sz         
00000000  __TI_ATRegion1_src_addr          
00000000  __TI_ATRegion1_trg_addr          
00000000  __TI_ATRegion2_region_sz         
00000000  __TI_ATRegion2_src_addr          
00000000  __TI_ATRegion2_trg_addr          
00001000  __STACK_SIZE                     
00008000  __SYSMEM_SIZE                    
20003000  __stack                          
20004000  __STACK_END                      
20004000  __start___llvm_prf_bits          
20004000  __start___llvm_prf_cnts          
20004000  __stop___llvm_prf_bits           
20004000  __stop___llvm_prf_cnts           
20004040  _sys_memory                      
2000c041  PRCMCC3200MCUInit                
2000c4f9  Power_sleep                      
2000c8dd  PowerCC32XX_sleepPolicy          
2000ca2d  Timer_open                       
2000cb75  GPIO_setConfig                   
2000ccb5  aligned_alloc                    
2000ccb5  memalign                         
2000cdd5  free                             
2000cec5  IntDisable                       
2000cf8d  IntEnable                        
2000d055  __udivmoddi4                     
2000d105  GPIOIntTypeSet                   
2000d1b1  IntPendSet                       
2000d255  PinConfigSet                     
2000d2f7  Board_initHook                   
2000d2f9  SemaphoreP_pend                  
2000d391  PowerCC32XX_enterLPDS            
2000d3d5  PowerCC32XX_resumeLPDS           
2000d427  PowerCC32XX_initPolicy           
2000d429  GPIO_init                        
2000d4b9  PRCMSysResetCauseGet             
2000d547  SemaphoreP_destruct              
2000d549  PowerCC32XX_configureWakeup      
2000d5d1  Power_init                       
2000d649  HwiP_construct                   
2000d6bd  PRCMHibernateWakeUpGPIOSelect    
2000d731  __TI_decompress_lzss             
2000d7a1  PinLockLevelSet                  
2000d80d  Power_setDependency              
2000d951  PRCMPeripheralReset              
2000d9bb  IntPendClear                     
2000da23  Timer_init                       
2000da25  timerCallback                    
2000da89  GPIO_write                       
2000dae9  mainThread                       
2000db49  FlashDisable                     
2000dba5  PRCMHibernateWakeupSourceDisable 
2000dc01  TimerCC32XX_allocateTimerResource
2000dc5d  PRCMPeripheralClkEnable          
2000dcb7  __aeabi_ldiv0                    
2000dcb9  ClockP_startup                   
2000dd11  IntPrioritySet                   
2000dd69  PRCMLPDSEnter                    
2000ddbf  _nop                             
2000ddc1  PowerCC32XX_setParkState         
2000de15  Power_releaseDependency          
2000de69  GPIO_hwiIntFxn                   
2000deb9  PRCMHibernateWakeupSourceEnable  
2000df09  SemaphoreP_construct             
2000df59  GPIO_setInterruptConfig          
2000dfa5  PRCMLPDSRestoreInfoSet           
2000e089  ClockP_sysTickHandler            
2000e0d1  PRCMIntEnable                    
2000e119  PRCMPeripheralStatusGet          
2000e161  PinConfigGet                     
2000e1a9  PRCMLPDSEnterKeepDebugIf         
2000e1ef  GPIODirModeSet                   
2000e233  clkFxn                           
2000e235  GPIO_disableInt                  
2000e279  GPIO_enableInt                   
2000e2bd  Power_releaseConstraint          
2000e301  Timer_start                      
2000e389  PinModeSet                       
2000e3cb  TimerControlStall                
2000e40d  Timer_close                      
2000e491  SemaphoreP_post                  
2000e4d1  Timer_stop                       
2000e511  PinDirModeSet                    
2000e551  ClockP_stop                      
2000e58d  initTimer                        
2000e5c9  TimerSupport_timerEnable         
2000e605  ClockP_destruct                  
2000e63d  Power_setConstraint              
2000e675  SwiP_restore                     
2000e6ad  __TI_auto_init_nobinit_nopinit   
2000e6e5  PinLock                          
2000e751  ClockP_start                     
2000e785  PinDirModeGet                    
2000e7b9  PinModeGet                       
2000e7ed  PowerCC32XX_parkPin              
2000e821  TimerCC32XX_freeTimerResource    
2000e855  initVectors                      
2000e889  ClockP_getTicksUntilInterrupt    
2000e8b9  PRCMLPDSIntervalSet              
2000e8e9  PRCMSlowClkCtrFastGet            
2000e919  TimerLoadSet                     
2000e949  TimerPrescaleSet                 
2000e9a9  GPIOIntStatus                    
2000e9d9  ClockP_sleep                     
2000ea05  HwiP_create                      
2000ea2f  PRCMLPDSWakeUpGPIOSelect         
2000ea59  PRCMPeripheralClkDisable         
2000ea83  List_remove                      
2000eaab  PRCMSRAMRetentionEnable          
2000ead3  TimerSupport_timerDisable        
2000eb4d  IntUnregister                    
2000eb71  List_put                         
2000eb95  PRCMLPDSWakeupSourceEnable       
2000ebb9  PowerCC32XX_restoreParkedPin     
2000ebdd  Power_registerNotify             
2000ec01  _c_int00_noargs                  
2000ec25  GPIOPinWrite                     
2000ec47  PinUnlock                        
2000ec69  IntRegister                      
2000ec89  Power_unregisterNotify           
2000eca9  SemaphoreP_constructBinary       
2000ecc9  SemaphoreP_createBinary          
2000ece9  TimerDisable                     
2000ed09  GPIO_setCallback                 
2000ed25  HwiP_dispatch                    
2000ed41  SwiP_disable                     
2000ed5d  charPause                        
2000ed79  dash                             
2000ed95  dot                              
2000ede9  resetISR                         
2000ee05  wordPause                        
2000ee21  GPIOIntDisable                   
2000ee3b  PRCMHIBRegRead                   
2000ee55  PRCMHIBRegWrite                  
2000ee6f  PRCMLPDSWakeupSourceDisable      
2000ee89  PinToPadGet                      
2000eea3  TimerEnable                      
2000eebd  GPIOIntEnable                    
2000eed5  SemaphoreP_create                
2000eeed  Board_init                       
2000ef03  SysTickPeriodSet                 
2000ef19  TimerIntDisable                  
2000ef2f  CPUcpsid                         
2000ef43  CPUcpsie                         
2000ef57  HwiP_destruct                    
2000ef6b  IntVTableBaseSet                 
2000ef81  Power_disablePolicy              
2000ef95  Power_getTransitionLatency       
2000efa9  Power_idleFunc                   
2000efbd  TimerIntEnable                   
2000efd1  __aeabi_uldivmod                 
2000efe5  gpioButtonFxn0                   
2000eff9  ClockP_add                       
2000f00b  GPIOIntClear                     
2000f01d  HwiP_Params_init                 
2000f02f  HwiP_delete                      
2000f041  SysTickEnable                    
2000f053  SysTickIntDisable                
2000f065  SysTickIntEnable                 
2000f077  TI_memcpy_small                  
2000f089  __TI_zero_init_nomemset          
2000f09d  ClockP_getCpuFreq                
2000f0ad  ClockP_getSystemTicks            
2000f0bd  ClockP_setTicks                  
2000f0cd  HwiP_inISR                       
2000f0dd  Power_enablePolicy               
2000f0ed  TimerIntClear                    
2000f0fd  Timer_Params_init                
2000f10d  main                             
2000f11d  __TI_decompress_none             
2000f12b  CPUwfi                           
2000f137  PRCMLPDSWakeupCauseGet           
2000f145  Power_getConstraintMask          
2000f15d  ClockP_isActive                  
2000f167  IntMasterDisable                 
2000f171  IntMasterEnable                  
2000f17b  HwiP_disable                     
2000f183  HwiP_restore                     
2000f18b  PRCMSleepEnter                   
2000f193  UtilsDelay                       
2000f19b  malloc                           
2000f1a3  ClockP_doTick                    
2000f1a7  HwiP_clearInterrupt              
2000f1ab  HwiP_enable                      
2000f1af  HwiP_post                        
2000f1b7  NoRTOS_start                     
2000f1bb  SemaphoreP_delete                
2000f1c1  __aeabi_memcpy                   
2000f1c1  __aeabi_memcpy4                  
2000f1c1  __aeabi_memcpy8                  
2000f1c5  _system_pre_init                 
2000f1c9  sleep                            
2000f1cc  C$$EXIT                          
2000f1cd  abort                            
2000f4dc  PowerCC32XX_module               
2000f648  parkInfo                         
2000f740  gpioPinConfigs                   
2000f830  SemaphoreP_defaultParams         
2000f83c  ClockP_tickPeriod                
2000f840  HwiP_swiPIntNum                  
2000f844  _lock                            
2000f848  _unlock                          
2000f84c  switcher                         
2000fad4  PowerCC32XX_config               
2000fb61  GPIO_pinUpperBound               
2000fb62  Timer_count                      
2000fbc4  GPIO_config                      
2000fbd4  timerCC32XXHWAttrs               
2000fbfc  Timer_config                     
2000fc08  PowerCC32XX_contextSave          
2000fd34  gpioCallbackFunctions            
2000fdb8  gpioUserArgs                     
2000fe3c  timerCC32XXObjects               
2000fec0  ClockP_ctrl                      
2000fedc  __TI_static_base__               
2000ffb0  __TI_Handler_Table_Base          
2000ffbc  __TI_Handler_Table_Limit         
2000ffc4  __TI_CINIT_Base                  
2000ffd4  __TI_CINIT_Limit                 
2000ffd4  __TI_CINIT_Warm                  
ffffffff  __TI_pprof_out_hndl              
ffffffff  __TI_prof_data_size              
ffffffff  __TI_prof_data_start             
ffffffff  __binit__                        
ffffffff  binit                            
UNDEFED   ITM_flush                        
UNDEFED   ITM_restore                      
UNDEFED   __mpu_init                       
UNDEFED   _system_post_cinit               

[232 symbols]
