<?xml version="1.0" encoding="ISO-8859-1" ?>
<link_info>
   <banner>TI ARM Clang Linker PC v3.2.1.LTS</banner>
   <copyright>Copyright (c) 1996-2018 Texas Instruments Incorporated</copyright>
   <link_time>0x661021e6</link_time>
   <link_errors>0x0</link_errors>
   <output_file>C:\Users\fredj\workspace_v12\gpiointerrupt_CC3220S_LAUNCHXL_nortos_ticlang\MCU+Image\gpiointerrupt_CC3220S_LAUNCHXL_nortos_ticlang.out</output_file>
   <entry_point>
      <name>resetISR</name>
      <address>0x2000ede9</address>
   </entry_point>
   <input_file_list>
      <input_file id="fl-1">
         <path>C:\Users\fredj\workspace_v12\gpiointerrupt_CC3220S_LAUNCHXL_nortos_ticlang\MCU+Image\.\</path>
         <kind>object</kind>
         <file>gpiointerrupt.o</file>
         <name>gpiointerrupt.o</name>
      </input_file>
      <input_file id="fl-2">
         <path>C:\Users\fredj\workspace_v12\gpiointerrupt_CC3220S_LAUNCHXL_nortos_ticlang\MCU+Image\.\syscfg\</path>
         <kind>object</kind>
         <file>ti_drivers_config.o</file>
         <name>ti_drivers_config.o</name>
      </input_file>
      <input_file id="fl-3">
         <path>C:\Users\fredj\workspace_v12\gpiointerrupt_CC3220S_LAUNCHXL_nortos_ticlang\MCU+Image\.\</path>
         <kind>object</kind>
         <file>main_nortos.o</file>
         <name>main_nortos.o</name>
      </input_file>
      <input_file id="fl-13">
         <path>C:\Users\fredj\workspace_v12\gpiointerrupt_CC3220S_LAUNCHXL_nortos_ticlang\MCU+Image\</path>
         <kind>object</kind>
         <file>&lt;internal&gt;</file>
         <name>&lt;internal&gt;</name>
      </input_file>
      <input_file id="fl-14">
         <path>C:\ti\simplelink_cc32xx_sdk_7_10_00_13\source\ti\drivers\lib\ticlang\m4\</path>
         <kind>archive</kind>
         <file>drivers_cc32xx.a</file>
         <name>GPIO.c.obj</name>
      </input_file>
      <input_file id="fl-15">
         <path>C:\ti\simplelink_cc32xx_sdk_7_10_00_13\source\ti\drivers\lib\ticlang\m4\</path>
         <kind>archive</kind>
         <file>drivers_cc32xx.a</file>
         <name>GPIOCC32XX.c.obj</name>
      </input_file>
      <input_file id="fl-16">
         <path>C:\ti\simplelink_cc32xx_sdk_7_10_00_13\source\ti\drivers\lib\ticlang\m4\</path>
         <kind>archive</kind>
         <file>drivers_cc32xx.a</file>
         <name>PowerCC32XX.c.obj</name>
      </input_file>
      <input_file id="fl-17">
         <path>C:\ti\simplelink_cc32xx_sdk_7_10_00_13\source\ti\drivers\lib\ticlang\m4\</path>
         <kind>archive</kind>
         <file>drivers_cc32xx.a</file>
         <name>PowerCC32XX_ticlang.asm.obj</name>
      </input_file>
      <input_file id="fl-18">
         <path>C:\ti\simplelink_cc32xx_sdk_7_10_00_13\source\ti\drivers\lib\ticlang\m4\</path>
         <kind>archive</kind>
         <file>drivers_cc32xx.a</file>
         <name>Timer.c.obj</name>
      </input_file>
      <input_file id="fl-19">
         <path>C:\ti\simplelink_cc32xx_sdk_7_10_00_13\source\ti\drivers\lib\ticlang\m4\</path>
         <kind>archive</kind>
         <file>drivers_cc32xx.a</file>
         <name>TimerCC32XX.c.obj</name>
      </input_file>
      <input_file id="fl-1a">
         <path>C:\ti\simplelink_cc32xx_sdk_7_10_00_13\source\ti\drivers\lib\ticlang\m4\</path>
         <kind>archive</kind>
         <file>drivers_cc32xx.a</file>
         <name>List.c.obj</name>
      </input_file>
      <input_file id="fl-1b">
         <path>C:\ti\simplelink_cc32xx_sdk_7_10_00_13\kernel\nortos\lib\ticlang\m4\</path>
         <kind>archive</kind>
         <file>nortos_cc32xx.a</file>
         <name>NoRTOS.c.obj</name>
      </input_file>
      <input_file id="fl-1c">
         <path>C:\ti\simplelink_cc32xx_sdk_7_10_00_13\kernel\nortos\lib\ticlang\m4\</path>
         <kind>archive</kind>
         <file>nortos_cc32xx.a</file>
         <name>posix_sleep.c.obj</name>
      </input_file>
      <input_file id="fl-1d">
         <path>C:\ti\simplelink_cc32xx_sdk_7_10_00_13\kernel\nortos\lib\ticlang\m4\</path>
         <kind>archive</kind>
         <file>nortos_cc32xx.a</file>
         <name>SemaphoreP_nortos.c.obj</name>
      </input_file>
      <input_file id="fl-1e">
         <path>C:\ti\simplelink_cc32xx_sdk_7_10_00_13\kernel\nortos\lib\ticlang\m4\</path>
         <kind>archive</kind>
         <file>nortos_cc32xx.a</file>
         <name>ClockPSysTick_nortos.c.obj</name>
      </input_file>
      <input_file id="fl-1f">
         <path>C:\ti\simplelink_cc32xx_sdk_7_10_00_13\kernel\nortos\lib\ticlang\m4\</path>
         <kind>archive</kind>
         <file>nortos_cc32xx.a</file>
         <name>HwiPCC32XX_nortos.c.obj</name>
      </input_file>
      <input_file id="fl-20">
         <path>C:\ti\simplelink_cc32xx_sdk_7_10_00_13\kernel\nortos\lib\ticlang\m4\</path>
         <kind>archive</kind>
         <file>nortos_cc32xx.a</file>
         <name>PowerCC32XX_nortos.c.obj</name>
      </input_file>
      <input_file id="fl-21">
         <path>C:\ti\simplelink_cc32xx_sdk_7_10_00_13\kernel\nortos\lib\ticlang\m4\</path>
         <kind>archive</kind>
         <file>nortos_cc32xx.a</file>
         <name>startup_cc32xx_ticlang.c.obj</name>
      </input_file>
      <input_file id="fl-22">
         <path>C:\ti\simplelink_cc32xx_sdk_7_10_00_13\kernel\nortos\lib\ticlang\m4\</path>
         <kind>archive</kind>
         <file>nortos_cc32xx.a</file>
         <name>SwiP_nortos.c.obj</name>
      </input_file>
      <input_file id="fl-23">
         <path>C:\ti\simplelink_cc32xx_sdk_7_10_00_13\source\ti\devices\cc32xx\driverlib\ticlang\Release\</path>
         <kind>archive</kind>
         <file>driverlib.a</file>
         <name>cpu.obj</name>
      </input_file>
      <input_file id="fl-24">
         <path>C:\ti\simplelink_cc32xx_sdk_7_10_00_13\source\ti\devices\cc32xx\driverlib\ticlang\Release\</path>
         <kind>archive</kind>
         <file>driverlib.a</file>
         <name>gpio.obj</name>
      </input_file>
      <input_file id="fl-25">
         <path>C:\ti\simplelink_cc32xx_sdk_7_10_00_13\source\ti\devices\cc32xx\driverlib\ticlang\Release\</path>
         <kind>archive</kind>
         <file>driverlib.a</file>
         <name>hwspinlock.obj</name>
      </input_file>
      <input_file id="fl-26">
         <path>C:\ti\simplelink_cc32xx_sdk_7_10_00_13\source\ti\devices\cc32xx\driverlib\ticlang\Release\</path>
         <kind>archive</kind>
         <file>driverlib.a</file>
         <name>interrupt.obj</name>
      </input_file>
      <input_file id="fl-27">
         <path>C:\ti\simplelink_cc32xx_sdk_7_10_00_13\source\ti\devices\cc32xx\driverlib\ticlang\Release\</path>
         <kind>archive</kind>
         <file>driverlib.a</file>
         <name>pin.obj</name>
      </input_file>
      <input_file id="fl-28">
         <path>C:\ti\simplelink_cc32xx_sdk_7_10_00_13\source\ti\devices\cc32xx\driverlib\ticlang\Release\</path>
         <kind>archive</kind>
         <file>driverlib.a</file>
         <name>prcm.obj</name>
      </input_file>
      <input_file id="fl-29">
         <path>C:\ti\simplelink_cc32xx_sdk_7_10_00_13\source\ti\devices\cc32xx\driverlib\ticlang\Release\</path>
         <kind>archive</kind>
         <file>driverlib.a</file>
         <name>spi.obj</name>
      </input_file>
      <input_file id="fl-2a">
         <path>C:\ti\simplelink_cc32xx_sdk_7_10_00_13\source\ti\devices\cc32xx\driverlib\ticlang\Release\</path>
         <kind>archive</kind>
         <file>driverlib.a</file>
         <name>systick.obj</name>
      </input_file>
      <input_file id="fl-2b">
         <path>C:\ti\simplelink_cc32xx_sdk_7_10_00_13\source\ti\devices\cc32xx\driverlib\ticlang\Release\</path>
         <kind>archive</kind>
         <file>driverlib.a</file>
         <name>timer.obj</name>
      </input_file>
      <input_file id="fl-2c">
         <path>C:\ti\simplelink_cc32xx_sdk_7_10_00_13\source\ti\devices\cc32xx\driverlib\ticlang\Release\</path>
         <kind>archive</kind>
         <file>driverlib.a</file>
         <name>utils.obj</name>
      </input_file>
      <input_file id="fl-2d">
         <path>C:\ti\simplelink_cc32xx_sdk_7_10_00_13\source\ti\devices\cc32xx\driverlib\ticlang\Release\</path>
         <kind>archive</kind>
         <file>driverlib.a</file>
         <name>flash.obj</name>
      </input_file>
      <input_file id="fl-3c">
         <path>C:\ti\ccs1260\ccs\tools\compiler\ti-cgt-armllvm_3.2.1.LTS\lib\armv7em-ti-none-eabi\c\</path>
         <kind>archive</kind>
         <file>libc.a</file>
         <name>memory.c.obj</name>
      </input_file>
      <input_file id="fl-3d">
         <path>C:\ti\ccs1260\ccs\tools\compiler\ti-cgt-armllvm_3.2.1.LTS\lib\armv7em-ti-none-eabi\c\</path>
         <kind>archive</kind>
         <file>libc.a</file>
         <name>copy_zero_init.c.obj</name>
      </input_file>
      <input_file id="fl-3e">
         <path>C:\ti\ccs1260\ccs\tools\compiler\ti-cgt-armllvm_3.2.1.LTS\lib\armv7em-ti-none-eabi\c\</path>
         <kind>archive</kind>
         <file>libc.a</file>
         <name>copy_decompress_none.c.obj</name>
      </input_file>
      <input_file id="fl-3f">
         <path>C:\ti\ccs1260\ccs\tools\compiler\ti-cgt-armllvm_3.2.1.LTS\lib\armv7em-ti-none-eabi\c\</path>
         <kind>archive</kind>
         <file>libc.a</file>
         <name>copy_decompress_lzss.c.obj</name>
      </input_file>
      <input_file id="fl-40">
         <path>C:\ti\ccs1260\ccs\tools\compiler\ti-cgt-armllvm_3.2.1.LTS\lib\armv7em-ti-none-eabi\c\</path>
         <kind>archive</kind>
         <file>libc.a</file>
         <name>boot_cortex_m.c.obj</name>
      </input_file>
      <input_file id="fl-41">
         <path>C:\ti\ccs1260\ccs\tools\compiler\ti-cgt-armllvm_3.2.1.LTS\lib\armv7em-ti-none-eabi\c\</path>
         <kind>archive</kind>
         <file>libc.a</file>
         <name>mathacl_init.c.obj</name>
      </input_file>
      <input_file id="fl-42">
         <path>C:\ti\ccs1260\ccs\tools\compiler\ti-cgt-armllvm_3.2.1.LTS\lib\armv7em-ti-none-eabi\c\</path>
         <kind>archive</kind>
         <file>libc.a</file>
         <name>exit.c.obj</name>
      </input_file>
      <input_file id="fl-43">
         <path>C:\ti\ccs1260\ccs\tools\compiler\ti-cgt-armllvm_3.2.1.LTS\lib\armv7em-ti-none-eabi\c\</path>
         <kind>archive</kind>
         <file>libc.a</file>
         <name>_lock.c.obj</name>
      </input_file>
      <input_file id="fl-44">
         <path>C:\ti\ccs1260\ccs\tools\compiler\ti-cgt-armllvm_3.2.1.LTS\lib\armv7em-ti-none-eabi\c\</path>
         <kind>archive</kind>
         <file>libc.a</file>
         <name>args_main.c.obj</name>
      </input_file>
      <input_file id="fl-45">
         <path>C:\ti\ccs1260\ccs\tools\compiler\ti-cgt-armllvm_3.2.1.LTS\lib\armv7em-ti-none-eabi\c\</path>
         <kind>archive</kind>
         <file>libc.a</file>
         <name>autoinit.c.obj</name>
      </input_file>
      <input_file id="fl-46">
         <path>C:\ti\ccs1260\ccs\tools\compiler\ti-cgt-armllvm_3.2.1.LTS\lib\armv7em-ti-none-eabi\c\</path>
         <kind>archive</kind>
         <file>libc.a</file>
         <name>pre_init.c.obj</name>
      </input_file>
      <input_file id="fl-47">
         <path>C:\ti\ccs1260\ccs\tools\compiler\ti-cgt-armllvm_3.2.1.LTS\lib\armv7em-ti-none-eabi\c\</path>
         <kind>archive</kind>
         <file>libc.a</file>
         <name>cpy_tbl.c.obj</name>
      </input_file>
      <input_file id="fl-ad">
         <path>C:\ti\ccs1260\ccs\tools\compiler\ti-cgt-armllvm_3.2.1.LTS\lib\clang\15.0.7\lib\armv7em-ti-none-eabi\</path>
         <kind>archive</kind>
         <file>libclang_rt.builtins.a</file>
         <name>aeabi_memcpy.S.obj</name>
      </input_file>
      <input_file id="fl-ae">
         <path>C:\ti\ccs1260\ccs\tools\compiler\ti-cgt-armllvm_3.2.1.LTS\lib\clang\15.0.7\lib\armv7em-ti-none-eabi\</path>
         <kind>archive</kind>
         <file>libclang_rt.builtins.a</file>
         <name>aeabi_memset.S.obj</name>
      </input_file>
      <input_file id="fl-af">
         <path>C:\ti\ccs1260\ccs\tools\compiler\ti-cgt-armllvm_3.2.1.LTS\lib\clang\15.0.7\lib\armv7em-ti-none-eabi\</path>
         <kind>archive</kind>
         <file>libclang_rt.builtins.a</file>
         <name>aeabi_uldivmod.S.obj</name>
      </input_file>
      <input_file id="fl-b0">
         <path>C:\ti\ccs1260\ccs\tools\compiler\ti-cgt-armllvm_3.2.1.LTS\lib\clang\15.0.7\lib\armv7em-ti-none-eabi\</path>
         <kind>archive</kind>
         <file>libclang_rt.builtins.a</file>
         <name>udivmoddi4.S.obj</name>
      </input_file>
      <input_file id="fl-b1">
         <path>C:\ti\ccs1260\ccs\tools\compiler\ti-cgt-armllvm_3.2.1.LTS\lib\clang\15.0.7\lib\armv7em-ti-none-eabi\</path>
         <kind>archive</kind>
         <file>libclang_rt.builtins.a</file>
         <name>aeabi_div0.c.obj</name>
      </input_file>
      <input_file id="fl-b2">
         <path>C:\ti\ccs1260\ccs\tools\compiler\ti-cgt-armllvm_3.2.1.LTS\lib\armv7em-ti-none-eabi\c\</path>
         <kind>archive</kind>
         <file>libc.a</file>
         <name>memcpy_t2.S.obj</name>
      </input_file>
      <input_file id="fl-b3">
         <path>C:\ti\ccs1260\ccs\tools\compiler\ti-cgt-armllvm_3.2.1.LTS\lib\armv7em-ti-none-eabi\c\</path>
         <kind>archive</kind>
         <file>libc.a</file>
         <name>memset_t2.S.obj</name>
      </input_file>
   </input_file_list>
   <object_component_list>
      <object_component id="oc-d2">
         <name>.text.PRCMCC3200MCUInit</name>
         <load_address>0x2000c040</load_address>
         <readonly>true</readonly>
         <executable>true</executable>
         <run_address>0x2000c040</run_address>
         <size>0x4b8</size>
         <alignment>0x2</alignment>
         <input_file_ref idref="fl-28"/>
      </object_component>
      <object_component id="oc-1c2">
         <name>.text.Power_sleep</name>
         <load_address>0x2000c4f8</load_address>
         <readonly>true</readonly>
         <executable>true</executable>
         <run_address>0x2000c4f8</run_address>
         <size>0x3e4</size>
         <alignment>0x4</alignment>
         <input_file_ref idref="fl-16"/>
      </object_component>
      <object_component id="oc-171">
         <name>.text.PowerCC32XX_sleepPolicy</name>
         <load_address>0x2000c8dc</load_address>
         <readonly>true</readonly>
         <executable>true</executable>
         <run_address>0x2000c8dc</run_address>
         <size>0x150</size>
         <alignment>0x4</alignment>
         <input_file_ref idref="fl-20"/>
      </object_component>
      <object_component id="oc-145">
         <name>.text.Timer_open</name>
         <load_address>0x2000ca2c</load_address>
         <readonly>true</readonly>
         <executable>true</executable>
         <run_address>0x2000ca2c</run_address>
         <size>0x148</size>
         <alignment>0x4</alignment>
         <input_file_ref idref="fl-19"/>
      </object_component>
      <object_component id="oc-f5">
         <name>.text.GPIO_setConfig</name>
         <load_address>0x2000cb74</load_address>
         <readonly>true</readonly>
         <executable>true</executable>
         <run_address>0x2000cb74</run_address>
         <size>0x140</size>
         <alignment>0x4</alignment>
         <input_file_ref idref="fl-15"/>
      </object_component>
      <object_component id="oc-1ed">
         <name>.text.aligned_alloc</name>
         <load_address>0x2000ccb4</load_address>
         <readonly>true</readonly>
         <executable>true</executable>
         <run_address>0x2000ccb4</run_address>
         <size>0x120</size>
         <alignment>0x4</alignment>
         <input_file_ref idref="fl-3c"/>
      </object_component>
      <object_component id="oc-178">
         <name>.text.free</name>
         <load_address>0x2000cdd4</load_address>
         <readonly>true</readonly>
         <executable>true</executable>
         <run_address>0x2000cdd4</run_address>
         <size>0xf0</size>
         <alignment>0x4</alignment>
         <input_file_ref idref="fl-3c"/>
      </object_component>
      <object_component id="oc-239">
         <name>.text.IntDisable</name>
         <load_address>0x2000cec4</load_address>
         <readonly>true</readonly>
         <executable>true</executable>
         <run_address>0x2000cec4</run_address>
         <size>0xc8</size>
         <alignment>0x2</alignment>
         <input_file_ref idref="fl-26"/>
      </object_component>
      <object_component id="oc-1f0">
         <name>.text.IntEnable</name>
         <load_address>0x2000cf8c</load_address>
         <readonly>true</readonly>
         <executable>true</executable>
         <run_address>0x2000cf8c</run_address>
         <size>0xc8</size>
         <alignment>0x2</alignment>
         <input_file_ref idref="fl-26"/>
      </object_component>
      <object_component id="oc-1fa">
         <name>.text</name>
         <load_address>0x2000d054</load_address>
         <readonly>true</readonly>
         <executable>true</executable>
         <run_address>0x2000d054</run_address>
         <size>0xb0</size>
         <alignment>0x4</alignment>
         <input_file_ref idref="fl-b0"/>
      </object_component>
      <object_component id="oc-1a7">
         <name>.text.GPIOIntTypeSet</name>
         <load_address>0x2000d104</load_address>
         <readonly>true</readonly>
         <executable>true</executable>
         <run_address>0x2000d104</run_address>
         <size>0xac</size>
         <alignment>0x2</alignment>
         <input_file_ref idref="fl-24"/>
      </object_component>
      <object_component id="oc-235">
         <name>.text.IntPendSet</name>
         <load_address>0x2000d1b0</load_address>
         <readonly>true</readonly>
         <executable>true</executable>
         <run_address>0x2000d1b0</run_address>
         <size>0xa4</size>
         <alignment>0x2</alignment>
         <input_file_ref idref="fl-26"/>
      </object_component>
      <object_component id="oc-14d">
         <name>.text.PinConfigSet</name>
         <load_address>0x2000d254</load_address>
         <readonly>true</readonly>
         <executable>true</executable>
         <run_address>0x2000d254</run_address>
         <size>0xa2</size>
         <alignment>0x2</alignment>
         <input_file_ref idref="fl-27"/>
      </object_component>
      <object_component id="oc-e2">
         <name>.text.Board_initHook</name>
         <load_address>0x2000d2f6</load_address>
         <readonly>true</readonly>
         <executable>true</executable>
         <run_address>0x2000d2f6</run_address>
         <size>0x2</size>
         <alignment>0x2</alignment>
         <input_file_ref idref="fl-2"/>
      </object_component>
      <object_component id="oc-126">
         <name>.text.SemaphoreP_pend</name>
         <load_address>0x2000d2f8</load_address>
         <readonly>true</readonly>
         <executable>true</executable>
         <run_address>0x2000d2f8</run_address>
         <size>0x98</size>
         <alignment>0x4</alignment>
         <input_file_ref idref="fl-1d"/>
      </object_component>
      <object_component id="oc-207">
         <name>.text</name>
         <load_address>0x2000d390</load_address>
         <readonly>true</readonly>
         <executable>true</executable>
         <run_address>0x2000d390</run_address>
         <size>0x96</size>
         <alignment>0x10</alignment>
         <input_file_ref idref="fl-17"/>
      </object_component>
      <object_component id="oc-16c">
         <name>.text.PowerCC32XX_initPolicy</name>
         <load_address>0x2000d426</load_address>
         <readonly>true</readonly>
         <executable>true</executable>
         <run_address>0x2000d426</run_address>
         <size>0x2</size>
         <alignment>0x2</alignment>
         <input_file_ref idref="fl-20"/>
      </object_component>
      <object_component id="oc-dc">
         <name>.text.GPIO_init</name>
         <load_address>0x2000d428</load_address>
         <readonly>true</readonly>
         <executable>true</executable>
         <run_address>0x2000d428</run_address>
         <size>0x90</size>
         <alignment>0x4</alignment>
         <input_file_ref idref="fl-15"/>
      </object_component>
      <object_component id="oc-105">
         <name>.text.PRCMSysResetCauseGet</name>
         <load_address>0x2000d4b8</load_address>
         <readonly>true</readonly>
         <executable>true</executable>
         <run_address>0x2000d4b8</run_address>
         <size>0x8e</size>
         <alignment>0x2</alignment>
         <input_file_ref idref="fl-28"/>
      </object_component>
      <object_component id="oc-1d8">
         <name>.text.SemaphoreP_destruct</name>
         <load_address>0x2000d546</load_address>
         <readonly>true</readonly>
         <executable>true</executable>
         <run_address>0x2000d546</run_address>
         <size>0x2</size>
         <alignment>0x2</alignment>
         <input_file_ref idref="fl-1d"/>
      </object_component>
      <object_component id="oc-117">
         <name>.text.PowerCC32XX_configureWakeup</name>
         <load_address>0x2000d548</load_address>
         <readonly>true</readonly>
         <executable>true</executable>
         <run_address>0x2000d548</run_address>
         <size>0x88</size>
         <alignment>0x4</alignment>
         <input_file_ref idref="fl-16"/>
      </object_component>
      <object_component id="oc-d7">
         <name>.text.Power_init</name>
         <load_address>0x2000d5d0</load_address>
         <readonly>true</readonly>
         <executable>true</executable>
         <run_address>0x2000d5d0</run_address>
         <size>0x78</size>
         <alignment>0x4</alignment>
         <input_file_ref idref="fl-16"/>
      </object_component>
      <object_component id="oc-1a6">
         <name>.text.HwiP_construct</name>
         <load_address>0x2000d648</load_address>
         <readonly>true</readonly>
         <executable>true</executable>
         <run_address>0x2000d648</run_address>
         <size>0x74</size>
         <alignment>0x4</alignment>
         <input_file_ref idref="fl-1f"/>
      </object_component>
      <object_component id="oc-169">
         <name>.text.PRCMHibernateWakeUpGPIOSelect</name>
         <load_address>0x2000d6bc</load_address>
         <readonly>true</readonly>
         <executable>true</executable>
         <run_address>0x2000d6bc</run_address>
         <size>0x74</size>
         <alignment>0x2</alignment>
         <input_file_ref idref="fl-28"/>
      </object_component>
      <object_component id="oc-18">
         <name>.text:decompress:lzss</name>
         <load_address>0x2000d730</load_address>
         <readonly>true</readonly>
         <executable>true</executable>
         <run_address>0x2000d730</run_address>
         <size>0x70</size>
         <alignment>0x2</alignment>
         <input_file_ref idref="fl-3f"/>
      </object_component>
      <object_component id="oc-204">
         <name>.text.PinLockLevelSet</name>
         <load_address>0x2000d7a0</load_address>
         <readonly>true</readonly>
         <executable>true</executable>
         <run_address>0x2000d7a0</run_address>
         <size>0x6c</size>
         <alignment>0x2</alignment>
         <input_file_ref idref="fl-27"/>
      </object_component>
      <object_component id="oc-14e">
         <name>.text.Power_setDependency</name>
         <load_address>0x2000d80c</load_address>
         <readonly>true</readonly>
         <executable>true</executable>
         <run_address>0x2000d80c</run_address>
         <size>0x6c</size>
         <alignment>0x4</alignment>
         <input_file_ref idref="fl-16"/>
      </object_component>
      <object_component id="oc-12d">
         <name>.text.powerNotifyFxn</name>
         <load_address>0x2000d878</load_address>
         <readonly>true</readonly>
         <executable>true</executable>
         <run_address>0x2000d878</run_address>
         <size>0x6c</size>
         <alignment>0x4</alignment>
         <input_file_ref idref="fl-15"/>
      </object_component>
      <object_component id="oc-21f">
         <name>.text.split</name>
         <load_address>0x2000d8e4</load_address>
         <readonly>true</readonly>
         <executable>true</executable>
         <run_address>0x2000d8e4</run_address>
         <size>0x6c</size>
         <alignment>0x4</alignment>
         <input_file_ref idref="fl-3c"/>
      </object_component>
      <object_component id="oc-10d">
         <name>.text.PRCMPeripheralReset</name>
         <load_address>0x2000d950</load_address>
         <readonly>true</readonly>
         <executable>true</executable>
         <run_address>0x2000d950</run_address>
         <size>0x6a</size>
         <alignment>0x2</alignment>
         <input_file_ref idref="fl-28"/>
      </object_component>
      <object_component id="oc-217">
         <name>.text.IntPendClear</name>
         <load_address>0x2000d9ba</load_address>
         <readonly>true</readonly>
         <executable>true</executable>
         <run_address>0x2000d9ba</run_address>
         <size>0x68</size>
         <alignment>0x2</alignment>
         <input_file_ref idref="fl-26"/>
      </object_component>
      <object_component id="oc-13e">
         <name>.text.Timer_init</name>
         <load_address>0x2000da22</load_address>
         <readonly>true</readonly>
         <executable>true</executable>
         <run_address>0x2000da22</run_address>
         <size>0x2</size>
         <alignment>0x2</alignment>
         <input_file_ref idref="fl-18"/>
      </object_component>
      <object_component id="oc-14c">
         <name>.text.timerCallback</name>
         <load_address>0x2000da24</load_address>
         <readonly>true</readonly>
         <executable>true</executable>
         <run_address>0x2000da24</run_address>
         <size>0x64</size>
         <alignment>0x4</alignment>
         <input_file_ref idref="fl-1"/>
      </object_component>
      <object_component id="oc-ed">
         <name>.text.GPIO_write</name>
         <load_address>0x2000da88</load_address>
         <readonly>true</readonly>
         <executable>true</executable>
         <run_address>0x2000da88</run_address>
         <size>0x60</size>
         <alignment>0x4</alignment>
         <input_file_ref idref="fl-15"/>
      </object_component>
      <object_component id="oc-b0">
         <name>.text.mainThread</name>
         <load_address>0x2000dae8</load_address>
         <readonly>true</readonly>
         <executable>true</executable>
         <run_address>0x2000dae8</run_address>
         <size>0x60</size>
         <alignment>0x4</alignment>
         <input_file_ref idref="fl-1"/>
      </object_component>
      <object_component id="oc-230">
         <name>.text.FlashDisable</name>
         <load_address>0x2000db48</load_address>
         <readonly>true</readonly>
         <executable>true</executable>
         <run_address>0x2000db48</run_address>
         <size>0x5c</size>
         <alignment>0x2</alignment>
         <input_file_ref idref="fl-2d"/>
      </object_component>
      <object_component id="oc-16b">
         <name>.text.PRCMHibernateWakeupSourceDisable</name>
         <load_address>0x2000dba4</load_address>
         <readonly>true</readonly>
         <executable>true</executable>
         <run_address>0x2000dba4</run_address>
         <size>0x5c</size>
         <alignment>0x2</alignment>
         <input_file_ref idref="fl-28"/>
      </object_component>
      <object_component id="oc-192">
         <name>.text.TimerCC32XX_allocateTimerResource</name>
         <load_address>0x2000dc00</load_address>
         <readonly>true</readonly>
         <executable>true</executable>
         <run_address>0x2000dc00</run_address>
         <size>0x5c</size>
         <alignment>0x4</alignment>
         <input_file_ref idref="fl-19"/>
      </object_component>
      <object_component id="oc-10c">
         <name>.text.PRCMPeripheralClkEnable</name>
         <load_address>0x2000dc5c</load_address>
         <readonly>true</readonly>
         <executable>true</executable>
         <run_address>0x2000dc5c</run_address>
         <size>0x5a</size>
         <alignment>0x2</alignment>
         <input_file_ref idref="fl-28"/>
      </object_component>
      <object_component id="oc-224">
         <name>.text.__aeabi_ldiv0</name>
         <load_address>0x2000dcb6</load_address>
         <readonly>true</readonly>
         <executable>true</executable>
         <run_address>0x2000dcb6</run_address>
         <size>0x2</size>
         <alignment>0x2</alignment>
         <input_file_ref idref="fl-b1"/>
      </object_component>
      <object_component id="oc-1f8">
         <name>.text.ClockP_startup</name>
         <load_address>0x2000dcb8</load_address>
         <readonly>true</readonly>
         <executable>true</executable>
         <run_address>0x2000dcb8</run_address>
         <size>0x58</size>
         <alignment>0x4</alignment>
         <input_file_ref idref="fl-1e"/>
      </object_component>
      <object_component id="oc-1ef">
         <name>.text.IntPrioritySet</name>
         <load_address>0x2000dd10</load_address>
         <readonly>true</readonly>
         <executable>true</executable>
         <run_address>0x2000dd10</run_address>
         <size>0x58</size>
         <alignment>0x2</alignment>
         <input_file_ref idref="fl-26"/>
      </object_component>
      <object_component id="oc-211">
         <name>.text.PRCMLPDSEnter</name>
         <load_address>0x2000dd68</load_address>
         <readonly>true</readonly>
         <executable>true</executable>
         <run_address>0x2000dd68</run_address>
         <size>0x56</size>
         <alignment>0x2</alignment>
         <input_file_ref idref="fl-28"/>
      </object_component>
      <object_component id="oc-157">
         <name>.text._nop</name>
         <load_address>0x2000ddbe</load_address>
         <readonly>true</readonly>
         <executable>true</executable>
         <run_address>0x2000ddbe</run_address>
         <size>0x2</size>
         <alignment>0x2</alignment>
         <input_file_ref idref="fl-43"/>
      </object_component>
      <object_component id="oc-18b">
         <name>.text.PowerCC32XX_setParkState</name>
         <load_address>0x2000ddc0</load_address>
         <readonly>true</readonly>
         <executable>true</executable>
         <run_address>0x2000ddc0</run_address>
         <size>0x54</size>
         <alignment>0x4</alignment>
         <input_file_ref idref="fl-16"/>
      </object_component>
      <object_component id="oc-219">
         <name>.text.Power_releaseDependency</name>
         <load_address>0x2000de14</load_address>
         <readonly>true</readonly>
         <executable>true</executable>
         <run_address>0x2000de14</run_address>
         <size>0x54</size>
         <alignment>0x4</alignment>
         <input_file_ref idref="fl-16"/>
      </object_component>
      <object_component id="oc-155">
         <name>.text.GPIO_hwiIntFxn</name>
         <load_address>0x2000de68</load_address>
         <readonly>true</readonly>
         <executable>true</executable>
         <run_address>0x2000de68</run_address>
         <size>0x50</size>
         <alignment>0x4</alignment>
         <input_file_ref idref="fl-15"/>
      </object_component>
      <object_component id="oc-16a">
         <name>.text.PRCMHibernateWakeupSourceEnable</name>
         <load_address>0x2000deb8</load_address>
         <readonly>true</readonly>
         <executable>true</executable>
         <run_address>0x2000deb8</run_address>
         <size>0x50</size>
         <alignment>0x2</alignment>
         <input_file_ref idref="fl-28"/>
      </object_component>
      <object_component id="oc-1cb">
         <name>.text.SemaphoreP_construct</name>
         <load_address>0x2000df08</load_address>
         <readonly>true</readonly>
         <executable>true</executable>
         <run_address>0x2000df08</run_address>
         <size>0x50</size>
         <alignment>0x4</alignment>
         <input_file_ref idref="fl-1d"/>
      </object_component>
      <object_component id="oc-152">
         <name>.text.GPIO_setInterruptConfig</name>
         <load_address>0x2000df58</load_address>
         <readonly>true</readonly>
         <executable>true</executable>
         <run_address>0x2000df58</run_address>
         <size>0x4c</size>
         <alignment>0x4</alignment>
         <input_file_ref idref="fl-15"/>
      </object_component>
      <object_component id="oc-22e">
         <name>.text.PRCMLPDSRestoreInfoSet</name>
         <load_address>0x2000dfa4</load_address>
         <readonly>true</readonly>
         <executable>true</executable>
         <run_address>0x2000dfa4</run_address>
         <size>0x4c</size>
         <alignment>0x2</alignment>
         <input_file_ref idref="fl-28"/>
      </object_component>
      <object_component id="oc-197">
         <name>.text.initHw</name>
         <load_address>0x2000dff0</load_address>
         <readonly>true</readonly>
         <executable>true</executable>
         <run_address>0x2000dff0</run_address>
         <size>0x4c</size>
         <alignment>0x2</alignment>
         <input_file_ref idref="fl-19"/>
      </object_component>
      <object_component id="oc-196">
         <name>.text.getPrescaler</name>
         <load_address>0x2000e03c</load_address>
         <readonly>true</readonly>
         <executable>true</executable>
         <run_address>0x2000e03c</run_address>
         <size>0x4a</size>
         <alignment>0x2</alignment>
         <input_file_ref idref="fl-19"/>
      </object_component>
      <object_component id="oc-57">
         <name>.text.busFaultHandler</name>
         <load_address>0x2000e086</load_address>
         <readonly>true</readonly>
         <executable>true</executable>
         <run_address>0x2000e086</run_address>
         <size>0x2</size>
         <alignment>0x2</alignment>
         <input_file_ref idref="fl-21"/>
      </object_component>
      <object_component id="oc-58">
         <name>.text.ClockP_sysTickHandler</name>
         <load_address>0x2000e088</load_address>
         <readonly>true</readonly>
         <executable>true</executable>
         <run_address>0x2000e088</run_address>
         <size>0x48</size>
         <alignment>0x4</alignment>
         <input_file_ref idref="fl-1e"/>
      </object_component>
      <object_component id="oc-20b">
         <name>.text.PRCMIntEnable</name>
         <load_address>0x2000e0d0</load_address>
         <readonly>true</readonly>
         <executable>true</executable>
         <run_address>0x2000e0d0</run_address>
         <size>0x48</size>
         <alignment>0x2</alignment>
         <input_file_ref idref="fl-28"/>
      </object_component>
      <object_component id="oc-1a4">
         <name>.text.PRCMPeripheralStatusGet</name>
         <load_address>0x2000e118</load_address>
         <readonly>true</readonly>
         <executable>true</executable>
         <run_address>0x2000e118</run_address>
         <size>0x48</size>
         <alignment>0x2</alignment>
         <input_file_ref idref="fl-28"/>
      </object_component>
      <object_component id="oc-22b">
         <name>.text.PinConfigGet</name>
         <load_address>0x2000e160</load_address>
         <readonly>true</readonly>
         <executable>true</executable>
         <run_address>0x2000e160</run_address>
         <size>0x48</size>
         <alignment>0x2</alignment>
         <input_file_ref idref="fl-27"/>
      </object_component>
      <object_component id="oc-210">
         <name>.text.PRCMLPDSEnterKeepDebugIf</name>
         <load_address>0x2000e1a8</load_address>
         <readonly>true</readonly>
         <executable>true</executable>
         <run_address>0x2000e1a8</run_address>
         <size>0x46</size>
         <alignment>0x2</alignment>
         <input_file_ref idref="fl-28"/>
      </object_component>
      <object_component id="oc-151">
         <name>.text.GPIODirModeSet</name>
         <load_address>0x2000e1ee</load_address>
         <readonly>true</readonly>
         <executable>true</executable>
         <run_address>0x2000e1ee</run_address>
         <size>0x44</size>
         <alignment>0x2</alignment>
         <input_file_ref idref="fl-24"/>
      </object_component>
      <object_component id="oc-17f">
         <name>.text.clkFxn</name>
         <load_address>0x2000e232</load_address>
         <readonly>true</readonly>
         <executable>true</executable>
         <run_address>0x2000e232</run_address>
         <size>0x2</size>
         <alignment>0x2</alignment>
         <input_file_ref idref="fl-1d"/>
      </object_component>
      <object_component id="oc-1a8">
         <name>.text.GPIO_disableInt</name>
         <load_address>0x2000e234</load_address>
         <readonly>true</readonly>
         <executable>true</executable>
         <run_address>0x2000e234</run_address>
         <size>0x44</size>
         <alignment>0x4</alignment>
         <input_file_ref idref="fl-15"/>
      </object_component>
      <object_component id="oc-f3">
         <name>.text.GPIO_enableInt</name>
         <load_address>0x2000e278</load_address>
         <readonly>true</readonly>
         <executable>true</executable>
         <run_address>0x2000e278</run_address>
         <size>0x44</size>
         <alignment>0x4</alignment>
         <input_file_ref idref="fl-15"/>
      </object_component>
      <object_component id="oc-237">
         <name>.text.Power_releaseConstraint</name>
         <load_address>0x2000e2bc</load_address>
         <readonly>true</readonly>
         <executable>true</executable>
         <run_address>0x2000e2bc</run_address>
         <size>0x44</size>
         <alignment>0x4</alignment>
         <input_file_ref idref="fl-16"/>
      </object_component>
      <object_component id="oc-14b">
         <name>.text.Timer_start</name>
         <load_address>0x2000e300</load_address>
         <readonly>true</readonly>
         <executable>true</executable>
         <run_address>0x2000e300</run_address>
         <size>0x44</size>
         <alignment>0x2</alignment>
         <input_file_ref idref="fl-18"/>
      </object_component>
      <object_component id="oc-7d">
         <name>.text.addToList</name>
         <load_address>0x2000e344</load_address>
         <readonly>true</readonly>
         <executable>true</executable>
         <run_address>0x2000e344</run_address>
         <size>0x44</size>
         <alignment>0x4</alignment>
         <input_file_ref idref="fl-1e"/>
      </object_component>
      <object_component id="oc-114">
         <name>.text.PinModeSet</name>
         <load_address>0x2000e388</load_address>
         <readonly>true</readonly>
         <executable>true</executable>
         <run_address>0x2000e388</run_address>
         <size>0x42</size>
         <alignment>0x2</alignment>
         <input_file_ref idref="fl-27"/>
      </object_component>
      <object_component id="oc-1e1">
         <name>.text.TimerControlStall</name>
         <load_address>0x2000e3ca</load_address>
         <readonly>true</readonly>
         <executable>true</executable>
         <run_address>0x2000e3ca</run_address>
         <size>0x42</size>
         <alignment>0x2</alignment>
         <input_file_ref idref="fl-2b"/>
      </object_component>
      <object_component id="oc-195">
         <name>.text.Timer_close</name>
         <load_address>0x2000e40c</load_address>
         <readonly>true</readonly>
         <executable>true</executable>
         <run_address>0x2000e40c</run_address>
         <size>0x42</size>
         <alignment>0x2</alignment>
         <input_file_ref idref="fl-19"/>
      </object_component>
      <object_component id="oc-1b7">
         <name>.text.getCountsRTC</name>
         <load_address>0x2000e44e</load_address>
         <readonly>true</readonly>
         <executable>true</executable>
         <run_address>0x2000e44e</run_address>
         <size>0x42</size>
         <alignment>0x2</alignment>
         <input_file_ref idref="fl-20"/>
      </object_component>
      <object_component id="oc-128">
         <name>.text.SemaphoreP_post</name>
         <load_address>0x2000e490</load_address>
         <readonly>true</readonly>
         <executable>true</executable>
         <run_address>0x2000e490</run_address>
         <size>0x40</size>
         <alignment>0x4</alignment>
         <input_file_ref idref="fl-1d"/>
      </object_component>
      <object_component id="oc-1d4">
         <name>.text.Timer_stop</name>
         <load_address>0x2000e4d0</load_address>
         <readonly>true</readonly>
         <executable>true</executable>
         <run_address>0x2000e4d0</run_address>
         <size>0x40</size>
         <alignment>0x2</alignment>
         <input_file_ref idref="fl-18"/>
      </object_component>
      <object_component id="oc-22d">
         <name>.text.PinDirModeSet</name>
         <load_address>0x2000e510</load_address>
         <readonly>true</readonly>
         <executable>true</executable>
         <run_address>0x2000e510</run_address>
         <size>0x3e</size>
         <alignment>0x2</alignment>
         <input_file_ref idref="fl-27"/>
      </object_component>
      <object_component id="oc-56">
         <name>.text.defaultHandler</name>
         <load_address>0x2000e54e</load_address>
         <readonly>true</readonly>
         <executable>true</executable>
         <run_address>0x2000e54e</run_address>
         <size>0x2</size>
         <alignment>0x2</alignment>
         <input_file_ref idref="fl-21"/>
      </object_component>
      <object_component id="oc-1cf">
         <name>.text.ClockP_stop</name>
         <load_address>0x2000e550</load_address>
         <readonly>true</readonly>
         <executable>true</executable>
         <run_address>0x2000e550</run_address>
         <size>0x3c</size>
         <alignment>0x4</alignment>
         <input_file_ref idref="fl-1e"/>
      </object_component>
      <object_component id="oc-f4">
         <name>.text.initTimer</name>
         <load_address>0x2000e58c</load_address>
         <readonly>true</readonly>
         <executable>true</executable>
         <run_address>0x2000e58c</run_address>
         <size>0x3c</size>
         <alignment>0x4</alignment>
         <input_file_ref idref="fl-1"/>
      </object_component>
      <object_component id="oc-19f">
         <name>.text.TimerSupport_timerEnable</name>
         <load_address>0x2000e5c8</load_address>
         <readonly>true</readonly>
         <executable>true</executable>
         <run_address>0x2000e5c8</run_address>
         <size>0x3a</size>
         <alignment>0x2</alignment>
         <input_file_ref idref="fl-19"/>
      </object_component>
      <object_component id="oc-55">
         <name>.text.faultISR</name>
         <load_address>0x2000e602</load_address>
         <readonly>true</readonly>
         <executable>true</executable>
         <run_address>0x2000e602</run_address>
         <size>0x2</size>
         <alignment>0x2</alignment>
         <input_file_ref idref="fl-21"/>
      </object_component>
      <object_component id="oc-17e">
         <name>.text.ClockP_destruct</name>
         <load_address>0x2000e604</load_address>
         <readonly>true</readonly>
         <executable>true</executable>
         <run_address>0x2000e604</run_address>
         <size>0x38</size>
         <alignment>0x4</alignment>
         <input_file_ref idref="fl-1e"/>
      </object_component>
      <object_component id="oc-1e6">
         <name>.text.Power_setConstraint</name>
         <load_address>0x2000e63c</load_address>
         <readonly>true</readonly>
         <executable>true</executable>
         <run_address>0x2000e63c</run_address>
         <size>0x38</size>
         <alignment>0x4</alignment>
         <input_file_ref idref="fl-16"/>
      </object_component>
      <object_component id="oc-1c8">
         <name>.text.SwiP_restore</name>
         <load_address>0x2000e674</load_address>
         <readonly>true</readonly>
         <executable>true</executable>
         <run_address>0x2000e674</run_address>
         <size>0x38</size>
         <alignment>0x4</alignment>
         <input_file_ref idref="fl-22"/>
      </object_component>
      <object_component id="oc-bf">
         <name>.text:__TI_auto_init_nobinit_nopinit</name>
         <load_address>0x2000e6ac</load_address>
         <readonly>true</readonly>
         <executable>true</executable>
         <run_address>0x2000e6ac</run_address>
         <size>0x38</size>
         <alignment>0x4</alignment>
         <input_file_ref idref="fl-45"/>
      </object_component>
      <object_component id="oc-206">
         <name>.text.PinLock</name>
         <load_address>0x2000e6e4</load_address>
         <readonly>true</readonly>
         <executable>true</executable>
         <run_address>0x2000e6e4</run_address>
         <size>0x36</size>
         <alignment>0x2</alignment>
         <input_file_ref idref="fl-27"/>
      </object_component>
      <object_component id="oc-19c">
         <name>.text.TimerCC32XX_hwiIntFunction</name>
         <load_address>0x2000e71a</load_address>
         <readonly>true</readonly>
         <executable>true</executable>
         <run_address>0x2000e71a</run_address>
         <size>0x36</size>
         <alignment>0x2</alignment>
         <input_file_ref idref="fl-19"/>
      </object_component>
      <object_component id="oc-17b">
         <name>.text.ClockP_start</name>
         <load_address>0x2000e750</load_address>
         <readonly>true</readonly>
         <executable>true</executable>
         <run_address>0x2000e750</run_address>
         <size>0x34</size>
         <alignment>0x4</alignment>
         <input_file_ref idref="fl-1e"/>
      </object_component>
      <object_component id="oc-22c">
         <name>.text.PinDirModeGet</name>
         <load_address>0x2000e784</load_address>
         <readonly>true</readonly>
         <executable>true</executable>
         <run_address>0x2000e784</run_address>
         <size>0x34</size>
         <alignment>0x2</alignment>
         <input_file_ref idref="fl-27"/>
      </object_component>
      <object_component id="oc-10f">
         <name>.text.PinModeGet</name>
         <load_address>0x2000e7b8</load_address>
         <readonly>true</readonly>
         <executable>true</executable>
         <run_address>0x2000e7b8</run_address>
         <size>0x34</size>
         <alignment>0x2</alignment>
         <input_file_ref idref="fl-27"/>
      </object_component>
      <object_component id="oc-203">
         <name>.text.PowerCC32XX_parkPin</name>
         <load_address>0x2000e7ec</load_address>
         <readonly>true</readonly>
         <executable>true</executable>
         <run_address>0x2000e7ec</run_address>
         <size>0x34</size>
         <alignment>0x2</alignment>
         <input_file_ref idref="fl-16"/>
      </object_component>
      <object_component id="oc-1d9">
         <name>.text.TimerCC32XX_freeTimerResource</name>
         <load_address>0x2000e820</load_address>
         <readonly>true</readonly>
         <executable>true</executable>
         <run_address>0x2000e820</run_address>
         <size>0x34</size>
         <alignment>0x4</alignment>
         <input_file_ref idref="fl-19"/>
      </object_component>
      <object_component id="oc-4f">
         <name>.text.initVectors</name>
         <load_address>0x2000e854</load_address>
         <readonly>true</readonly>
         <executable>true</executable>
         <run_address>0x2000e854</run_address>
         <size>0x34</size>
         <alignment>0x4</alignment>
         <input_file_ref idref="fl-21"/>
      </object_component>
      <object_component id="oc-1b4">
         <name>.text.ClockP_getTicksUntilInterrupt</name>
         <load_address>0x2000e888</load_address>
         <readonly>true</readonly>
         <executable>true</executable>
         <run_address>0x2000e888</run_address>
         <size>0x30</size>
         <alignment>0x4</alignment>
         <input_file_ref idref="fl-1e"/>
      </object_component>
      <object_component id="oc-1c1">
         <name>.text.PRCMLPDSIntervalSet</name>
         <load_address>0x2000e8b8</load_address>
         <readonly>true</readonly>
         <executable>true</executable>
         <run_address>0x2000e8b8</run_address>
         <size>0x30</size>
         <alignment>0x2</alignment>
         <input_file_ref idref="fl-28"/>
      </object_component>
      <object_component id="oc-1f9">
         <name>.text.PRCMSlowClkCtrFastGet</name>
         <load_address>0x2000e8e8</load_address>
         <readonly>true</readonly>
         <executable>true</executable>
         <run_address>0x2000e8e8</run_address>
         <size>0x30</size>
         <alignment>0x2</alignment>
         <input_file_ref idref="fl-28"/>
      </object_component>
      <object_component id="oc-1e0">
         <name>.text.TimerLoadSet</name>
         <load_address>0x2000e918</load_address>
         <readonly>true</readonly>
         <executable>true</executable>
         <run_address>0x2000e918</run_address>
         <size>0x30</size>
         <alignment>0x2</alignment>
         <input_file_ref idref="fl-2b"/>
      </object_component>
      <object_component id="oc-1df">
         <name>.text.TimerPrescaleSet</name>
         <load_address>0x2000e948</load_address>
         <readonly>true</readonly>
         <executable>true</executable>
         <run_address>0x2000e948</run_address>
         <size>0x30</size>
         <alignment>0x2</alignment>
         <input_file_ref idref="fl-2b"/>
      </object_component>
      <object_component id="oc-201">
         <name>.text.notify</name>
         <load_address>0x2000e978</load_address>
         <readonly>true</readonly>
         <executable>true</executable>
         <run_address>0x2000e978</run_address>
         <size>0x30</size>
         <alignment>0x4</alignment>
         <input_file_ref idref="fl-16"/>
      </object_component>
      <object_component id="oc-1aa">
         <name>.text.GPIOIntStatus</name>
         <load_address>0x2000e9a8</load_address>
         <readonly>true</readonly>
         <executable>true</executable>
         <run_address>0x2000e9a8</run_address>
         <size>0x2e</size>
         <alignment>0x2</alignment>
         <input_file_ref idref="fl-24"/>
      </object_component>
      <object_component id="oc-54">
         <name>.text.nmiISR</name>
         <load_address>0x2000e9d6</load_address>
         <readonly>true</readonly>
         <executable>true</executable>
         <run_address>0x2000e9d6</run_address>
         <size>0x2</size>
         <alignment>0x2</alignment>
         <input_file_ref idref="fl-21"/>
      </object_component>
      <object_component id="oc-21c">
         <name>.text.ClockP_sleep</name>
         <load_address>0x2000e9d8</load_address>
         <readonly>true</readonly>
         <executable>true</executable>
         <run_address>0x2000e9d8</run_address>
         <size>0x2c</size>
         <alignment>0x4</alignment>
         <input_file_ref idref="fl-1e"/>
      </object_component>
      <object_component id="oc-150">
         <name>.text.HwiP_create</name>
         <load_address>0x2000ea04</load_address>
         <readonly>true</readonly>
         <executable>true</executable>
         <run_address>0x2000ea04</run_address>
         <size>0x2a</size>
         <alignment>0x2</alignment>
         <input_file_ref idref="fl-1f"/>
      </object_component>
      <object_component id="oc-168">
         <name>.text.PRCMLPDSWakeUpGPIOSelect</name>
         <load_address>0x2000ea2e</load_address>
         <readonly>true</readonly>
         <executable>true</executable>
         <run_address>0x2000ea2e</run_address>
         <size>0x2a</size>
         <alignment>0x2</alignment>
         <input_file_ref idref="fl-28"/>
      </object_component>
      <object_component id="oc-10e">
         <name>.text.PRCMPeripheralClkDisable</name>
         <load_address>0x2000ea58</load_address>
         <readonly>true</readonly>
         <executable>true</executable>
         <run_address>0x2000ea58</run_address>
         <size>0x2a</size>
         <alignment>0x2</alignment>
         <input_file_ref idref="fl-28"/>
      </object_component>
      <object_component id="oc-216">
         <name>.text.List_remove</name>
         <load_address>0x2000ea82</load_address>
         <readonly>true</readonly>
         <executable>true</executable>
         <run_address>0x2000ea82</run_address>
         <size>0x28</size>
         <alignment>0x2</alignment>
         <input_file_ref idref="fl-1a"/>
      </object_component>
      <object_component id="oc-202">
         <name>.text.PRCMSRAMRetentionEnable</name>
         <load_address>0x2000eaaa</load_address>
         <readonly>true</readonly>
         <executable>true</executable>
         <run_address>0x2000eaaa</run_address>
         <size>0x28</size>
         <alignment>0x2</alignment>
         <input_file_ref idref="fl-28"/>
      </object_component>
      <object_component id="oc-215">
         <name>.text.TimerSupport_timerDisable</name>
         <load_address>0x2000ead2</load_address>
         <readonly>true</readonly>
         <executable>true</executable>
         <run_address>0x2000ead2</run_address>
         <size>0x28</size>
         <alignment>0x2</alignment>
         <input_file_ref idref="fl-19"/>
      </object_component>
      <object_component id="oc-1ce">
         <name>.text.free_list_insert</name>
         <load_address>0x2000eafc</load_address>
         <readonly>true</readonly>
         <executable>true</executable>
         <run_address>0x2000eafc</run_address>
         <size>0x28</size>
         <alignment>0x4</alignment>
         <input_file_ref idref="fl-3c"/>
      </object_component>
      <object_component id="oc-23b">
         <name>.text.sleepTicks</name>
         <load_address>0x2000eb24</load_address>
         <readonly>true</readonly>
         <executable>true</executable>
         <run_address>0x2000eb24</run_address>
         <size>0x28</size>
         <alignment>0x2</alignment>
         <input_file_ref idref="fl-1e"/>
      </object_component>
      <object_component id="oc-23a">
         <name>.text.IntUnregister</name>
         <load_address>0x2000eb4c</load_address>
         <readonly>true</readonly>
         <executable>true</executable>
         <run_address>0x2000eb4c</run_address>
         <size>0x24</size>
         <alignment>0x2</alignment>
         <input_file_ref idref="fl-26"/>
      </object_component>
      <object_component id="oc-180">
         <name>.text.List_put</name>
         <load_address>0x2000eb70</load_address>
         <readonly>true</readonly>
         <executable>true</executable>
         <run_address>0x2000eb70</run_address>
         <size>0x24</size>
         <alignment>0x2</alignment>
         <input_file_ref idref="fl-1a"/>
      </object_component>
      <object_component id="oc-166">
         <name>.text.PRCMLPDSWakeupSourceEnable</name>
         <load_address>0x2000eb94</load_address>
         <readonly>true</readonly>
         <executable>true</executable>
         <run_address>0x2000eb94</run_address>
         <size>0x24</size>
         <alignment>0x2</alignment>
         <input_file_ref idref="fl-28"/>
      </object_component>
      <object_component id="oc-20d">
         <name>.text.PowerCC32XX_restoreParkedPin</name>
         <load_address>0x2000ebb8</load_address>
         <readonly>true</readonly>
         <executable>true</executable>
         <run_address>0x2000ebb8</run_address>
         <size>0x24</size>
         <alignment>0x2</alignment>
         <input_file_ref idref="fl-16"/>
      </object_component>
      <object_component id="oc-127">
         <name>.text.Power_registerNotify</name>
         <load_address>0x2000ebdc</load_address>
         <readonly>true</readonly>
         <executable>true</executable>
         <run_address>0x2000ebdc</run_address>
         <size>0x24</size>
         <alignment>0x4</alignment>
         <input_file_ref idref="fl-16"/>
      </object_component>
      <object_component id="oc-76">
         <name>.text:_c_int00_noargs</name>
         <load_address>0x2000ec00</load_address>
         <readonly>true</readonly>
         <executable>true</executable>
         <run_address>0x2000ec00</run_address>
         <size>0x24</size>
         <alignment>0x4</alignment>
         <input_file_ref idref="fl-40"/>
      </object_component>
      <object_component id="oc-134">
         <name>.text.GPIOPinWrite</name>
         <load_address>0x2000ec24</load_address>
         <readonly>true</readonly>
         <executable>true</executable>
         <run_address>0x2000ec24</run_address>
         <size>0x22</size>
         <alignment>0x2</alignment>
         <input_file_ref idref="fl-24"/>
      </object_component>
      <object_component id="oc-20c">
         <name>.text.PinUnlock</name>
         <load_address>0x2000ec46</load_address>
         <readonly>true</readonly>
         <executable>true</executable>
         <run_address>0x2000ec46</run_address>
         <size>0x22</size>
         <alignment>0x2</alignment>
         <input_file_ref idref="fl-27"/>
      </object_component>
      <object_component id="oc-1ee">
         <name>.text.IntRegister</name>
         <load_address>0x2000ec68</load_address>
         <readonly>true</readonly>
         <executable>true</executable>
         <run_address>0x2000ec68</run_address>
         <size>0x20</size>
         <alignment>0x2</alignment>
         <input_file_ref idref="fl-26"/>
      </object_component>
      <object_component id="oc-1d5">
         <name>.text.Power_unregisterNotify</name>
         <load_address>0x2000ec88</load_address>
         <readonly>true</readonly>
         <executable>true</executable>
         <run_address>0x2000ec88</run_address>
         <size>0x20</size>
         <alignment>0x4</alignment>
         <input_file_ref idref="fl-16"/>
      </object_component>
      <object_component id="oc-193">
         <name>.text.SemaphoreP_constructBinary</name>
         <load_address>0x2000eca8</load_address>
         <readonly>true</readonly>
         <executable>true</executable>
         <run_address>0x2000eca8</run_address>
         <size>0x20</size>
         <alignment>0x4</alignment>
         <input_file_ref idref="fl-1d"/>
      </object_component>
      <object_component id="oc-11d">
         <name>.text.SemaphoreP_createBinary</name>
         <load_address>0x2000ecc8</load_address>
         <readonly>true</readonly>
         <executable>true</executable>
         <run_address>0x2000ecc8</run_address>
         <size>0x20</size>
         <alignment>0x4</alignment>
         <input_file_ref idref="fl-1d"/>
      </object_component>
      <object_component id="oc-1da">
         <name>.text.TimerDisable</name>
         <load_address>0x2000ece8</load_address>
         <readonly>true</readonly>
         <executable>true</executable>
         <run_address>0x2000ece8</run_address>
         <size>0x20</size>
         <alignment>0x2</alignment>
         <input_file_ref idref="fl-2b"/>
      </object_component>
      <object_component id="oc-ee">
         <name>.text.GPIO_setCallback</name>
         <load_address>0x2000ed08</load_address>
         <readonly>true</readonly>
         <executable>true</executable>
         <run_address>0x2000ed08</run_address>
         <size>0x1c</size>
         <alignment>0x4</alignment>
         <input_file_ref idref="fl-14"/>
      </object_component>
      <object_component id="oc-1f3">
         <name>.text.HwiP_dispatch</name>
         <load_address>0x2000ed24</load_address>
         <readonly>true</readonly>
         <executable>true</executable>
         <run_address>0x2000ed24</run_address>
         <size>0x1c</size>
         <alignment>0x4</alignment>
         <input_file_ref idref="fl-1f"/>
      </object_component>
      <object_component id="oc-1ad">
         <name>.text.SwiP_disable</name>
         <load_address>0x2000ed40</load_address>
         <readonly>true</readonly>
         <executable>true</executable>
         <run_address>0x2000ed40</run_address>
         <size>0x1c</size>
         <alignment>0x4</alignment>
         <input_file_ref idref="fl-22"/>
      </object_component>
      <object_component id="oc-1a1">
         <name>.text.charPause</name>
         <load_address>0x2000ed5c</load_address>
         <readonly>true</readonly>
         <executable>true</executable>
         <run_address>0x2000ed5c</run_address>
         <size>0x1c</size>
         <alignment>0x2</alignment>
         <input_file_ref idref="fl-1"/>
      </object_component>
      <object_component id="oc-1a0">
         <name>.text.dash</name>
         <load_address>0x2000ed78</load_address>
         <readonly>true</readonly>
         <executable>true</executable>
         <run_address>0x2000ed78</run_address>
         <size>0x1c</size>
         <alignment>0x2</alignment>
         <input_file_ref idref="fl-1"/>
      </object_component>
      <object_component id="oc-1a2">
         <name>.text.dot</name>
         <load_address>0x2000ed94</load_address>
         <readonly>true</readonly>
         <executable>true</executable>
         <run_address>0x2000ed94</run_address>
         <size>0x1c</size>
         <alignment>0x2</alignment>
         <input_file_ref idref="fl-1"/>
      </object_component>
      <object_component id="oc-1cd">
         <name>.text.free_list_remove</name>
         <load_address>0x2000edb0</load_address>
         <readonly>true</readonly>
         <executable>true</executable>
         <run_address>0x2000edb0</run_address>
         <size>0x1c</size>
         <alignment>0x4</alignment>
         <input_file_ref idref="fl-3c"/>
      </object_component>
      <object_component id="oc-1d2">
         <name>.text.getPowerMgrId</name>
         <load_address>0x2000edcc</load_address>
         <readonly>true</readonly>
         <executable>true</executable>
         <run_address>0x2000edcc</run_address>
         <size>0x1c</size>
         <alignment>0x4</alignment>
         <input_file_ref idref="fl-19"/>
      </object_component>
      <object_component id="oc-21">
         <name>.text.resetISR</name>
         <load_address>0x2000ede8</load_address>
         <readonly>true</readonly>
         <executable>true</executable>
         <run_address>0x2000ede8</run_address>
         <size>0x1c</size>
         <alignment>0x2</alignment>
         <input_file_ref idref="fl-21"/>
      </object_component>
      <object_component id="oc-1a3">
         <name>.text.wordPause</name>
         <load_address>0x2000ee04</load_address>
         <readonly>true</readonly>
         <executable>true</executable>
         <run_address>0x2000ee04</run_address>
         <size>0x1c</size>
         <alignment>0x2</alignment>
         <input_file_ref idref="fl-1"/>
      </object_component>
      <object_component id="oc-1f4">
         <name>.text.GPIOIntDisable</name>
         <load_address>0x2000ee20</load_address>
         <readonly>true</readonly>
         <executable>true</executable>
         <run_address>0x2000ee20</run_address>
         <size>0x1a</size>
         <alignment>0x2</alignment>
         <input_file_ref idref="fl-24"/>
      </object_component>
      <object_component id="oc-10b">
         <name>.text.PRCMHIBRegRead</name>
         <load_address>0x2000ee3a</load_address>
         <readonly>true</readonly>
         <executable>true</executable>
         <run_address>0x2000ee3a</run_address>
         <size>0x1a</size>
         <alignment>0x2</alignment>
         <input_file_ref idref="fl-28"/>
      </object_component>
      <object_component id="oc-10a">
         <name>.text.PRCMHIBRegWrite</name>
         <load_address>0x2000ee54</load_address>
         <readonly>true</readonly>
         <executable>true</executable>
         <run_address>0x2000ee54</run_address>
         <size>0x1a</size>
         <alignment>0x2</alignment>
         <input_file_ref idref="fl-28"/>
      </object_component>
      <object_component id="oc-167">
         <name>.text.PRCMLPDSWakeupSourceDisable</name>
         <load_address>0x2000ee6e</load_address>
         <readonly>true</readonly>
         <executable>true</executable>
         <run_address>0x2000ee6e</run_address>
         <size>0x1a</size>
         <alignment>0x2</alignment>
         <input_file_ref idref="fl-28"/>
      </object_component>
      <object_component id="oc-205">
         <name>.text.PinToPadGet</name>
         <load_address>0x2000ee88</load_address>
         <readonly>true</readonly>
         <executable>true</executable>
         <run_address>0x2000ee88</run_address>
         <size>0x1a</size>
         <alignment>0x2</alignment>
         <input_file_ref idref="fl-27"/>
      </object_component>
      <object_component id="oc-1e7">
         <name>.text.TimerEnable</name>
         <load_address>0x2000eea2</load_address>
         <readonly>true</readonly>
         <executable>true</executable>
         <run_address>0x2000eea2</run_address>
         <size>0x1a</size>
         <alignment>0x2</alignment>
         <input_file_ref idref="fl-2b"/>
      </object_component>
      <object_component id="oc-13d">
         <name>.text.GPIOIntEnable</name>
         <load_address>0x2000eebc</load_address>
         <readonly>true</readonly>
         <executable>true</executable>
         <run_address>0x2000eebc</run_address>
         <size>0x18</size>
         <alignment>0x2</alignment>
         <input_file_ref idref="fl-24"/>
      </object_component>
      <object_component id="oc-174">
         <name>.text.SemaphoreP_create</name>
         <load_address>0x2000eed4</load_address>
         <readonly>true</readonly>
         <executable>true</executable>
         <run_address>0x2000eed4</run_address>
         <size>0x18</size>
         <alignment>0x2</alignment>
         <input_file_ref idref="fl-1d"/>
      </object_component>
      <object_component id="oc-a6">
         <name>.text.Board_init</name>
         <load_address>0x2000eeec</load_address>
         <readonly>true</readonly>
         <executable>true</executable>
         <run_address>0x2000eeec</run_address>
         <size>0x16</size>
         <alignment>0x2</alignment>
         <input_file_ref idref="fl-2"/>
      </object_component>
      <object_component id="oc-1c4">
         <name>.text.SysTickPeriodSet</name>
         <load_address>0x2000ef02</load_address>
         <readonly>true</readonly>
         <executable>true</executable>
         <run_address>0x2000ef02</run_address>
         <size>0x16</size>
         <alignment>0x2</alignment>
         <input_file_ref idref="fl-2a"/>
      </object_component>
      <object_component id="oc-236">
         <name>.text.TimerIntDisable</name>
         <load_address>0x2000ef18</load_address>
         <readonly>true</readonly>
         <executable>true</executable>
         <run_address>0x2000ef18</run_address>
         <size>0x16</size>
         <alignment>0x2</alignment>
         <input_file_ref idref="fl-2b"/>
      </object_component>
      <object_component id="oc-6c">
         <name>.text.CPUcpsid</name>
         <load_address>0x2000ef2e</load_address>
         <readonly>true</readonly>
         <executable>true</executable>
         <run_address>0x2000ef2e</run_address>
         <size>0x14</size>
         <alignment>0x2</alignment>
         <input_file_ref idref="fl-23"/>
      </object_component>
      <object_component id="oc-18c">
         <name>.text.CPUcpsie</name>
         <load_address>0x2000ef42</load_address>
         <readonly>true</readonly>
         <executable>true</executable>
         <run_address>0x2000ef42</run_address>
         <size>0x14</size>
         <alignment>0x2</alignment>
         <input_file_ref idref="fl-23"/>
      </object_component>
      <object_component id="oc-218">
         <name>.text.HwiP_destruct</name>
         <load_address>0x2000ef56</load_address>
         <readonly>true</readonly>
         <executable>true</executable>
         <run_address>0x2000ef56</run_address>
         <size>0x14</size>
         <alignment>0x2</alignment>
         <input_file_ref idref="fl-1f"/>
      </object_component>
      <object_component id="oc-73">
         <name>.text.IntVTableBaseSet</name>
         <load_address>0x2000ef6a</load_address>
         <readonly>true</readonly>
         <executable>true</executable>
         <run_address>0x2000ef6a</run_address>
         <size>0x14</size>
         <alignment>0x2</alignment>
         <input_file_ref idref="fl-26"/>
      </object_component>
      <object_component id="oc-187">
         <name>.text.Power_disablePolicy</name>
         <load_address>0x2000ef80</load_address>
         <readonly>true</readonly>
         <executable>true</executable>
         <run_address>0x2000ef80</run_address>
         <size>0x14</size>
         <alignment>0x4</alignment>
         <input_file_ref idref="fl-16"/>
      </object_component>
      <object_component id="oc-1b5">
         <name>.text.Power_getTransitionLatency</name>
         <load_address>0x2000ef94</load_address>
         <readonly>true</readonly>
         <executable>true</executable>
         <run_address>0x2000ef94</run_address>
         <size>0x14</size>
         <alignment>0x4</alignment>
         <input_file_ref idref="fl-16"/>
      </object_component>
      <object_component id="oc-1cc">
         <name>.text.Power_idleFunc</name>
         <load_address>0x2000efa8</load_address>
         <readonly>true</readonly>
         <executable>true</executable>
         <run_address>0x2000efa8</run_address>
         <size>0x14</size>
         <alignment>0x4</alignment>
         <input_file_ref idref="fl-16"/>
      </object_component>
      <object_component id="oc-1e5">
         <name>.text.TimerIntEnable</name>
         <load_address>0x2000efbc</load_address>
         <readonly>true</readonly>
         <executable>true</executable>
         <run_address>0x2000efbc</run_address>
         <size>0x14</size>
         <alignment>0x2</alignment>
         <input_file_ref idref="fl-2b"/>
      </object_component>
      <object_component id="oc-1b8">
         <name>.text.__aeabi_uldivmod</name>
         <load_address>0x2000efd0</load_address>
         <readonly>true</readonly>
         <executable>true</executable>
         <run_address>0x2000efd0</run_address>
         <size>0x14</size>
         <alignment>0x4</alignment>
         <input_file_ref idref="fl-af"/>
      </object_component>
      <object_component id="oc-f6">
         <name>.text.gpioButtonFxn0</name>
         <load_address>0x2000efe4</load_address>
         <readonly>true</readonly>
         <executable>true</executable>
         <run_address>0x2000efe4</run_address>
         <size>0x14</size>
         <alignment>0x4</alignment>
         <input_file_ref idref="fl-1"/>
      </object_component>
      <object_component id="oc-17a">
         <name>.text.ClockP_add</name>
         <load_address>0x2000eff8</load_address>
         <readonly>true</readonly>
         <executable>true</executable>
         <run_address>0x2000eff8</run_address>
         <size>0x12</size>
         <alignment>0x2</alignment>
         <input_file_ref idref="fl-1e"/>
      </object_component>
      <object_component id="oc-1a9">
         <name>.text.GPIOIntClear</name>
         <load_address>0x2000f00a</load_address>
         <readonly>true</readonly>
         <executable>true</executable>
         <run_address>0x2000f00a</run_address>
         <size>0x12</size>
         <alignment>0x2</alignment>
         <input_file_ref idref="fl-24"/>
      </object_component>
      <object_component id="oc-14f">
         <name>.text.HwiP_Params_init</name>
         <load_address>0x2000f01c</load_address>
         <readonly>true</readonly>
         <executable>true</executable>
         <run_address>0x2000f01c</run_address>
         <size>0x12</size>
         <alignment>0x2</alignment>
         <input_file_ref idref="fl-1f"/>
      </object_component>
      <object_component id="oc-1d7">
         <name>.text.HwiP_delete</name>
         <load_address>0x2000f02e</load_address>
         <readonly>true</readonly>
         <executable>true</executable>
         <run_address>0x2000f02e</run_address>
         <size>0x12</size>
         <alignment>0x2</alignment>
         <input_file_ref idref="fl-1f"/>
      </object_component>
      <object_component id="oc-1c5">
         <name>.text.SysTickEnable</name>
         <load_address>0x2000f040</load_address>
         <readonly>true</readonly>
         <executable>true</executable>
         <run_address>0x2000f040</run_address>
         <size>0x12</size>
         <alignment>0x2</alignment>
         <input_file_ref idref="fl-2a"/>
      </object_component>
      <object_component id="oc-1bc">
         <name>.text.SysTickIntDisable</name>
         <load_address>0x2000f052</load_address>
         <readonly>true</readonly>
         <executable>true</executable>
         <run_address>0x2000f052</run_address>
         <size>0x12</size>
         <alignment>0x2</alignment>
         <input_file_ref idref="fl-2a"/>
      </object_component>
      <object_component id="oc-1c6">
         <name>.text.SysTickIntEnable</name>
         <load_address>0x2000f064</load_address>
         <readonly>true</readonly>
         <executable>true</executable>
         <run_address>0x2000f064</run_address>
         <size>0x12</size>
         <alignment>0x2</alignment>
         <input_file_ref idref="fl-2a"/>
      </object_component>
      <object_component id="oc-81">
         <name>.text:TI_memcpy_small</name>
         <load_address>0x2000f076</load_address>
         <readonly>true</readonly>
         <executable>true</executable>
         <run_address>0x2000f076</run_address>
         <size>0x12</size>
         <alignment>0x1</alignment>
         <input_file_ref idref="fl-b2"/>
      </object_component>
      <object_component id="oc-43">
         <name>.text:decompress:ZI:__TI_zero_init_nomemset</name>
         <load_address>0x2000f088</load_address>
         <readonly>true</readonly>
         <executable>true</executable>
         <run_address>0x2000f088</run_address>
         <size>0x12</size>
         <alignment>0x2</alignment>
         <input_file_ref idref="fl-3d"/>
      </object_component>
      <object_component id="oc-194">
         <name>.text.ClockP_getCpuFreq</name>
         <load_address>0x2000f09c</load_address>
         <readonly>true</readonly>
         <executable>true</executable>
         <run_address>0x2000f09c</run_address>
         <size>0x10</size>
         <alignment>0x4</alignment>
         <input_file_ref idref="fl-1e"/>
      </object_component>
      <object_component id="oc-1b6">
         <name>.text.ClockP_getSystemTicks</name>
         <load_address>0x2000f0ac</load_address>
         <readonly>true</readonly>
         <executable>true</executable>
         <run_address>0x2000f0ac</run_address>
         <size>0x10</size>
         <alignment>0x4</alignment>
         <input_file_ref idref="fl-1e"/>
      </object_component>
      <object_component id="oc-1c3">
         <name>.text.ClockP_setTicks</name>
         <load_address>0x2000f0bc</load_address>
         <readonly>true</readonly>
         <executable>true</executable>
         <run_address>0x2000f0bc</run_address>
         <size>0x10</size>
         <alignment>0x4</alignment>
         <input_file_ref idref="fl-1e"/>
      </object_component>
      <object_component id="oc-186">
         <name>.text.HwiP_inISR</name>
         <load_address>0x2000f0cc</load_address>
         <readonly>true</readonly>
         <executable>true</executable>
         <run_address>0x2000f0cc</run_address>
         <size>0x10</size>
         <alignment>0x4</alignment>
         <input_file_ref idref="fl-1f"/>
      </object_component>
      <object_component id="oc-17d">
         <name>.text.Power_enablePolicy</name>
         <load_address>0x2000f0dc</load_address>
         <readonly>true</readonly>
         <executable>true</executable>
         <run_address>0x2000f0dc</run_address>
         <size>0x10</size>
         <alignment>0x4</alignment>
         <input_file_ref idref="fl-16"/>
      </object_component>
      <object_component id="oc-1e4">
         <name>.text.TimerIntClear</name>
         <load_address>0x2000f0ec</load_address>
         <readonly>true</readonly>
         <executable>true</executable>
         <run_address>0x2000f0ec</run_address>
         <size>0x10</size>
         <alignment>0x2</alignment>
         <input_file_ref idref="fl-2b"/>
      </object_component>
      <object_component id="oc-143">
         <name>.text.Timer_Params_init</name>
         <load_address>0x2000f0fc</load_address>
         <readonly>true</readonly>
         <executable>true</executable>
         <run_address>0x2000f0fc</run_address>
         <size>0x10</size>
         <alignment>0x4</alignment>
         <input_file_ref idref="fl-18"/>
      </object_component>
      <object_component id="oc-8f">
         <name>.text.main</name>
         <load_address>0x2000f10c</load_address>
         <readonly>true</readonly>
         <executable>true</executable>
         <run_address>0x2000f10c</run_address>
         <size>0x10</size>
         <alignment>0x2</alignment>
         <input_file_ref idref="fl-3"/>
      </object_component>
      <object_component id="oc-1c">
         <name>.text:decompress:none</name>
         <load_address>0x2000f11c</load_address>
         <readonly>true</readonly>
         <executable>true</executable>
         <run_address>0x2000f11c</run_address>
         <size>0xe</size>
         <alignment>0x2</alignment>
         <input_file_ref idref="fl-3e"/>
      </object_component>
      <object_component id="oc-212">
         <name>.text.CPUwfi</name>
         <load_address>0x2000f12a</load_address>
         <readonly>true</readonly>
         <executable>true</executable>
         <run_address>0x2000f12a</run_address>
         <size>0xc</size>
[...]
         <name>ClockP_getTicksUntilInterrupt</name>
         <value>0x2000e889</value>
         <object_component_ref idref="oc-1b4"/>
      </symbol>
      <symbol id="sm-1e6">
         <name>ClockP_isActive</name>
         <value>0x2000f15d</value>
         <object_component_ref idref="oc-17c"/>
      </symbol>
      <symbol id="sm-1e7">
         <name>ClockP_setTicks</name>
         <value>0x2000f0bd</value>
         <object_component_ref idref="oc-1c3"/>
      </symbol>
      <symbol id="sm-1e8">
         <name>ClockP_sleep</name>
         <value>0x2000e9d9</value>
         <object_component_ref idref="oc-21c"/>
      </symbol>
      <symbol id="sm-1e9">
         <name>ClockP_tickPeriod</name>
         <value>0x2000f83c</value>
         <object_component_ref idref="oc-1ca"/>
      </symbol>
      <symbol id="sm-20e">
         <name>HwiP_enable</name>
         <value>0x2000f1ab</value>
         <object_component_ref idref="oc-e5"/>
      </symbol>
      <symbol id="sm-20f">
         <name>HwiP_disable</name>
         <value>0x2000f17b</value>
         <object_component_ref idref="oc-123"/>
      </symbol>
      <symbol id="sm-210">
         <name>HwiP_restore</name>
         <value>0x2000f183</value>
         <object_component_ref idref="oc-124"/>
      </symbol>
      <symbol id="sm-211">
         <name>HwiP_clearInterrupt</name>
         <value>0x2000f1a7</value>
         <object_component_ref idref="oc-1d6"/>
      </symbol>
      <symbol id="sm-212">
         <name>HwiP_destruct</name>
         <value>0x2000ef57</value>
         <object_component_ref idref="oc-218"/>
      </symbol>
      <symbol id="sm-213">
         <name>HwiP_delete</name>
         <value>0x2000f02f</value>
         <object_component_ref idref="oc-1d7"/>
      </symbol>
      <symbol id="sm-214">
         <name>HwiP_dispatch</name>
         <value>0x2000ed25</value>
         <object_component_ref idref="oc-1f3"/>
      </symbol>
      <symbol id="sm-215">
         <name>HwiP_construct</name>
         <value>0x2000d649</value>
         <object_component_ref idref="oc-1a6"/>
      </symbol>
      <symbol id="sm-216">
         <name>HwiP_swiPIntNum</name>
         <value>0x2000f840</value>
         <object_component_ref idref="oc-1f1"/>
      </symbol>
      <symbol id="sm-217">
         <name>HwiP_Params_init</name>
         <value>0x2000f01d</value>
         <object_component_ref idref="oc-14f"/>
      </symbol>
      <symbol id="sm-218">
         <name>HwiP_create</name>
         <value>0x2000ea05</value>
         <object_component_ref idref="oc-150"/>
      </symbol>
      <symbol id="sm-219">
         <name>HwiP_post</name>
         <value>0x2000f1af</value>
         <object_component_ref idref="oc-213"/>
      </symbol>
      <symbol id="sm-21a">
         <name>HwiP_inISR</name>
         <value>0x2000f0cd</value>
         <object_component_ref idref="oc-186"/>
      </symbol>
      <symbol id="sm-22a">
         <name>PowerCC32XX_initPolicy</name>
         <value>0x2000d427</value>
         <object_component_ref idref="oc-16c"/>
      </symbol>
      <symbol id="sm-22b">
         <name>PowerCC32XX_sleepPolicy</name>
         <value>0x2000c8dd</value>
         <object_component_ref idref="oc-171"/>
      </symbol>
      <symbol id="sm-248">
         <name>resetISR</name>
         <value>0x2000ede9</value>
         <object_component_ref idref="oc-21"/>
      </symbol>
      <symbol id="sm-249">
         <name>initVectors</name>
         <value>0x2000e855</value>
         <object_component_ref idref="oc-4f"/>
      </symbol>
      <symbol id="sm-25e">
         <name>SwiP_disable</name>
         <value>0x2000ed41</value>
         <object_component_ref idref="oc-1ad"/>
      </symbol>
      <symbol id="sm-25f">
         <name>SwiP_restore</name>
         <value>0x2000e675</value>
         <object_component_ref idref="oc-1c8"/>
      </symbol>
      <symbol id="sm-276">
         <name>CPUcpsid</name>
         <value>0x2000ef2f</value>
         <object_component_ref idref="oc-6c"/>
      </symbol>
      <symbol id="sm-277">
         <name>CPUcpsie</name>
         <value>0x2000ef43</value>
         <object_component_ref idref="oc-18c"/>
      </symbol>
      <symbol id="sm-278">
         <name>CPUwfi</name>
         <value>0x2000f12b</value>
         <object_component_ref idref="oc-212"/>
      </symbol>
      <symbol id="sm-2b1">
         <name>GPIODirModeSet</name>
         <value>0x2000e1ef</value>
         <object_component_ref idref="oc-151"/>
      </symbol>
      <symbol id="sm-2b2">
         <name>GPIOIntClear</name>
         <value>0x2000f00b</value>
         <object_component_ref idref="oc-1a9"/>
      </symbol>
      <symbol id="sm-2b3">
         <name>GPIOIntDisable</name>
         <value>0x2000ee21</value>
         <object_component_ref idref="oc-1f4"/>
      </symbol>
      <symbol id="sm-2b4">
         <name>GPIOIntEnable</name>
         <value>0x2000eebd</value>
         <object_component_ref idref="oc-13d"/>
      </symbol>
      <symbol id="sm-2b5">
         <name>GPIOIntStatus</name>
         <value>0x2000e9a9</value>
         <object_component_ref idref="oc-1aa"/>
      </symbol>
      <symbol id="sm-2b6">
         <name>GPIOIntTypeSet</name>
         <value>0x2000d105</value>
         <object_component_ref idref="oc-1a7"/>
      </symbol>
      <symbol id="sm-2b7">
         <name>GPIOPinWrite</name>
         <value>0x2000ec25</value>
         <object_component_ref idref="oc-134"/>
      </symbol>
      <symbol id="sm-307">
         <name>IntDisable</name>
         <value>0x2000cec5</value>
         <object_component_ref idref="oc-239"/>
      </symbol>
      <symbol id="sm-308">
         <name>IntEnable</name>
         <value>0x2000cf8d</value>
         <object_component_ref idref="oc-1f0"/>
      </symbol>
      <symbol id="sm-309">
         <name>IntMasterDisable</name>
         <value>0x2000f167</value>
         <object_component_ref idref="oc-4a"/>
      </symbol>
      <symbol id="sm-30a">
         <name>IntMasterEnable</name>
         <value>0x2000f171</value>
         <object_component_ref idref="oc-130"/>
      </symbol>
      <symbol id="sm-30b">
         <name>IntPendClear</name>
         <value>0x2000d9bb</value>
         <object_component_ref idref="oc-217"/>
      </symbol>
      <symbol id="sm-30c">
         <name>IntPendSet</name>
         <value>0x2000d1b1</value>
         <object_component_ref idref="oc-235"/>
      </symbol>
      <symbol id="sm-30d">
         <name>IntPrioritySet</name>
         <value>0x2000dd11</value>
         <object_component_ref idref="oc-1ef"/>
      </symbol>
      <symbol id="sm-30e">
         <name>IntRegister</name>
         <value>0x2000ec69</value>
         <object_component_ref idref="oc-1ee"/>
      </symbol>
      <symbol id="sm-30f">
         <name>IntUnregister</name>
         <value>0x2000eb4d</value>
         <object_component_ref idref="oc-23a"/>
      </symbol>
      <symbol id="sm-310">
         <name>IntVTableBaseSet</name>
         <value>0x2000ef6b</value>
         <object_component_ref idref="oc-73"/>
      </symbol>
      <symbol id="sm-356">
         <name>PinConfigGet</name>
         <value>0x2000e161</value>
         <object_component_ref idref="oc-22b"/>
      </symbol>
      <symbol id="sm-357">
         <name>PinConfigSet</name>
         <value>0x2000d255</value>
         <object_component_ref idref="oc-14d"/>
      </symbol>
      <symbol id="sm-358">
         <name>PinDirModeGet</name>
         <value>0x2000e785</value>
         <object_component_ref idref="oc-22c"/>
      </symbol>
      <symbol id="sm-359">
         <name>PinDirModeSet</name>
         <value>0x2000e511</value>
         <object_component_ref idref="oc-22d"/>
      </symbol>
      <symbol id="sm-35a">
         <name>PinLock</name>
         <value>0x2000e6e5</value>
         <object_component_ref idref="oc-206"/>
      </symbol>
      <symbol id="sm-35b">
         <name>PinLockLevelSet</name>
         <value>0x2000d7a1</value>
         <object_component_ref idref="oc-204"/>
      </symbol>
      <symbol id="sm-35c">
         <name>PinModeGet</name>
         <value>0x2000e7b9</value>
         <object_component_ref idref="oc-10f"/>
      </symbol>
      <symbol id="sm-35d">
         <name>PinModeSet</name>
         <value>0x2000e389</value>
         <object_component_ref idref="oc-114"/>
      </symbol>
      <symbol id="sm-35e">
         <name>PinToPadGet</name>
         <value>0x2000ee89</value>
         <object_component_ref idref="oc-205"/>
      </symbol>
      <symbol id="sm-35f">
         <name>PinUnlock</name>
         <value>0x2000ec47</value>
         <object_component_ref idref="oc-20c"/>
      </symbol>
      <symbol id="sm-411">
         <name>PRCMCC3200MCUInit</name>
         <value>0x2000c041</value>
         <object_component_ref idref="oc-d2"/>
      </symbol>
      <symbol id="sm-412">
         <name>PRCMHIBRegRead</name>
         <value>0x2000ee3b</value>
         <object_component_ref idref="oc-10b"/>
      </symbol>
      <symbol id="sm-413">
         <name>PRCMHIBRegWrite</name>
         <value>0x2000ee55</value>
         <object_component_ref idref="oc-10a"/>
      </symbol>
      <symbol id="sm-414">
         <name>PRCMHibernateWakeUpGPIOSelect</name>
         <value>0x2000d6bd</value>
         <object_component_ref idref="oc-169"/>
      </symbol>
      <symbol id="sm-415">
         <name>PRCMHibernateWakeupSourceDisable</name>
         <value>0x2000dba5</value>
         <object_component_ref idref="oc-16b"/>
      </symbol>
      <symbol id="sm-416">
         <name>PRCMHibernateWakeupSourceEnable</name>
         <value>0x2000deb9</value>
         <object_component_ref idref="oc-16a"/>
      </symbol>
      <symbol id="sm-417">
         <name>PRCMIntEnable</name>
         <value>0x2000e0d1</value>
         <object_component_ref idref="oc-20b"/>
      </symbol>
      <symbol id="sm-418">
         <name>PRCMLPDSEnter</name>
         <value>0x2000dd69</value>
         <object_component_ref idref="oc-211"/>
      </symbol>
      <symbol id="sm-419">
         <name>PRCMLPDSEnterKeepDebugIf</name>
         <value>0x2000e1a9</value>
         <object_component_ref idref="oc-210"/>
      </symbol>
      <symbol id="sm-41a">
         <name>PRCMLPDSIntervalSet</name>
         <value>0x2000e8b9</value>
         <object_component_ref idref="oc-1c1"/>
      </symbol>
      <symbol id="sm-41b">
         <name>PRCMLPDSRestoreInfoSet</name>
         <value>0x2000dfa5</value>
         <object_component_ref idref="oc-22e"/>
      </symbol>
      <symbol id="sm-41c">
         <name>PRCMLPDSWakeUpGPIOSelect</name>
         <value>0x2000ea2f</value>
         <object_component_ref idref="oc-168"/>
      </symbol>
      <symbol id="sm-41d">
         <name>PRCMLPDSWakeupCauseGet</name>
         <value>0x2000f137</value>
         <object_component_ref idref="oc-20e"/>
      </symbol>
      <symbol id="sm-41e">
         <name>PRCMLPDSWakeupSourceDisable</name>
         <value>0x2000ee6f</value>
         <object_component_ref idref="oc-167"/>
      </symbol>
      <symbol id="sm-41f">
         <name>PRCMLPDSWakeupSourceEnable</name>
         <value>0x2000eb95</value>
         <object_component_ref idref="oc-166"/>
      </symbol>
      <symbol id="sm-420">
         <name>PRCMPeripheralClkDisable</name>
         <value>0x2000ea59</value>
         <object_component_ref idref="oc-10e"/>
      </symbol>
      <symbol id="sm-421">
         <name>PRCMPeripheralClkEnable</name>
         <value>0x2000dc5d</value>
         <object_component_ref idref="oc-10c"/>
      </symbol>
      <symbol id="sm-422">
         <name>PRCMPeripheralReset</name>
         <value>0x2000d951</value>
         <object_component_ref idref="oc-10d"/>
      </symbol>
      <symbol id="sm-423">
         <name>PRCMPeripheralStatusGet</name>
         <value>0x2000e119</value>
         <object_component_ref idref="oc-1a4"/>
      </symbol>
      <symbol id="sm-424">
         <name>PRCMSRAMRetentionEnable</name>
         <value>0x2000eaab</value>
         <object_component_ref idref="oc-202"/>
      </symbol>
      <symbol id="sm-425">
         <name>PRCMSleepEnter</name>
         <value>0x2000f18b</value>
         <object_component_ref idref="oc-1c7"/>
      </symbol>
      <symbol id="sm-426">
         <name>PRCMSlowClkCtrFastGet</name>
         <value>0x2000e8e9</value>
         <object_component_ref idref="oc-1f9"/>
      </symbol>
      <symbol id="sm-427">
         <name>PRCMSysResetCauseGet</name>
         <value>0x2000d4b9</value>
         <object_component_ref idref="oc-105"/>
      </symbol>
      <symbol id="sm-445">
         <name>SysTickEnable</name>
         <value>0x2000f041</value>
         <object_component_ref idref="oc-1c5"/>
      </symbol>
      <symbol id="sm-446">
         <name>SysTickIntDisable</name>
         <value>0x2000f053</value>
         <object_component_ref idref="oc-1bc"/>
      </symbol>
      <symbol id="sm-447">
         <name>SysTickIntEnable</name>
         <value>0x2000f065</value>
         <object_component_ref idref="oc-1c6"/>
      </symbol>
      <symbol id="sm-448">
         <name>SysTickPeriodSet</name>
         <value>0x2000ef03</value>
         <object_component_ref idref="oc-1c4"/>
      </symbol>
      <symbol id="sm-487">
         <name>TimerControlStall</name>
         <value>0x2000e3cb</value>
         <object_component_ref idref="oc-1e1"/>
      </symbol>
      <symbol id="sm-488">
         <name>TimerDisable</name>
         <value>0x2000ece9</value>
         <object_component_ref idref="oc-1da"/>
      </symbol>
      <symbol id="sm-489">
         <name>TimerEnable</name>
         <value>0x2000eea3</value>
         <object_component_ref idref="oc-1e7"/>
      </symbol>
      <symbol id="sm-48a">
         <name>TimerIntClear</name>
         <value>0x2000f0ed</value>
         <object_component_ref idref="oc-1e4"/>
      </symbol>
      <symbol id="sm-48b">
         <name>TimerIntDisable</name>
         <value>0x2000ef19</value>
         <object_component_ref idref="oc-236"/>
      </symbol>
      <symbol id="sm-48c">
         <name>TimerIntEnable</name>
         <value>0x2000efbd</value>
         <object_component_ref idref="oc-1e5"/>
      </symbol>
      <symbol id="sm-48d">
         <name>TimerLoadSet</name>
         <value>0x2000e919</value>
         <object_component_ref idref="oc-1e0"/>
      </symbol>
      <symbol id="sm-48e">
         <name>TimerPrescaleSet</name>
         <value>0x2000e949</value>
         <object_component_ref idref="oc-1df"/>
      </symbol>
      <symbol id="sm-499">
         <name>UtilsDelay</name>
         <value>0x2000f193</value>
         <object_component_ref idref="oc-106"/>
      </symbol>
      <symbol id="sm-4c6">
         <name>FlashDisable</name>
         <value>0x2000db49</value>
         <object_component_ref idref="oc-230"/>
      </symbol>
      <symbol id="sm-4e6">
         <name>malloc</name>
         <value>0x2000f19b</value>
         <object_component_ref idref="oc-1a5"/>
      </symbol>
      <symbol id="sm-4e7">
         <name>aligned_alloc</name>
         <value>0x2000ccb5</value>
         <object_component_ref idref="oc-1ed"/>
      </symbol>
      <symbol id="sm-4e8">
         <name>free</name>
         <value>0x2000cdd5</value>
         <object_component_ref idref="oc-178"/>
      </symbol>
      <symbol id="sm-4e9">
         <name>_sys_memory</name>
         <value>0x20004040</value>
         <object_component_ref idref="oc-31"/>
      </symbol>
      <symbol id="sm-4ea">
         <name>memalign</name>
         <value>0x2000ccb5</value>
         <object_component_ref idref="oc-1ed"/>
      </symbol>
      <symbol id="sm-4f4">
         <name>__TI_zero_init_nomemset</name>
         <value>0x2000f089</value>
         <object_component_ref idref="oc-43"/>
      </symbol>
      <symbol id="sm-4fd">
         <name>__TI_decompress_none</name>
         <value>0x2000f11d</value>
         <object_component_ref idref="oc-1c"/>
      </symbol>
      <symbol id="sm-507">
         <name>__TI_decompress_lzss</name>
         <value>0x2000d731</value>
         <object_component_ref idref="oc-18"/>
      </symbol>
      <symbol id="sm-512">
         <name>_c_int00_noargs</name>
         <value>0x2000ec01</value>
         <object_component_ref idref="oc-76"/>
      </symbol>
      <symbol id="sm-513">
         <name>__stack</name>
         <value>0x20003000</value>
         <object_component_ref idref="oc-16"/>
      </symbol>
      <symbol id="sm-51e">
         <name>abort</name>
         <value>0x2000f1cd</value>
         <object_component_ref idref="oc-b8"/>
      </symbol>
      <symbol id="sm-51f">
         <name>C$$EXIT</name>
         <value>0x2000f1cc</value>
         <object_component_ref idref="oc-b8"/>
      </symbol>
      <symbol id="sm-528">
         <name>_nop</name>
         <value>0x2000ddbf</value>
         <object_component_ref idref="oc-157"/>
      </symbol>
      <symbol id="sm-529">
         <name>_lock</name>
         <value>0x2000f844</value>
         <object_component_ref idref="oc-fb"/>
      </symbol>
      <symbol id="sm-52a">
         <name>_unlock</name>
         <value>0x2000f848</value>
         <object_component_ref idref="oc-fe"/>
      </symbol>
      <symbol id="sm-536">
         <name>__TI_auto_init_nobinit_nopinit</name>
         <value>0x2000e6ad</value>
         <object_component_ref idref="oc-bf"/>
      </symbol>
      <symbol id="sm-53e">
         <name>_system_pre_init</name>
         <value>0x2000f1c5</value>
         <object_component_ref idref="oc-8b"/>
      </symbol>
      <symbol id="sm-545">
         <name>__aeabi_memcpy</name>
         <value>0x2000f1c1</value>
         <object_component_ref idref="oc-3c"/>
      </symbol>
      <symbol id="sm-546">
         <name>__aeabi_memcpy4</name>
         <value>0x2000f1c1</value>
         <object_component_ref idref="oc-3c"/>
      </symbol>
      <symbol id="sm-547">
         <name>__aeabi_memcpy8</name>
         <value>0x2000f1c1</value>
         <object_component_ref idref="oc-3c"/>
      </symbol>
      <symbol id="sm-54d">
         <name>__aeabi_uldivmod</name>
         <value>0x2000efd1</value>
         <object_component_ref idref="oc-1b8"/>
      </symbol>
      <symbol id="sm-553">
         <name>__udivmoddi4</name>
         <value>0x2000d055</value>
         <object_component_ref idref="oc-1fa"/>
      </symbol>
      <symbol id="sm-55d">
         <name>__aeabi_ldiv0</name>
         <value>0x2000dcb7</value>
         <object_component_ref idref="oc-224"/>
      </symbol>
      <symbol id="sm-565">
         <name>TI_memcpy_small</name>
         <value>0x2000f077</value>
         <object_component_ref idref="oc-81"/>
      </symbol>
      <symbol id="sm-566">
         <name>__TI_static_base__</name>
         <value>0x2000fedc</value>
      </symbol>
      <symbol id="sm-569">
         <name>ITM_flush</name>
         <value>0x0</value>
      </symbol>
      <symbol id="sm-56a">
         <name>ITM_restore</name>
         <value>0x0</value>
      </symbol>
      <symbol id="sm-56b">
         <name>__mpu_init</name>
         <value>0x0</value>
      </symbol>
      <symbol id="sm-56c">
         <name>_system_post_cinit</name>
         <value>0x0</value>
      </symbol>
   </symbol_table>
   <title>Link successful</title>
</link_info>
